Archive member included to satisfy reference by file (symbol)

C:/ST/STM32CubeIDE_1.17.0/STM32CubeIDE/plugins/com.st.stm32cube.ide.mcu.externaltools.gnu-tools-for-stm32.12.3.rel1.win32_1.1.0.202410251130/tools/bin/../lib/gcc/arm-none-eabi/12.3.1/../../../../arm-none-eabi/lib/thumb/v7e-m+dp/hard\libc_nano.a(libc_a-exit.o)
                              C:/ST/STM32CubeIDE_1.17.0/STM32CubeIDE/plugins/com.st.stm32cube.ide.mcu.externaltools.gnu-tools-for-stm32.12.3.rel1.win32_1.1.0.202410251130/tools/bin/../lib/gcc/arm-none-eabi/12.3.1/../../../../arm-none-eabi/lib/thumb/v7e-m+dp/hard/crt0.o (exit)
C:/ST/STM32CubeIDE_1.17.0/STM32CubeIDE/plugins/com.st.stm32cube.ide.mcu.externaltools.gnu-tools-for-stm32.12.3.rel1.win32_1.1.0.202410251130/tools/bin/../lib/gcc/arm-none-eabi/12.3.1/../../../../arm-none-eabi/lib/thumb/v7e-m+dp/hard\libc_nano.a(libc_a-findfp.o)
                              C:/ST/STM32CubeIDE_1.17.0/STM32CubeIDE/plugins/com.st.stm32cube.ide.mcu.externaltools.gnu-tools-for-stm32.12.3.rel1.win32_1.1.0.202410251130/tools/bin/../lib/gcc/arm-none-eabi/12.3.1/../../../../arm-none-eabi/lib/thumb/v7e-m+dp/hard\libc_nano.a(libc_a-exit.o) (__stdio_exit_handler)
C:/ST/STM32CubeIDE_1.17.0/STM32CubeIDE/plugins/com.st.stm32cube.ide.mcu.externaltools.gnu-tools-for-stm32.12.3.rel1.win32_1.1.0.202410251130/tools/bin/../lib/gcc/arm-none-eabi/12.3.1/../../../../arm-none-eabi/lib/thumb/v7e-m+dp/hard\libc_nano.a(libc_a-fwalk.o)
                              C:/ST/STM32CubeIDE_1.17.0/STM32CubeIDE/plugins/com.st.stm32cube.ide.mcu.externaltools.gnu-tools-for-stm32.12.3.rel1.win32_1.1.0.202410251130/tools/bin/../lib/gcc/arm-none-eabi/12.3.1/../../../../arm-none-eabi/lib/thumb/v7e-m+dp/hard\libc_nano.a(libc_a-findfp.o) (_fwalk_sglue)
C:/ST/STM32CubeIDE_1.17.0/STM32CubeIDE/plugins/com.st.stm32cube.ide.mcu.externaltools.gnu-tools-for-stm32.12.3.rel1.win32_1.1.0.202410251130/tools/bin/../lib/gcc/arm-none-eabi/12.3.1/../../../../arm-none-eabi/lib/thumb/v7e-m+dp/hard\libc_nano.a(libc_a-printf.o)
                              ./Core/Src/main.o (printf)
C:/ST/STM32CubeIDE_1.17.0/STM32CubeIDE/plugins/com.st.stm32cube.ide.mcu.externaltools.gnu-tools-for-stm32.12.3.rel1.win32_1.1.0.202410251130/tools/bin/../lib/gcc/arm-none-eabi/12.3.1/../../../../arm-none-eabi/lib/thumb/v7e-m+dp/hard\libc_nano.a(libc_a-stdio.o)
                              C:/ST/STM32CubeIDE_1.17.0/STM32CubeIDE/plugins/com.st.stm32cube.ide.mcu.externaltools.gnu-tools-for-stm32.12.3.rel1.win32_1.1.0.202410251130/tools/bin/../lib/gcc/arm-none-eabi/12.3.1/../../../../arm-none-eabi/lib/thumb/v7e-m+dp/hard\libc_nano.a(libc_a-findfp.o) (__sread)
C:/ST/STM32CubeIDE_1.17.0/STM32CubeIDE/plugins/com.st.stm32cube.ide.mcu.externaltools.gnu-tools-for-stm32.12.3.rel1.win32_1.1.0.202410251130/tools/bin/../lib/gcc/arm-none-eabi/12.3.1/../../../../arm-none-eabi/lib/thumb/v7e-m+dp/hard\libc_nano.a(libc_a-memset.o)
                              C:/ST/STM32CubeIDE_1.17.0/STM32CubeIDE/plugins/com.st.stm32cube.ide.mcu.externaltools.gnu-tools-for-stm32.12.3.rel1.win32_1.1.0.202410251130/tools/bin/../lib/gcc/arm-none-eabi/12.3.1/../../../../arm-none-eabi/lib/thumb/v7e-m+dp/hard/crt0.o (memset)
C:/ST/STM32CubeIDE_1.17.0/STM32CubeIDE/plugins/com.st.stm32cube.ide.mcu.externaltools.gnu-tools-for-stm32.12.3.rel1.win32_1.1.0.202410251130/tools/bin/../lib/gcc/arm-none-eabi/12.3.1/../../../../arm-none-eabi/lib/thumb/v7e-m+dp/hard\libc_nano.a(libc_a-closer.o)
                              C:/ST/STM32CubeIDE_1.17.0/STM32CubeIDE/plugins/com.st.stm32cube.ide.mcu.externaltools.gnu-tools-for-stm32.12.3.rel1.win32_1.1.0.202410251130/tools/bin/../lib/gcc/arm-none-eabi/12.3.1/../../../../arm-none-eabi/lib/thumb/v7e-m+dp/hard\libc_nano.a(libc_a-stdio.o) (_close_r)
C:/ST/STM32CubeIDE_1.17.0/STM32CubeIDE/plugins/com.st.stm32cube.ide.mcu.externaltools.gnu-tools-for-stm32.12.3.rel1.win32_1.1.0.202410251130/tools/bin/../lib/gcc/arm-none-eabi/12.3.1/../../../../arm-none-eabi/lib/thumb/v7e-m+dp/hard\libc_nano.a(libc_a-reent.o)
                              C:/ST/STM32CubeIDE_1.17.0/STM32CubeIDE/plugins/com.st.stm32cube.ide.mcu.externaltools.gnu-tools-for-stm32.12.3.rel1.win32_1.1.0.202410251130/tools/bin/../lib/gcc/arm-none-eabi/12.3.1/../../../../arm-none-eabi/lib/thumb/v7e-m+dp/hard\libc_nano.a(libc_a-closer.o) (errno)
C:/ST/STM32CubeIDE_1.17.0/STM32CubeIDE/plugins/com.st.stm32cube.ide.mcu.externaltools.gnu-tools-for-stm32.12.3.rel1.win32_1.1.0.202410251130/tools/bin/../lib/gcc/arm-none-eabi/12.3.1/../../../../arm-none-eabi/lib/thumb/v7e-m+dp/hard\libc_nano.a(libc_a-impure.o)
                              C:/ST/STM32CubeIDE_1.17.0/STM32CubeIDE/plugins/com.st.stm32cube.ide.mcu.externaltools.gnu-tools-for-stm32.12.3.rel1.win32_1.1.0.202410251130/tools/bin/../lib/gcc/arm-none-eabi/12.3.1/../../../../arm-none-eabi/lib/thumb/v7e-m+dp/hard\libc_nano.a(libc_a-printf.o) (_impure_ptr)
[...]
Memory Configuration

Name             Origin             Length             Attributes
ITCMRAM          0x00000000         0x00010000         xrw
FLASH            0x08000000         0x00200000         xr
DTCMRAM1         0x20000000         0x00010000         xrw
DTCMRAM2         0x20010000         0x00010000         xrw
RAM              0x24000000         0x00100000         xrw
RAM_CD           0x30000000         0x00020000         xrw
RAM_SRD          0x38000000         0x00008000         xrw
*default*        0x00000000         0xffffffff

Linker script and memory map

LOAD C:/ST/STM32CubeIDE_1.17.0/STM32CubeIDE/plugins/com.st.stm32cube.ide.mcu.externaltools.gnu-tools-for-stm32.12.3.rel1.win32_1.1.0.202410251130/tools/bin/../lib/gcc/arm-none-eabi/12.3.1/thumb/v7e-m+dp/hard/crti.o
LOAD C:/ST/STM32CubeIDE_1.17.0/STM32CubeIDE/plugins/com.st.stm32cube.ide.mcu.externaltools.gnu-tools-for-stm32.12.3.rel1.win32_1.1.0.202410251130/tools/bin/../lib/gcc/arm-none-eabi/12.3.1/thumb/v7e-m+dp/hard/crtbegin.o
LOAD C:/ST/STM32CubeIDE_1.17.0/STM32CubeIDE/plugins/com.st.stm32cube.ide.mcu.externaltools.gnu-tools-for-stm32.12.3.rel1.win32_1.1.0.202410251130/tools/bin/../lib/gcc/arm-none-eabi/12.3.1/../../../../arm-none-eabi/lib/thumb/v7e-m+dp/hard/crt0.o
LOAD ./Core/Src/circularbuffer.o
LOAD ./Core/Src/led_blink.pb.o
LOAD ./Core/Src/main.o
LOAD ./Core/Src/pb_common.o
LOAD ./Core/Src/pb_decode.o
LOAD ./Core/Src/pb_encode.o
LOAD ./Core/Src/stm32h7xx_hal_msp.o
LOAD ./Core/Src/stm32h7xx_it.o
LOAD ./Core/Src/syscalls.o
LOAD ./Core/Src/sysmem.o
LOAD ./Core/Src/system_stm32h7xx.o
LOAD ./Core/Startup/startup_stm32h7a3zitxq.o
LOAD ./Drivers/STM32H7xx_HAL_Driver/Src/stm32h7xx_hal.o
LOAD ./Drivers/STM32H7xx_HAL_Driver/Src/stm32h7xx_hal_cortex.o
LOAD ./Drivers/STM32H7xx_HAL_Driver/Src/stm32h7xx_hal_dma.o
LOAD ./Drivers/STM32H7xx_HAL_Driver/Src/stm32h7xx_hal_dma_ex.o
LOAD ./Drivers/STM32H7xx_HAL_Driver/Src/stm32h7xx_hal_exti.o
LOAD ./Drivers/STM32H7xx_HAL_Driver/Src/stm32h7xx_hal_flash.o
LOAD ./Drivers/STM32H7xx_HAL_Driver/Src/stm32h7xx_hal_flash_ex.o
LOAD ./Drivers/STM32H7xx_HAL_Driver/Src/stm32h7xx_hal_gpio.o
LOAD ./Drivers/STM32H7xx_HAL_Driver/Src/stm32h7xx_hal_hsem.o
LOAD ./Drivers/STM32H7xx_HAL_Driver/Src/stm32h7xx_hal_i2c.o
LOAD ./Drivers/STM32H7xx_HAL_Driver/Src/stm32h7xx_hal_i2c_ex.o
LOAD ./Drivers/STM32H7xx_HAL_Driver/Src/stm32h7xx_hal_mdma.o
LOAD ./Drivers/STM32H7xx_HAL_Driver/Src/stm32h7xx_hal_pwr.o
LOAD ./Drivers/STM32H7xx_HAL_Driver/Src/stm32h7xx_hal_pwr_ex.o
LOAD ./Drivers/STM32H7xx_HAL_Driver/Src/stm32h7xx_hal_rcc.o
LOAD ./Drivers/STM32H7xx_HAL_Driver/Src/stm32h7xx_hal_rcc_ex.o
LOAD ./Drivers/STM32H7xx_HAL_Driver/Src/stm32h7xx_hal_uart.o
LOAD ./Drivers/STM32H7xx_HAL_Driver/Src/stm32h7xx_hal_uart_ex.o
START GROUP
LOAD C:/ST/STM32CubeIDE_1.17.0/STM32CubeIDE/plugins/com.st.stm32cube.ide.mcu.externaltools.gnu-tools-for-stm32.12.3.rel1.win32_1.1.0.202410251130/tools/bin/../lib/gcc/arm-none-eabi/12.3.1/../../../../arm-none-eabi/lib/thumb/v7e-m+dp/hard\libc_nano.a
LOAD C:/ST/STM32CubeIDE_1.17.0/STM32CubeIDE/plugins/com.st.stm32cube.ide.mcu.externaltools.gnu-tools-for-stm32.12.3.rel1.win32_1.1.0.202410251130/tools/bin/../lib/gcc/arm-none-eabi/12.3.1/../../../../arm-none-eabi/lib/thumb/v7e-m+dp/hard\libm.a
END GROUP
START GROUP
LOAD C:/ST/STM32CubeIDE_1.17.0/STM32CubeIDE/plugins/com.st.stm32cube.ide.mcu.externaltools.gnu-tools-for-stm32.12.3.rel1.win32_1.1.0.202410251130/tools/bin/../lib/gcc/arm-none-eabi/12.3.1/thumb/v7e-m+dp/hard\libgcc.a
LOAD C:/ST/STM32CubeIDE_1.17.0/STM32CubeIDE/plugins/com.st.stm32cube.ide.mcu.externaltools.gnu-tools-for-stm32.12.3.rel1.win32_1.1.0.202410251130/tools/bin/../lib/gcc/arm-none-eabi/12.3.1/../../../../arm-none-eabi/lib/thumb/v7e-m+dp/hard\libc_nano.a
END GROUP
START GROUP
LOAD C:/ST/STM32CubeIDE_1.17.0/STM32CubeIDE/plugins/com.st.stm32cube.ide.mcu.externaltools.gnu-tools-for-stm32.12.3.rel1.win32_1.1.0.202410251130/tools/bin/../lib/gcc/arm-none-eabi/12.3.1/thumb/v7e-m+dp/hard\libgcc.a
LOAD C:/ST/STM32CubeIDE_1.17.0/STM32CubeIDE/plugins/com.st.stm32cube.ide.mcu.externaltools.gnu-tools-for-stm32.12.3.rel1.win32_1.1.0.202410251130/tools/bin/../lib/gcc/arm-none-eabi/12.3.1/../../../../arm-none-eabi/lib/thumb/v7e-m+dp/hard\libc_nano.a
LOAD C:/ST/STM32CubeIDE_1.17.0/STM32CubeIDE/plugins/com.st.stm32cube.ide.mcu.externaltools.gnu-tools-for-stm32.12.3.rel1.win32_1.1.0.202410251130/tools/bin/../lib/gcc/arm-none-eabi/12.3.1/../../../../arm-none-eabi/lib/thumb/v7e-m+dp/hard\libnosys.a
END GROUP
START GROUP
LOAD C:/ST/STM32CubeIDE_1.17.0/STM32CubeIDE/plugins/com.st.stm32cube.ide.mcu.externaltools.gnu-tools-for-stm32.12.3.rel1.win32_1.1.0.202410251130/tools/bin/../lib/gcc/arm-none-eabi/12.3.1/thumb/v7e-m+dp/hard\libgcc.a
LOAD C:/ST/STM32CubeIDE_1.17.0/STM32CubeIDE/plugins/com.st.stm32cube.ide.mcu.externaltools.gnu-tools-for-stm32.12.3.rel1.win32_1.1.0.202410251130/tools/bin/../lib/gcc/arm-none-eabi/12.3.1/../../../../arm-none-eabi/lib/thumb/v7e-m+dp/hard\libc_nano.a
LOAD C:/ST/STM32CubeIDE_1.17.0/STM32CubeIDE/plugins/com.st.stm32cube.ide.mcu.externaltools.gnu-tools-for-stm32.12.3.rel1.win32_1.1.0.202410251130/tools/bin/../lib/gcc/arm-none-eabi/12.3.1/../../../../arm-none-eabi/lib/thumb/v7e-m+dp/hard\libnosys.a
END GROUP
LOAD C:/ST/STM32CubeIDE_1.17.0/STM32CubeIDE/plugins/com.st.stm32cube.ide.mcu.externaltools.gnu-tools-for-stm32.12.3.rel1.win32_1.1.0.202410251130/tools/bin/../lib/gcc/arm-none-eabi/12.3.1/thumb/v7e-m+dp/hard/crtend.o
LOAD C:/ST/STM32CubeIDE_1.17.0/STM32CubeIDE/plugins/com.st.stm32cube.ide.mcu.externaltools.gnu-tools-for-stm32.12.3.rel1.win32_1.1.0.202410251130/tools/bin/../lib/gcc/arm-none-eabi/12.3.1/thumb/v7e-m+dp/hard/crtn.o
                0x24100000                        _estack = (ORIGIN (RAM) + LENGTH (RAM))
                0x00000200                        _Min_Heap_Size = 0x200
                0x00000400                        _Min_Stack_Size = 0x400

.isr_vector     0x08000000      0x2ac
                0x08000000                        . = ALIGN (0x4)
 *(.isr_vector)
 .isr_vector    0x08000000      0x2ac ./Core/Startup/startup_stm32h7a3zitxq.o
                0x08000000                g_pfnVectors
                0x080002ac                        . = ALIGN (0x4)

.text           0x080002b0     0xa744
                0x080002b0                        . = ALIGN (0x4)
 *(.text)
 .text          0x080002b0       0x40 C:/ST/STM32CubeIDE_1.17.0/STM32CubeIDE/plugins/com.st.stm32cube.ide.mcu.externaltools.gnu-tools-for-stm32.12.3.rel1.win32_1.1.0.202410251130/tools/bin/../lib/gcc/arm-none-eabi/12.3.1/thumb/v7e-m+dp/hard/crtbegin.o
 .text          0x080002f0       0xa0 C:/ST/STM32CubeIDE_1.17.0/STM32CubeIDE/plugins/com.st.stm32cube.ide.mcu.externaltools.gnu-tools-for-stm32.12.3.rel1.win32_1.1.0.202410251130/tools/bin/../lib/gcc/arm-none-eabi/12.3.1/../../../../arm-none-eabi/lib/thumb/v7e-m+dp/hard\libc_nano.a(libc_a-memchr.o)
                0x080002f0                memchr
 .text          0x08000390       0x30 C:/ST/STM32CubeIDE_1.17.0/STM32CubeIDE/plugins/com.st.stm32cube.ide.mcu.externaltools.gnu-tools-for-stm32.12.3.rel1.win32_1.1.0.202410251130/tools/bin/../lib/gcc/arm-none-eabi/12.3.1/thumb/v7e-m+dp/hard\libgcc.a(_aeabi_uldivmod.o)
                0x08000390                __aeabi_uldivmod
 .text          0x080003c0      0x2bc C:/ST/STM32CubeIDE_1.17.0/STM32CubeIDE/plugins/com.st.stm32cube.ide.mcu.externaltools.gnu-tools-for-stm32.12.3.rel1.win32_1.1.0.202410251130/tools/bin/../lib/gcc/arm-none-eabi/12.3.1/thumb/v7e-m+dp/hard\libgcc.a(_udivmoddi4.o)
                0x080003c0                __udivmoddi4
 .text          0x0800067c        0x4 C:/ST/STM32CubeIDE_1.17.0/STM32CubeIDE/plugins/com.st.stm32cube.ide.mcu.externaltools.gnu-tools-for-stm32.12.3.rel1.win32_1.1.0.202410251130/tools/bin/../lib/gcc/arm-none-eabi/12.3.1/thumb/v7e-m+dp/hard\libgcc.a(_dvmd_tls.o)
                0x0800067c                __aeabi_idiv0
                0x0800067c                __aeabi_ldiv0
 *(.text*)
 .text.getdata_frombuffer
                0x08000680       0xbc ./Core/Src/circularbuffer.o
                0x08000680                getdata_frombuffer
 .text.writedata_tobuffer
                0x0800073c       0xa0 ./Core/Src/circularbuffer.o
                0x0800073c                writedata_tobuffer
 .text.__io_putchar
                0x080007dc       0x24 ./Core/Src/main.o
                0x080007dc                __io_putchar
 .text.decode_and_execute
                0x08000800       0x88 ./Core/Src/main.o
                0x08000800                decode_and_execute
 .text.HAL_UART_RxCpltCallback
                0x08000888       0x98 ./Core/Src/main.o
                0x08000888                HAL_UART_RxCpltCallback
 .text.main     0x08000920       0x64 ./Core/Src/main.o
                0x08000920                main
 .text.SystemClock_Config
                0x08000984       0xe8 ./Core/Src/main.o
                0x08000984                SystemClock_Config
 .text.MX_USART3_UART_Init
                0x08000a6c       0x98 ./Core/Src/main.o
 .text.MX_GPIO_Init
                0x08000b04      0x130 ./Core/Src/main.o
 .text.MPU_Config
                0x08000c34       0x58 ./Core/Src/main.o
 .text.Error_Handler
                0x08000c8c        0xc ./Core/Src/main.o
                0x08000c8c                Error_Handler
 .text.load_descriptor_values
                0x08000c98      0x2d4 ./Core/Src/pb_common.o
 .text.advance_iterator
                0x08000f6c       0xc0 ./Core/Src/pb_common.o
 .text.pb_field_iter_begin
                0x0800102c       0x32 ./Core/Src/pb_common.o
                0x0800102c                pb_field_iter_begin
 .text.pb_field_iter_begin_extension
                0x0800105e       0x60 ./Core/Src/pb_common.o
                0x0800105e                pb_field_iter_begin_extension
 .text.pb_field_iter_next
                0x080010be       0x2a ./Core/Src/pb_common.o
                0x080010be                pb_field_iter_next
 .text.pb_field_iter_find
                0x080010e8       0xac ./Core/Src/pb_common.o
                0x080010e8                pb_field_iter_find
 .text.pb_field_iter_find_extension
                0x08001194       0x66 ./Core/Src/pb_common.o
                0x08001194                pb_field_iter_find_extension
 .text.buf_read
                0x080011fa       0x38 ./Core/Src/pb_decode.o
 *fill*         0x08001232        0x2 
 .text.pb_read  0x08001234       0xec ./Core/Src/pb_decode.o
                0x08001234                pb_read
 .text.pb_readbyte
                0x08001320       0x78 ./Core/Src/pb_decode.o
 .text.pb_istream_from_buffer
                0x08001398       0x3c ./Core/Src/pb_decode.o
                0x08001398                pb_istream_from_buffer
 .text.pb_decode_varint32_eof
                0x080013d4      0x154 ./Core/Src/pb_decode.o
 .text.pb_decode_varint32
                0x08001528       0x1e ./Core/Src/pb_decode.o
                0x08001528                pb_decode_varint32
 *fill*         0x08001546        0x2 
 .text.pb_decode_varint
                0x08001548       0xcc ./Core/Src/pb_decode.o
                0x08001548                pb_decode_varint
 .text.pb_skip_varint
                0x08001614       0x38 ./Core/Src/pb_decode.o
 .text.pb_skip_string
                0x0800164c       0x3a ./Core/Src/pb_decode.o
 .text.pb_decode_tag
                0x08001686       0x5e ./Core/Src/pb_decode.o
                0x08001686                pb_decode_tag
 .text.pb_skip_field
                0x080016e4       0x84 ./Core/Src/pb_decode.o
                0x080016e4                pb_skip_field
 .text.read_raw_value
                0x08001768       0xd8 ./Core/Src/pb_decode.o
 .text.pb_make_string_substream
                0x08001840       0x74 ./Core/Src/pb_decode.o
                0x08001840                pb_make_string_substream
 .text.pb_close_string_substream
                0x080018b4       0x4a ./Core/Src/pb_decode.o
                0x080018b4                pb_close_string_substream
 *fill*         0x080018fe        0x2 
 .text.decode_basic_field
                0x08001900      0x1ec ./Core/Src/pb_decode.o
 .text.decode_static_field
                0x08001aec      0x280 ./Core/Src/pb_decode.o
 .text.decode_pointer_field
                0x08001d6c       0x34 ./Core/Src/pb_decode.o
 .text.decode_callback_field
                0x08001da0      0x114 ./Core/Src/pb_decode.o
 .text.decode_field
                0x08001eb4       0x7c ./Core/Src/pb_decode.o
 .text.default_extension_decoder
                0x08001f30       0x74 ./Core/Src/pb_decode.o
 .text.decode_extension
                0x08001fa4       0x78 ./Core/Src/pb_decode.o
 .text.pb_field_set_to_default
                0x0800201c      0x182 ./Core/Src/pb_decode.o
 .text.pb_message_set_to_defaults
                0x0800219e       0xfa ./Core/Src/pb_decode.o
 .text.pb_decode_inner
                0x08002298      0x374 ./Core/Src/pb_decode.o
 .text.pb_decode
                0x0800260c       0x26 ./Core/Src/pb_decode.o
                0x0800260c                pb_decode
 .text.pb_decode_bool
                0x08002632       0x40 ./Core/Src/pb_decode.o
                0x08002632                pb_decode_bool
 .text.pb_decode_svarint
                0x08002672       0x86 ./Core/Src/pb_decode.o
                0x08002672                pb_decode_svarint
 .text.pb_decode_fixed32
                0x080026f8       0x38 ./Core/Src/pb_decode.o
                0x080026f8                pb_decode_fixed32
 .text.pb_decode_fixed64
                0x08002730       0x3c ./Core/Src/pb_decode.o
                0x08002730                pb_decode_fixed64
 .text.pb_dec_bool
                0x0800276c       0x20 ./Core/Src/pb_decode.o
 .text.pb_dec_varint
                0x0800278c      0x258 ./Core/Src/pb_decode.o
 .text.pb_dec_bytes
                0x080029e4       0xe8 ./Core/Src/pb_decode.o
 .text.pb_dec_string
                0x08002acc       0xf8 ./Core/Src/pb_decode.o
 .text.pb_dec_submessage
                0x08002bc4      0x114 ./Core/Src/pb_decode.o
 .text.pb_dec_fixed_length_bytes
                0x08002cd8       0xa8 ./Core/Src/pb_decode.o
 .text.HAL_MspInit
                0x08002d80       0x34 ./Core/Src/stm32h7xx_hal_msp.o
                0x08002d80                HAL_MspInit
 .text.HAL_UART_MspInit
                0x08002db4       0xe4 ./Core/Src/stm32h7xx_hal_msp.o
                0x08002db4                HAL_UART_MspInit
 .text.NMI_Handler
                0x08002e98        0x8 ./Core/Src/stm32h7xx_it.o
                0x08002e98                NMI_Handler
 .text.HardFault_Handler
                0x08002ea0        0x8 ./Core/Src/stm32h7xx_it.o
                0x08002ea0                HardFault_Handler
 .text.MemManage_Handler
                0x08002ea8        0x8 ./Core/Src/stm32h7xx_it.o
                0x08002ea8                MemManage_Handler
 .text.BusFault_Handler
                0x08002eb0        0x8 ./Core/Src/stm32h7xx_it.o
                0x08002eb0                BusFault_Handler
 .text.UsageFault_Handler
                0x08002eb8        0x8 ./Core/Src/stm32h7xx_it.o
                0x08002eb8                UsageFault_Handler
 .text.SVC_Handler
                0x08002ec0        0xe ./Core/Src/stm32h7xx_it.o
                0x08002ec0                SVC_Handler
 .text.DebugMon_Handler
                0x08002ece        0xe ./Core/Src/stm32h7xx_it.o
                0x08002ece                DebugMon_Handler
 .text.PendSV_Handler
                0x08002edc        0xe ./Core/Src/stm32h7xx_it.o
                0x08002edc                PendSV_Handler
 .text.SysTick_Handler
                0x08002eea        0xc ./Core/Src/stm32h7xx_it.o
                0x08002eea                SysTick_Handler
 *fill*         0x08002ef6        0x2 
 .text.USART3_IRQHandler
                0x08002ef8       0x14 ./Core/Src/stm32h7xx_it.o
                0x08002ef8                USART3_IRQHandler
 .text._read    0x08002f0c       0x3a ./Core/Src/syscalls.o
                0x08002f0c                _read
 .text._write   0x08002f46       0x38 ./Core/Src/syscalls.o
                0x08002f46                _write
 .text._close   0x08002f7e       0x18 ./Core/Src/syscalls.o
                0x08002f7e                _close
 .text._fstat   0x08002f96       0x20 ./Core/Src/syscalls.o
                0x08002f96                _fstat
 .text._isatty  0x08002fb6       0x16 ./Core/Src/syscalls.o
                0x08002fb6                _isatty
 .text._lseek   0x08002fcc       0x1a ./Core/Src/syscalls.o
                0x08002fcc                _lseek
 *fill*         0x08002fe6        0x2 
 .text._sbrk    0x08002fe8       0x6c ./Core/Src/sysmem.o
                0x08002fe8                _sbrk
 .text.SystemInit
                0x08003054      0x120 ./Core/Src/system_stm32h7xx.o
                0x08003054                SystemInit
 .text.ExitRun0Mode
                0x08003174       0x30 ./Core/Src/system_stm32h7xx.o
                0x08003174                ExitRun0Mode
 .text.Reset_Handler
                0x080031a4       0x54 ./Core/Startup/startup_stm32h7a3zitxq.o
                0x080031a4                Reset_Handler
 .text.Default_Handler
                0x080031f8        0x2 ./Core/Startup/startup_stm32h7a3zitxq.o
                0x080031f8                RTC_Alarm_IRQHandler
                0x080031f8                EXTI2_IRQHandler
                0x080031f8                TIM8_CC_IRQHandler
                0x080031f8                UART8_IRQHandler
                0x080031f8                BDMA2_Channel1_IRQHandler
                0x080031f8                SPI4_IRQHandler
                0x080031f8                BDMA2_Channel0_IRQHandler
                0x080031f8                TIM1_CC_IRQHandler
                0x080031f8                DMA2_Stream5_IRQHandler
                0x080031f8                JPEG_IRQHandler
                0x080031f8                DMA1_Stream5_IRQHandler
                0x080031f8                EXTI3_IRQHandler
                0x080031f8                LPTIM4_IRQHandler
                0x080031f8                TIM8_TRG_COM_TIM14_IRQHandler
                0x080031f8                LPTIM2_IRQHandler
                0x080031f8                DFSDM1_FLT1_IRQHandler
                0x080031f8                DMAMUX2_OVR_IRQHandler
                0x080031f8                GFXMMU_IRQHandler
                0x080031f8                TIM8_UP_TIM13_IRQHandler
                0x080031f8                I2C3_ER_IRQHandler
                0x080031f8                DFSDM1_FLT2_IRQHandler
                0x080031f8                USART10_IRQHandler
                0x080031f8                MDMA_IRQHandler
                0x080031f8                LPTIM3_IRQHandler
                0x080031f8                BDMA2_Channel3_IRQHandler
                0x080031f8                HSEM1_IRQHandler
                0x080031f8                EXTI0_IRQHandler
                0x080031f8                I2C2_EV_IRQHandler
                0x080031f8                DAC2_IRQHandler
                0x080031f8                DMA1_Stream2_IRQHandler
                0x080031f8                FPU_IRQHandler
                0x080031f8                OTG_HS_WKUP_IRQHandler
                0x080031f8                FDCAN1_IT1_IRQHandler
                0x080031f8                LTDC_ER_IRQHandler
                0x080031f8                DMA2_Stream2_IRQHandler
                0x080031f8                SPI1_IRQHandler
                0x080031f8                OCTOSPI1_IRQHandler
                0x080031f8                TIM6_DAC_IRQHandler
                0x080031f8                BDMA2_Channel6_IRQHandler
                0x080031f8                DMA2_Stream3_IRQHandler
                0x080031f8                OCTOSPI2_IRQHandler
                0x080031f8                SAI2_IRQHandler
                0x080031f8                BDMA1_IRQHandler
                0x080031f8                DFSDM1_FLT3_IRQHandler
                0x080031f8                USART6_IRQHandler
                0x080031f8                TIM17_IRQHandler
                0x080031f8                LPTIM5_IRQHandler
                0x080031f8                UART5_IRQHandler
                0x080031f8                DMA2_Stream0_IRQHandler
                0x080031f8                TIM4_IRQHandler
                0x080031f8                I2C1_EV_IRQHandler
                0x080031f8                DMA1_Stream6_IRQHandler
                0x080031f8                DMAMUX1_OVR_IRQHandler
                0x080031f8                DMA1_Stream1_IRQHandler
                0x080031f8                TIM16_IRQHandler
                0x080031f8                UART4_IRQHandler
                0x080031f8                TIM3_IRQHandler
                0x080031f8                RCC_IRQHandler
                0x080031f8                UART9_IRQHandler
                0x080031f8                TIM8_BRK_TIM12_IRQHandler
                0x080031f8                TIM1_TRG_COM_IRQHandler
                0x080031f8                Default_Handler
                0x080031f8                ECC_IRQHandler
                0x080031f8                BDMA2_Channel2_IRQHandler
                0x080031f8                CEC_IRQHandler
                0x080031f8                EXTI15_10_IRQHandler
                0x080031f8                DFSDM1_FLT4_IRQHandler
                0x080031f8                ADC_IRQHandler
                0x080031f8                DMA1_Stream7_IRQHandler
                0x080031f8                SPI5_IRQHandler
                0x080031f8                TIM7_IRQHandler
                0x080031f8                SDMMC1_IRQHandler
                0x080031f8                TIM5_IRQHandler
                0x080031f8                DMA2_Stream7_IRQHandler
                0x080031f8                TIM15_IRQHandler
                0x080031f8                I2C3_EV_IRQHandler
                0x080031f8                DFSDM2_IRQHandler
                0x080031f8                EXTI9_5_IRQHandler
                0x080031f8                RTC_WKUP_IRQHandler
                0x080031f8                LTDC_IRQHandler
                0x080031f8                SPDIF_RX_IRQHandler
                0x080031f8                PVD_PVM_IRQHandler
                0x080031f8                SPI2_IRQHandler
                0x080031f8                OTG_HS_EP1_IN_IRQHandler
                0x080031f8                DFSDM1_FLT5_IRQHandler
                0x080031f8                DMA1_Stream0_IRQHandler
                0x080031f8                CRS_IRQHandler
                0x080031f8                EXTI4_IRQHandler
                0x080031f8                DFSDM1_FLT6_IRQHandler
                0x080031f8                RNG_IRQHandler
                0x080031f8                FDCAN2_IT1_IRQHandler
                0x080031f8                COMP_IRQHandler
                0x080031f8                TIM1_UP_IRQHandler
                0x080031f8                OTG_HS_EP1_OUT_IRQHandler
                0x080031f8                WWDG_IRQHandler
                0x080031f8                SPI6_IRQHandler
                0x080031f8                MDIOS_IRQHandler
                0x080031f8                I2C4_EV_IRQHandler
                0x080031f8                FDCAN2_IT0_IRQHandler
                0x080031f8                LPUART1_IRQHandler
                0x080031f8                FDCAN1_IT0_IRQHandler
                0x080031f8                TIM2_IRQHandler
                0x080031f8                BDMA2_Channel5_IRQHandler
                0x080031f8                OTG_HS_IRQHandler
                0x080031f8                DMA2D_IRQHandler
                0x080031f8                TIM1_BRK_IRQHandler
                0x080031f8                EXTI1_IRQHandler
                0x080031f8                SDMMC2_IRQHandler
                0x080031f8                DTS_IRQHandler
                0x080031f8                UART7_IRQHandler
                0x080031f8                MDIOS_WKUP_IRQHandler
                0x080031f8                USART2_IRQHandler
                0x080031f8                DFSDM1_FLT0_IRQHandler
                0x080031f8                I2C2_ER_IRQHandler
                0x080031f8                DMA2_Stream1_IRQHandler
                0x080031f8                DFSDM1_FLT7_IRQHandler
                0x080031f8                FLASH_IRQHandler
                0x080031f8                DMA2_Stream4_IRQHandler
                0x080031f8                USART1_IRQHandler
                0x080031f8                SPI3_IRQHandler
                0x080031f8                WAKEUP_PIN_IRQHandler
                0x080031f8                DMA1_Stream4_IRQHandler
                0x080031f8                I2C1_ER_IRQHandler
                0x080031f8                FMC_IRQHandler
                0x080031f8                BDMA2_Channel7_IRQHandler
                0x080031f8                FDCAN_CAL_IRQHandler
                0x080031f8                SWPMI1_IRQHandler
                0x080031f8                LPTIM1_IRQHandler
                0x080031f8                DCMI_PSSI_IRQHandler
                0x080031f8                I2C4_ER_IRQHandler
                0x080031f8                DMA2_Stream6_IRQHandler
                0x080031f8                SAI1_IRQHandler
                0x080031f8                DMA1_Stream3_IRQHandler
                0x080031f8                RTC_TAMP_STAMP_CSS_LSE_IRQHandler
                0x080031f8                BDMA2_Channel4_IRQHandler
 *fill*         0x080031fa        0x2 
 .text.HAL_Init
                0x080031fc       0x78 ./Drivers/STM32H7xx_HAL_Driver/Src/stm32h7xx_hal.o
                0x080031fc                HAL_Init
 .text.HAL_InitTick
                0x08003274       0x6c ./Drivers/STM32H7xx_HAL_Driver/Src/stm32h7xx_hal.o
                0x08003274                HAL_InitTick
 .text.HAL_IncTick
                0x080032e0       0x28 ./Drivers/STM32H7xx_HAL_Driver/Src/stm32h7xx_hal.o
                0x080032e0                HAL_IncTick
 .text.HAL_GetTick
                0x08003308       0x18 ./Drivers/STM32H7xx_HAL_Driver/Src/stm32h7xx_hal.o
                0x08003308                HAL_GetTick
 .text.HAL_Delay
                0x08003320       0x48 ./Drivers/STM32H7xx_HAL_Driver/Src/stm32h7xx_hal.o
                0x08003320                HAL_Delay
 .text.__NVIC_SetPriorityGrouping
                0x08003368       0x48 ./Drivers/STM32H7xx_HAL_Driver/Src/stm32h7xx_hal_cortex.o
 .text.__NVIC_GetPriorityGrouping
                0x080033b0       0x1c ./Drivers/STM32H7xx_HAL_Driver/Src/stm32h7xx_hal_cortex.o
 .text.__NVIC_EnableIRQ
                0x080033cc       0x3c ./Drivers/STM32H7xx_HAL_Driver/Src/stm32h7xx_hal_cortex.o
 .text.__NVIC_SetPriority
                0x08003408       0x54 ./Drivers/STM32H7xx_HAL_Driver/Src/stm32h7xx_hal_cortex.o
 .text.NVIC_EncodePriority
                0x0800345c       0x66 ./Drivers/STM32H7xx_HAL_Driver/Src/stm32h7xx_hal_cortex.o
 *fill*         0x080034c2        0x2 
 .text.SysTick_Config
                0x080034c4       0x44 ./Drivers/STM32H7xx_HAL_Driver/Src/stm32h7xx_hal_cortex.o
 .text.HAL_NVIC_SetPriorityGrouping
                0x08003508       0x16 ./Drivers/STM32H7xx_HAL_Driver/Src/stm32h7xx_hal_cortex.o
                0x08003508                HAL_NVIC_SetPriorityGrouping
 .text.HAL_NVIC_SetPriority
                0x0800351e       0x34 ./Drivers/STM32H7xx_HAL_Driver/Src/stm32h7xx_hal_cortex.o
                0x0800351e                HAL_NVIC_SetPriority
 .text.HAL_NVIC_EnableIRQ
                0x08003552       0x1c ./Drivers/STM32H7xx_HAL_Driver/Src/stm32h7xx_hal_cortex.o
                0x08003552                HAL_NVIC_EnableIRQ
 .text.HAL_SYSTICK_Config
                0x0800356e       0x18 ./Drivers/STM32H7xx_HAL_Driver/Src/stm32h7xx_hal_cortex.o
                0x0800356e                HAL_SYSTICK_Config
 *fill*         0x08003586        0x2 
 .text.HAL_MPU_Disable
                0x08003588       0x30 ./Drivers/STM32H7xx_HAL_Driver/Src/stm32h7xx_hal_cortex.o
                0x08003588                HAL_MPU_Disable
 .text.HAL_MPU_Enable
                0x080035b8       0x40 ./Drivers/STM32H7xx_HAL_Driver/Src/stm32h7xx_hal_cortex.o
                0x080035b8                HAL_MPU_Enable
 .text.HAL_MPU_ConfigRegion
                0x080035f8       0x80 ./Drivers/STM32H7xx_HAL_Driver/Src/stm32h7xx_hal_cortex.o
                0x080035f8                HAL_MPU_ConfigRegion
 .text.HAL_DMA_Abort
                0x08003678      0x63c ./Drivers/STM32H7xx_HAL_Driver/Src/stm32h7xx_hal_dma.o
                0x08003678                HAL_DMA_Abort
 .text.HAL_DMA_Abort_IT
                0x08003cb4      0x48c ./Drivers/STM32H7xx_HAL_Driver/Src/stm32h7xx_hal_dma.o
                0x08003cb4                HAL_DMA_Abort_IT
 .text.HAL_GPIO_Init
                0x08004140      0x360 ./Drivers/STM32H7xx_HAL_Driver/Src/stm32h7xx_hal_gpio.o
                0x08004140                HAL_GPIO_Init
 .text.HAL_GPIO_WritePin
                0x080044a0       0x32 ./Drivers/STM32H7xx_HAL_Driver/Src/stm32h7xx_hal_gpio.o
                0x080044a0                HAL_GPIO_WritePin
 *fill*         0x080044d2        0x2 
 .text.HAL_PWREx_ConfigSupply
                0x080044d4       0xb4 ./Drivers/STM32H7xx_HAL_Driver/Src/stm32h7xx_hal_pwr_ex.o
                0x080044d4                HAL_PWREx_ConfigSupply
 .text.HAL_RCC_OscConfig
                0x08004588      0x864 ./Drivers/STM32H7xx_HAL_Driver/Src/stm32h7xx_hal_rcc.o
                0x08004588                HAL_RCC_OscConfig
 .text.HAL_RCC_ClockConfig
                0x08004dec      0x36c ./Drivers/STM32H7xx_HAL_Driver/Src/stm32h7xx_hal_rcc.o
                0x08004dec                HAL_RCC_ClockConfig
 .text.HAL_RCC_GetSysClockFreq
                0x08005158      0x2f4 ./Drivers/STM32H7xx_HAL_Driver/Src/stm32h7xx_hal_rcc.o
                0x08005158                HAL_RCC_GetSysClockFreq
 .text.HAL_RCC_GetHCLKFreq
                0x0800544c       0x60 ./Drivers/STM32H7xx_HAL_Driver/Src/stm32h7xx_hal_rcc.o
                0x0800544c                HAL_RCC_GetHCLKFreq
 .text.HAL_RCC_GetPCLK1Freq
                0x080054ac       0x2c ./Drivers/STM32H7xx_HAL_Driver/Src/stm32h7xx_hal_rcc.o
                0x080054ac                HAL_RCC_GetPCLK1Freq
 .text.HAL_RCC_GetPCLK2Freq
                0x080054d8       0x2c ./Drivers/STM32H7xx_HAL_Driver/Src/stm32h7xx_hal_rcc.o
                0x080054d8                HAL_RCC_GetPCLK2Freq
 .text.HAL_RCCEx_PeriphCLKConfig
                0x08005504     0x137c ./Drivers/STM32H7xx_HAL_Driver/Src/stm32h7xx_hal_rcc_ex.o
                0x08005504                HAL_RCCEx_PeriphCLKConfig
 .text.HAL_RCCEx_GetD3PCLK1Freq
                0x08006880       0x2c ./Drivers/STM32H7xx_HAL_Driver/Src/stm32h7xx_hal_rcc_ex.o
                0x08006880                HAL_RCCEx_GetD3PCLK1Freq
 .text.HAL_RCCEx_GetPLL2ClockFreq
                0x080068ac      0x2a8 ./Drivers/STM32H7xx_HAL_Driver/Src/stm32h7xx_hal_rcc_ex.o
                0x080068ac                HAL_RCCEx_GetPLL2ClockFreq
 .text.HAL_RCCEx_GetPLL3ClockFreq
                0x08006b54      0x2a8 ./Drivers/STM32H7xx_HAL_Driver/Src/stm32h7xx_hal_rcc_ex.o
                0x08006b54                HAL_RCCEx_GetPLL3ClockFreq
 .text.RCCEx_PLL2_Config
                0x08006dfc      0x164 ./Drivers/STM32H7xx_HAL_Driver/Src/stm32h7xx_hal_rcc_ex.o
 .text.RCCEx_PLL3_Config
                0x08006f60      0x164 ./Drivers/STM32H7xx_HAL_Driver/Src/stm32h7xx_hal_rcc_ex.o
 .text.HAL_UART_Init
                0x080070c4       0xa0 ./Drivers/STM32H7xx_HAL_Driver/Src/stm32h7xx_hal_uart.o
                0x080070c4                HAL_UART_Init
 .text.HAL_UART_Transmit
                0x08007164      0x11c ./Drivers/STM32H7xx_HAL_Driver/Src/stm32h7xx_hal_uart.o
                0x08007164                HAL_UART_Transmit
 .text.HAL_UART_Receive_IT
                0x08007280       0x98 ./Drivers/STM32H7xx_HAL_Driver/Src/stm32h7xx_hal_uart.o
                0x08007280                HAL_UART_Receive_IT
 .text.HAL_UART_IRQHandler
                0x08007318      0x7ac ./Drivers/STM32H7xx_HAL_Driver/Src/stm32h7xx_hal_uart.o
                0x08007318                HAL_UART_IRQHandler
 .text.HAL_UART_TxCpltCallback
                0x08007ac4       0x14 ./Drivers/STM32H7xx_HAL_Driver/Src/stm32h7xx_hal_uart.o
                0x08007ac4                HAL_UART_TxCpltCallback
 .text.HAL_UART_ErrorCallback
                0x08007ad8       0x14 ./Drivers/STM32H7xx_HAL_Driver/Src/stm32h7xx_hal_uart.o
                0x08007ad8                HAL_UART_ErrorCallback
 .text.HAL_UARTEx_RxEventCallback
                0x08007aec       0x18 ./Drivers/STM32H7xx_HAL_Driver/Src/stm32h7xx_hal_uart.o
                0x08007aec                HAL_UARTEx_RxEventCallback
 .text.UART_SetConfig
                0x08007b04      0xcd8 ./Drivers/STM32H7xx_HAL_Driver/Src/stm32h7xx_hal_uart.o
                0x08007b04                UART_SetConfig
 .text.UART_AdvFeatureConfig
                0x080087dc      0x144 ./Drivers/STM32H7xx_HAL_Driver/Src/stm32h7xx_hal_uart.o
                0x080087dc                UART_AdvFeatureConfig
 .text.UART_CheckIdleState
                0x08008920      0x154 ./Drivers/STM32H7xx_HAL_Driver/Src/stm32h7xx_hal_uart.o
                0x08008920                UART_CheckIdleState
 .text.UART_WaitOnFlagUntilTimeout
                0x08008a74       0xda ./Drivers/STM32H7xx_HAL_Driver/Src/stm32h7xx_hal_uart.o
                0x08008a74                UART_WaitOnFlagUntilTimeout
 *fill*         0x08008b4e        0x2 
 .text.UART_Start_Receive_IT
                0x08008b50      0x244 ./Drivers/STM32H7xx_HAL_Driver/Src/stm32h7xx_hal_uart.o
                0x08008b50                UART_Start_Receive_IT
 .text.UART_EndRxTransfer
                0x08008d94       0xcc ./Drivers/STM32H7xx_HAL_Driver/Src/stm32h7xx_hal_uart.o
 .text.UART_DMAAbortOnError
                0x08008e60       0x24 ./Drivers/STM32H7xx_HAL_Driver/Src/stm32h7xx_hal_uart.o
 .text.UART_EndTransmit_IT
                0x08008e84       0x56 ./Drivers/STM32H7xx_HAL_Driver/Src/stm32h7xx_hal_uart.o
 *fill*         0x08008eda        0x2 
 .text.UART_RxISR_8BIT
                0x08008edc      0x1b8 ./Drivers/STM32H7xx_HAL_Driver/Src/stm32h7xx_hal_uart.o
 .text.UART_RxISR_16BIT
                0x08009094      0x1b8 ./Drivers/STM32H7xx_HAL_Driver/Src/stm32h7xx_hal_uart.o
 .text.UART_RxISR_8BIT_FIFOEN
                0x0800924c      0x364 ./Drivers/STM32H7xx_HAL_Driver/Src/stm32h7xx_hal_uart.o
 .text.UART_RxISR_16BIT_FIFOEN
                0x080095b0      0x36c ./Drivers/STM32H7xx_HAL_Driver/Src/stm32h7xx_hal_uart.o
 .text.HAL_UARTEx_WakeupCallback
                0x0800991c       0x14 ./Drivers/STM32H7xx_HAL_Driver/Src/stm32h7xx_hal_uart_ex.o
                0x0800991c                HAL_UARTEx_WakeupCallback
 .text.HAL_UARTEx_RxFifoFullCallback
                0x08009930       0x14 ./Drivers/STM32H7xx_HAL_Driver/Src/stm32h7xx_hal_uart_ex.o
                0x08009930                HAL_UARTEx_RxFifoFullCallback
 .text.HAL_UARTEx_TxFifoEmptyCallback
                0x08009944       0x14 ./Drivers/STM32H7xx_HAL_Driver/Src/stm32h7xx_hal_uart_ex.o
                0x08009944                HAL_UARTEx_TxFifoEmptyCallback
 .text.HAL_UARTEx_DisableFifoMode
                0x08009958       0x72 ./Drivers/STM32H7xx_HAL_Driver/Src/stm32h7xx_hal_uart_ex.o
                0x08009958                HAL_UARTEx_DisableFifoMode
 .text.HAL_UARTEx_SetTxFifoThreshold
                0x080099ca       0x7c ./Drivers/STM32H7xx_HAL_Driver/Src/stm32h7xx_hal_uart_ex.o
                0x080099ca                HAL_UARTEx_SetTxFifoThreshold
 .text.HAL_UARTEx_SetRxFifoThreshold
                0x08009a46       0x7c ./Drivers/STM32H7xx_HAL_Driver/Src/stm32h7xx_hal_uart_ex.o
                0x08009a46                HAL_UARTEx_SetRxFifoThreshold
 *fill*         0x08009ac2        0x2 
 .text.UARTEx_SetNbDataToProcess
                0x08009ac4       0x9c ./Drivers/STM32H7xx_HAL_Driver/Src/stm32h7xx_hal_uart_ex.o
 .text.std      0x08009b60       0x6c C:/ST/STM32CubeIDE_1.17.0/STM32CubeIDE/plugins/com.st.stm32cube.ide.mcu.externaltools.gnu-tools-for-stm32.12.3.rel1.win32_1.1.0.202410251130/tools/bin/../lib/gcc/arm-none-eabi/12.3.1/../../../../arm-none-eabi/lib/thumb/v7e-m+dp/hard\libc_nano.a(libc_a-findfp.o)
 .text.stdio_exit_handler
                0x08009bcc       0x18 C:/ST/STM32CubeIDE_1.17.0/STM32CubeIDE/plugins/com.st.stm32cube.ide.mcu.externaltools.gnu-tools-for-stm32.12.3.rel1.win32_1.1.0.202410251130/tools/bin/../lib/gcc/arm-none-eabi/12.3.1/../../../../arm-none-eabi/lib/thumb/v7e-m+dp/hard\libc_nano.a(libc_a-findfp.o)
 .text.cleanup_stdio
                0x08009be4       0x40 C:/ST/STM32CubeIDE_1.17.0/STM32CubeIDE/plugins/com.st.stm32cube.ide.mcu.externaltools.gnu-tools-for-stm32.12.3.rel1.win32_1.1.0.202410251130/tools/bin/../lib/gcc/arm-none-eabi/12.3.1/../../../../arm-none-eabi/lib/thumb/v7e-m+dp/hard\libc_nano.a(libc_a-findfp.o)
 .text.global_stdio_init.part.0
                0x08009c24       0x3c C:/ST/STM32CubeIDE_1.17.0/STM32CubeIDE/plugins/com.st.stm32cube.ide.mcu.externaltools.gnu-tools-for-stm32.12.3.rel1.win32_1.1.0.202410251130/tools/bin/../lib/gcc/arm-none-eabi/12.3.1/../../../../arm-none-eabi/lib/thumb/v7e-m+dp/hard\libc_nano.a(libc_a-findfp.o)
 .text.__sfp_lock_acquire
                0x08009c60        0xc C:/ST/STM32CubeIDE_1.17.0/STM32CubeIDE/plugins/com.st.stm32cube.ide.mcu.externaltools.gnu-tools-for-stm32.12.3.rel1.win32_1.1.0.202410251130/tools/bin/../lib/gcc/arm-none-eabi/12.3.1/../../../../arm-none-eabi/lib/thumb/v7e-m+dp/hard\libc_nano.a(libc_a-findfp.o)
                0x08009c60                __sfp_lock_acquire
 .text.__sfp_lock_release
                0x08009c6c        0xc C:/ST/STM32CubeIDE_1.17.0/STM32CubeIDE/plugins/com.st.stm32cube.ide.mcu.externaltools.gnu-tools-for-stm32.12.3.rel1.win32_1.1.0.202410251130/tools/bin/../lib/gcc/arm-none-eabi/12.3.1/../../../../arm-none-eabi/lib/thumb/v7e-m+dp/hard\libc_nano.a(libc_a-findfp.o)
                0x08009c6c                __sfp_lock_release
 .text.__sinit  0x08009c78       0x30 C:/ST/STM32CubeIDE_1.17.0/STM32CubeIDE/plugins/com.st.stm32cube.ide.mcu.externaltools.gnu-tools-for-stm32.12.3.rel1.win32_1.1.0.202410251130/tools/bin/../lib/gcc/arm-none-eabi/12.3.1/../../../../arm-none-eabi/lib/thumb/v7e-m+dp/hard\libc_nano.a(libc_a-findfp.o)
                0x08009c78                __sinit
 .text._fwalk_sglue
                0x08009ca8       0x3c C:/ST/STM32CubeIDE_1.17.0/STM32CubeIDE/plugins/com.st.stm32cube.ide.mcu.externaltools.gnu-tools-for-stm32.12.3.rel1.win32_1.1.0.202410251130/tools/bin/../lib/gcc/arm-none-eabi/12.3.1/../../../../arm-none-eabi/lib/thumb/v7e-m+dp/hard\libc_nano.a(libc_a-fwalk.o)
                0x08009ca8                _fwalk_sglue
 .text.printf   0x08009ce4       0x24 C:/ST/STM32CubeIDE_1.17.0/STM32CubeIDE/plugins/com.st.stm32cube.ide.mcu.externaltools.gnu-tools-for-stm32.12.3.rel1.win32_1.1.0.202410251130/tools/bin/../lib/gcc/arm-none-eabi/12.3.1/../../../../arm-none-eabi/lib/thumb/v7e-m+dp/hard\libc_nano.a(libc_a-printf.o)
                0x08009ce4                iprintf
                0x08009ce4                printf
 .text.__sread  0x08009d08       0x22 C:/ST/STM32CubeIDE_1.17.0/STM32CubeIDE/plugins/com.st.stm32cube.ide.mcu.externaltools.gnu-tools-for-stm32.12.3.rel1.win32_1.1.0.202410251130/tools/bin/../lib/gcc/arm-none-eabi/12.3.1/../../../../arm-none-eabi/lib/thumb/v7e-m+dp/hard\libc_nano.a(libc_a-stdio.o)
                0x08009d08                __sread
 .text.__swrite
                0x08009d2a       0x38 C:/ST/STM32CubeIDE_1.17.0/STM32CubeIDE/plugins/com.st.stm32cube.ide.mcu.externaltools.gnu-tools-for-stm32.12.3.rel1.win32_1.1.0.202410251130/tools/bin/../lib/gcc/arm-none-eabi/12.3.1/../../../../arm-none-eabi/lib/thumb/v7e-m+dp/hard\libc_nano.a(libc_a-stdio.o)
                0x08009d2a                __swrite
 .text.__sseek  0x08009d62       0x24 C:/ST/STM32CubeIDE_1.17.0/STM32CubeIDE/plugins/com.st.stm32cube.ide.mcu.externaltools.gnu-tools-for-stm32.12.3.rel1.win32_1.1.0.202410251130/tools/bin/../lib/gcc/arm-none-eabi/12.3.1/../../../../arm-none-eabi/lib/thumb/v7e-m+dp/hard\libc_nano.a(libc_a-stdio.o)
                0x08009d62                __sseek
 .text.__sclose
                0x08009d86        0x8 C:/ST/STM32CubeIDE_1.17.0/STM32CubeIDE/plugins/com.st.stm32cube.ide.mcu.externaltools.gnu-tools-for-stm32.12.3.rel1.win32_1.1.0.202410251130/tools/bin/../lib/gcc/arm-none-eabi/12.3.1/../../../../arm-none-eabi/lib/thumb/v7e-m+dp/hard\libc_nano.a(libc_a-stdio.o)
                0x08009d86                __sclose
 .text.memset   0x08009d8e       0x10 C:/ST/STM32CubeIDE_1.17.0/STM32CubeIDE/plugins/com.st.stm32cube.ide.mcu.externaltools.gnu-tools-for-stm32.12.3.rel1.win32_1.1.0.202410251130/tools/bin/../lib/gcc/arm-none-eabi/12.3.1/../../../../arm-none-eabi/lib/thumb/v7e-m+dp/hard\libc_nano.a(libc_a-memset.o)
                0x08009d8e                memset
 *fill*         0x08009d9e        0x2 
 .text._close_r
                0x08009da0       0x20 C:/ST/STM32CubeIDE_1.17.0/STM32CubeIDE/plugins/com.st.stm32cube.ide.mcu.externaltools.gnu-tools-for-stm32.12.3.rel1.win32_1.1.0.202410251130/tools/bin/../lib/gcc/arm-none-eabi/12.3.1/../../../../arm-none-eabi/lib/thumb/v7e-m+dp/hard\libc_nano.a(libc_a-closer.o)
                0x08009da0                _close_r
 .text._lseek_r
                0x08009dc0       0x24 C:/ST/STM32CubeIDE_1.17.0/STM32CubeIDE/plugins/com.st.stm32cube.ide.mcu.externaltools.gnu-tools-for-stm32.12.3.rel1.win32_1.1.0.202410251130/tools/bin/../lib/gcc/arm-none-eabi/12.3.1/../../../../arm-none-eabi/lib/thumb/v7e-m+dp/hard\libc_nano.a(libc_a-lseekr.o)
                0x08009dc0                _lseek_r
 .text._read_r  0x08009de4       0x24 C:/ST/STM32CubeIDE_1.17.0/STM32CubeIDE/plugins/com.st.stm32cube.ide.mcu.externaltools.gnu-tools-for-stm32.12.3.rel1.win32_1.1.0.202410251130/tools/bin/../lib/gcc/arm-none-eabi/12.3.1/../../../../arm-none-eabi/lib/thumb/v7e-m+dp/hard\libc_nano.a(libc_a-readr.o)
                0x08009de4                _read_r
 .text._write_r
                0x08009e08       0x24 C:/ST/STM32CubeIDE_1.17.0/STM32CubeIDE/plugins/com.st.stm32cube.ide.mcu.externaltools.gnu-tools-for-stm32.12.3.rel1.win32_1.1.0.202410251130/tools/bin/../lib/gcc/arm-none-eabi/12.3.1/../../../../arm-none-eabi/lib/thumb/v7e-m+dp/hard\libc_nano.a(libc_a-writer.o)
                0x08009e08                _write_r
 .text.__errno  0x08009e2c        0xc C:/ST/STM32CubeIDE_1.17.0/STM32CubeIDE/plugins/com.st.stm32cube.ide.mcu.externaltools.gnu-tools-for-stm32.12.3.rel1.win32_1.1.0.202410251130/tools/bin/../lib/gcc/arm-none-eabi/12.3.1/../../../../arm-none-eabi/lib/thumb/v7e-m+dp/hard\libc_nano.a(libc_a-errno.o)
                0x08009e2c                __errno
 .text.__libc_init_array
                0x08009e38       0x48 C:/ST/STM32CubeIDE_1.17.0/STM32CubeIDE/plugins/com.st.stm32cube.ide.mcu.externaltools.gnu-tools-for-stm32.12.3.rel1.win32_1.1.0.202410251130/tools/bin/../lib/gcc/arm-none-eabi/12.3.1/../../../../arm-none-eabi/lib/thumb/v7e-m+dp/hard\libc_nano.a(libc_a-init.o)
                0x08009e38                __libc_init_array
 .text.__retarget_lock_init_recursive
                0x08009e80        0x2 C:/ST/STM32CubeIDE_1.17.0/STM32CubeIDE/plugins/com.st.stm32cube.ide.mcu.externaltools.gnu-tools-for-stm32.12.3.rel1.win32_1.1.0.202410251130/tools/bin/../lib/gcc/arm-none-eabi/12.3.1/../../../../arm-none-eabi/lib/thumb/v7e-m+dp/hard\libc_nano.a(libc_a-lock.o)
                0x08009e80                __retarget_lock_init_recursive
 .text.__retarget_lock_acquire_recursive
                0x08009e82        0x2 C:/ST/STM32CubeIDE_1.17.0/STM32CubeIDE/plugins/com.st.stm32cube.ide.mcu.externaltools.gnu-tools-for-stm32.12.3.rel1.win32_1.1.0.202410251130/tools/bin/../lib/gcc/arm-none-eabi/12.3.1/../../../../arm-none-eabi/lib/thumb/v7e-m+dp/hard\libc_nano.a(libc_a-lock.o)
                0x08009e82                __retarget_lock_acquire_recursive
 .text.__retarget_lock_release_recursive
                0x08009e84        0x2 C:/ST/STM32CubeIDE_1.17.0/STM32CubeIDE/plugins/com.st.stm32cube.ide.mcu.externaltools.gnu-tools-for-stm32.12.3.rel1.win32_1.1.0.202410251130/tools/bin/../lib/gcc/arm-none-eabi/12.3.1/../../../../arm-none-eabi/lib/thumb/v7e-m+dp/hard\libc_nano.a(libc_a-lock.o)
                0x08009e84                __retarget_lock_release_recursive
 .text.memcpy   0x08009e86       0x1c C:/ST/STM32CubeIDE_1.17.0/STM32CubeIDE/plugins/com.st.stm32cube.ide.mcu.externaltools.gnu-tools-for-stm32.12.3.rel1.win32_1.1.0.202410251130/tools/bin/../lib/gcc/arm-none-eabi/12.3.1/../../../../arm-none-eabi/lib/thumb/v7e-m+dp/hard\libc_nano.a(libc_a-memcpy-stub.o)
                0x08009e86                memcpy
 *fill*         0x08009ea2        0x2 
 .text._free_r  0x08009ea4       0x94 C:/ST/STM32CubeIDE_1.17.0/STM32CubeIDE/plugins/com.st.stm32cube.ide.mcu.externaltools.gnu-tools-for-stm32.12.3.rel1.win32_1.1.0.202410251130/tools/bin/../lib/gcc/arm-none-eabi/12.3.1/../../../../arm-none-eabi/lib/thumb/v7e-m+dp/hard\libc_nano.a(libc_a-freer.o)
                0x08009ea4                _free_r
 .text.sbrk_aligned
                0x08009f38       0x44 C:/ST/STM32CubeIDE_1.17.0/STM32CubeIDE/plugins/com.st.stm32cube.ide.mcu.externaltools.gnu-tools-for-stm32.12.3.rel1.win32_1.1.0.202410251130/tools/bin/../lib/gcc/arm-none-eabi/12.3.1/../../../../arm-none-eabi/lib/thumb/v7e-m+dp/hard\libc_nano.a(libc_a-mallocr.o)
 .text._malloc_r
                0x08009f7c      0x100 C:/ST/STM32CubeIDE_1.17.0/STM32CubeIDE/plugins/com.st.stm32cube.ide.mcu.externaltools.gnu-tools-for-stm32.12.3.rel1.win32_1.1.0.202410251130/tools/bin/../lib/gcc/arm-none-eabi/12.3.1/../../../../arm-none-eabi/lib/thumb/v7e-m+dp/hard\libc_nano.a(libc_a-mallocr.o)
                0x08009f7c                _malloc_r
 .text.__malloc_lock
                0x0800a07c        0xc C:/ST/STM32CubeIDE_1.17.0/STM32CubeIDE/plugins/com.st.stm32cube.ide.mcu.externaltools.gnu-tools-for-stm32.12.3.rel1.win32_1.1.0.202410251130/tools/bin/../lib/gcc/arm-none-eabi/12.3.1/../../../../arm-none-eabi/lib/thumb/v7e-m+dp/hard\libc_nano.a(libc_a-mlock.o)
                0x0800a07c                __malloc_lock
 .text.__malloc_unlock
                0x0800a088        0xc C:/ST/STM32CubeIDE_1.17.0/STM32CubeIDE/plugins/com.st.stm32cube.ide.mcu.externaltools.gnu-tools-for-stm32.12.3.rel1.win32_1.1.0.202410251130/tools/bin/../lib/gcc/arm-none-eabi/12.3.1/../../../../arm-none-eabi/lib/thumb/v7e-m+dp/hard\libc_nano.a(libc_a-mlock.o)
                0x0800a088                __malloc_unlock
 .text.__sfputc_r
                0x0800a094       0x2e C:/ST/STM32CubeIDE_1.17.0/STM32CubeIDE/plugins/com.st.stm32cube.ide.mcu.externaltools.gnu-tools-for-stm32.12.3.rel1.win32_1.1.0.202410251130/tools/bin/../lib/gcc/arm-none-eabi/12.3.1/../../../../arm-none-eabi/lib/thumb/v7e-m+dp/hard\libc_nano.a(libc_a-nano-vfprintf.o)
 .text.__sfputs_r
                0x0800a0c2       0x24 C:/ST/STM32CubeIDE_1.17.0/STM32CubeIDE/plugins/com.st.stm32cube.ide.mcu.externaltools.gnu-tools-for-stm32.12.3.rel1.win32_1.1.0.202410251130/tools/bin/../lib/gcc/arm-none-eabi/12.3.1/../../../../arm-none-eabi/lib/thumb/v7e-m+dp/hard\libc_nano.a(libc_a-nano-vfprintf.o)
                0x0800a0c2                __sfputs_r
 *fill*         0x0800a0e6        0x2 
 .text._vfprintf_r
                0x0800a0e8      0x230 C:/ST/STM32CubeIDE_1.17.0/STM32CubeIDE/plugins/com.st.stm32cube.ide.mcu.externaltools.gnu-tools-for-stm32.12.3.rel1.win32_1.1.0.202410251130/tools/bin/../lib/gcc/arm-none-eabi/12.3.1/../../../../arm-none-eabi/lib/thumb/v7e-m+dp/hard\libc_nano.a(libc_a-nano-vfprintf.o)
                0x0800a0e8                _vfprintf_r
                0x0800a0e8                _vfiprintf_r
 .text._printf_common
                0x0800a318       0xda C:/ST/STM32CubeIDE_1.17.0/STM32CubeIDE/plugins/com.st.stm32cube.ide.mcu.externaltools.gnu-tools-for-stm32.12.3.rel1.win32_1.1.0.202410251130/tools/bin/../lib/gcc/arm-none-eabi/12.3.1/../../../../arm-none-eabi/lib/thumb/v7e-m+dp/hard\libc_nano.a(libc_a-nano-vfprintf_i.o)
                0x0800a318                _printf_common
 *fill*         0x0800a3f2        0x2 
 .text._printf_i
                0x0800a3f4      0x240 C:/ST/STM32CubeIDE_1.17.0/STM32CubeIDE/plugins/com.st.stm32cube.ide.mcu.externaltools.gnu-tools-for-stm32.12.3.rel1.win32_1.1.0.202410251130/tools/bin/../lib/gcc/arm-none-eabi/12.3.1/../../../../arm-none-eabi/lib/thumb/v7e-m+dp/hard\libc_nano.a(libc_a-nano-vfprintf_i.o)
                0x0800a3f4                _printf_i
 .text.__sflush_r
                0x0800a634      0x108 C:/ST/STM32CubeIDE_1.17.0/STM32CubeIDE/plugins/com.st.stm32cube.ide.mcu.externaltools.gnu-tools-for-stm32.12.3.rel1.win32_1.1.0.202410251130/tools/bin/../lib/gcc/arm-none-eabi/12.3.1/../../../../arm-none-eabi/lib/thumb/v7e-m+dp/hard\libc_nano.a(libc_a-fflush.o)
                0x0800a634                __sflush_r
 .text._fflush_r
                0x0800a73c       0x50 C:/ST/STM32CubeIDE_1.17.0/STM32CubeIDE/plugins/com.st.stm32cube.ide.mcu.externaltools.gnu-tools-for-stm32.12.3.rel1.win32_1.1.0.202410251130/tools/bin/../lib/gcc/arm-none-eabi/12.3.1/../../../../arm-none-eabi/lib/thumb/v7e-m+dp/hard\libc_nano.a(libc_a-fflush.o)
                0x0800a73c                _fflush_r
 .text.__swbuf_r
                0x0800a78c       0x7c C:/ST/STM32CubeIDE_1.17.0/STM32CubeIDE/plugins/com.st.stm32cube.ide.mcu.externaltools.gnu-tools-for-stm32.12.3.rel1.win32_1.1.0.202410251130/tools/bin/../lib/gcc/arm-none-eabi/12.3.1/../../../../arm-none-eabi/lib/thumb/v7e-m+dp/hard\libc_nano.a(libc_a-wbuf.o)
                0x0800a78c                __swbuf_r
 .text.__swsetup_r
                0x0800a808       0xac C:/ST/STM32CubeIDE_1.17.0/STM32CubeIDE/plugins/com.st.stm32cube.ide.mcu.externaltools.gnu-tools-for-stm32.12.3.rel1.win32_1.1.0.202410251130/tools/bin/../lib/gcc/arm-none-eabi/12.3.1/../../../../arm-none-eabi/lib/thumb/v7e-m+dp/hard\libc_nano.a(libc_a-wsetup.o)
                0x0800a808                __swsetup_r
 .text._sbrk_r  0x0800a8b4       0x20 C:/ST/STM32CubeIDE_1.17.0/STM32CubeIDE/plugins/com.st.stm32cube.ide.mcu.externaltools.gnu-tools-for-stm32.12.3.rel1.win32_1.1.0.202410251130/tools/bin/../lib/gcc/arm-none-eabi/12.3.1/../../../../arm-none-eabi/lib/thumb/v7e-m+dp/hard\libc_nano.a(libc_a-sbrkr.o)
                0x0800a8b4                _sbrk_r
 .text.__swhatbuf_r
                0x0800a8d4       0x4c C:/ST/STM32CubeIDE_1.17.0/STM32CubeIDE/plugins/com.st.stm32cube.ide.mcu.externaltools.gnu-tools-for-stm32.12.3.rel1.win32_1.1.0.202410251130/tools/bin/../lib/gcc/arm-none-eabi/12.3.1/../../../../arm-none-eabi/lib/thumb/v7e-m+dp/hard\libc_nano.a(libc_a-makebuf.o)
                0x0800a8d4                __swhatbuf_r
 .text.__smakebuf_r
                0x0800a920       0x78 C:/ST/STM32CubeIDE_1.17.0/STM32CubeIDE/plugins/com.st.stm32cube.ide.mcu.externaltools.gnu-tools-for-stm32.12.3.rel1.win32_1.1.0.202410251130/tools/bin/../lib/gcc/arm-none-eabi/12.3.1/../../../../arm-none-eabi/lib/thumb/v7e-m+dp/hard\libc_nano.a(libc_a-makebuf.o)
                0x0800a920                __smakebuf_r
 .text._fstat_r
                0x0800a998       0x24 C:/ST/STM32CubeIDE_1.17.0/STM32CubeIDE/plugins/com.st.stm32cube.ide.mcu.externaltools.gnu-tools-for-stm32.12.3.rel1.win32_1.1.0.202410251130/tools/bin/../lib/gcc/arm-none-eabi/12.3.1/../../../../arm-none-eabi/lib/thumb/v7e-m+dp/hard\libc_nano.a(libc_a-fstatr.o)
                0x0800a998                _fstat_r
 .text._isatty_r
                0x0800a9bc       0x20 C:/ST/STM32CubeIDE_1.17.0/STM32CubeIDE/plugins/com.st.stm32cube.ide.mcu.externaltools.gnu-tools-for-stm32.12.3.rel1.win32_1.1.0.202410251130/tools/bin/../lib/gcc/arm-none-eabi/12.3.1/../../../../arm-none-eabi/lib/thumb/v7e-m+dp/hard\libc_nano.a(libc_a-isattyr.o)
                0x0800a9bc                _isatty_r
 *(.glue_7)
 .glue_7        0x0800a9dc        0x0 linker stubs
 *(.glue_7t)
 .glue_7t       0x0800a9dc        0x0 linker stubs
 *(.eh_frame)
 .eh_frame      0x0800a9dc        0x0 C:/ST/STM32CubeIDE_1.17.0/STM32CubeIDE/plugins/com.st.stm32cube.ide.mcu.externaltools.gnu-tools-for-stm32.12.3.rel1.win32_1.1.0.202410251130/tools/bin/../lib/gcc/arm-none-eabi/12.3.1/thumb/v7e-m+dp/hard/crtbegin.o
 *(.init)
 .init          0x0800a9dc        0x4 C:/ST/STM32CubeIDE_1.17.0/STM32CubeIDE/plugins/com.st.stm32cube.ide.mcu.externaltools.gnu-tools-for-stm32.12.3.rel1.win32_1.1.0.202410251130/tools/bin/../lib/gcc/arm-none-eabi/12.3.1/thumb/v7e-m+dp/hard/crti.o
                0x0800a9dc                _init
 .init          0x0800a9e0        0x8 C:/ST/STM32CubeIDE_1.17.0/STM32CubeIDE/plugins/com.st.stm32cube.ide.mcu.externaltools.gnu-tools-for-stm32.12.3.rel1.win32_1.1.0.202410251130/tools/bin/../lib/gcc/arm-none-eabi/12.3.1/thumb/v7e-m+dp/hard/crtn.o
 *(.fini)
 .fini          0x0800a9e8        0x4 C:/ST/STM32CubeIDE_1.17.0/STM32CubeIDE/plugins/com.st.stm32cube.ide.mcu.externaltools.gnu-tools-for-stm32.12.3.rel1.win32_1.1.0.202410251130/tools/bin/../lib/gcc/arm-none-eabi/12.3.1/thumb/v7e-m+dp/hard/crti.o
                0x0800a9e8                _fini
 .fini          0x0800a9ec        0x8 C:/ST/STM32CubeIDE_1.17.0/STM32CubeIDE/plugins/com.st.stm32cube.ide.mcu.externaltools.gnu-tools-for-stm32.12.3.rel1.win32_1.1.0.202410251130/tools/bin/../lib/gcc/arm-none-eabi/12.3.1/thumb/v7e-m+dp/hard/crtn.o
                0x0800a9f4                        . = ALIGN (0x4)
                0x0800a9f4                        _etext = .

.vfp11_veneer   0x0800a9f4        0x0
 .vfp11_veneer  0x0800a9f4        0x0 linker stubs

.v4_bx          0x0800a9f4        0x0
 .v4_bx         0x0800a9f4        0x0 linker stubs

.iplt           0x0800a9f4        0x0
 .iplt          0x0800a9f4        0x0 C:/ST/STM32CubeIDE_1.17.0/STM32CubeIDE/plugins/com.st.stm32cube.ide.mcu.externaltools.gnu-tools-for-stm32.12.3.rel1.win32_1.1.0.202410251130/tools/bin/../lib/gcc/arm-none-eabi/12.3.1/thumb/v7e-m+dp/hard/crtbegin.o

.rodata         0x0800a9f4      0x260
                0x0800a9f4                        . = ALIGN (0x4)
 *(.rodata)
 .rodata        0x0800a9f4       0x12 ./Core/Src/main.o
 *fill*         0x0800aa06        0x2 
 .rodata        0x0800aa08      0x1ba ./Core/Src/pb_decode.o
 *(.rodata*)
 *fill*         0x0800abc2        0x2 
 .rodata.LedStatus_field_info
                0x0800abc4        0x8 ./Core/Src/led_blink.pb.o
                0x0800abc4                LedStatus_field_info
 .rodata.LedStatus_submsg_info
                0x0800abcc        0x4 ./Core/Src/led_blink.pb.o
                0x0800abcc                LedStatus_submsg_info
 .rodata.LedStatus_msg
                0x0800abd0       0x18 ./Core/Src/led_blink.pb.o
                0x0800abd0                LedStatus_msg
 .rodata.D1CorePrescTable
                0x0800abe8       0x10 ./Core/Src/system_stm32h7xx.o
                0x0800abe8                D1CorePrescTable
 .rodata.UARTPrescTable
                0x0800abf8       0x18 ./Drivers/STM32H7xx_HAL_Driver/Src/stm32h7xx_hal_uart.o
                0x0800abf8                UARTPrescTable
 .rodata.numerator.1
                0x0800ac10        0x8 ./Drivers/STM32H7xx_HAL_Driver/Src/stm32h7xx_hal_uart_ex.o
 .rodata.denominator.0
                0x0800ac18        0x8 ./Drivers/STM32H7xx_HAL_Driver/Src/stm32h7xx_hal_uart_ex.o
 .rodata._vfprintf_r.str1.1
                0x0800ac20       0x11 C:/ST/STM32CubeIDE_1.17.0/STM32CubeIDE/plugins/com.st.stm32cube.ide.mcu.externaltools.gnu-tools-for-stm32.12.3.rel1.win32_1.1.0.202410251130/tools/bin/../lib/gcc/arm-none-eabi/12.3.1/../../../../arm-none-eabi/lib/thumb/v7e-m+dp/hard\libc_nano.a(libc_a-nano-vfprintf.o)
 .rodata._printf_i.str1.1
                0x0800ac31       0x22 C:/ST/STM32CubeIDE_1.17.0/STM32CubeIDE/plugins/com.st.stm32cube.ide.mcu.externaltools.gnu-tools-for-stm32.12.3.rel1.win32_1.1.0.202410251130/tools/bin/../lib/gcc/arm-none-eabi/12.3.1/../../../../arm-none-eabi/lib/thumb/v7e-m+dp/hard\libc_nano.a(libc_a-nano-vfprintf_i.o)
                0x0800ac54                        . = ALIGN (0x4)
 *fill*         0x0800ac53        0x1 

.ARM.extab
 *(.ARM.extab* .gnu.linkonce.armextab.*)

.ARM            0x0800ac54        0x8
                0x0800ac54                        __exidx_start = .
 *(.ARM.exidx*)
 .ARM.exidx     0x0800ac54        0x8 C:/ST/STM32CubeIDE_1.17.0/STM32CubeIDE/plugins/com.st.stm32cube.ide.mcu.externaltools.gnu-tools-for-stm32.12.3.rel1.win32_1.1.0.202410251130/tools/bin/../lib/gcc/arm-none-eabi/12.3.1/../../../../arm-none-eabi/lib/thumb/v7e-m+dp/hard\libc_nano.a(libc_a-memchr.o)
 .ARM.exidx     0x0800ac5c        0x0 C:/ST/STM32CubeIDE_1.17.0/STM32CubeIDE/plugins/com.st.stm32cube.ide.mcu.externaltools.gnu-tools-for-stm32.12.3.rel1.win32_1.1.0.202410251130/tools/bin/../lib/gcc/arm-none-eabi/12.3.1/thumb/v7e-m+dp/hard\libgcc.a(_udivmoddi4.o)
                                  0x8 (size before relaxing)
                0x0800ac5c                        __exidx_end = .

.preinit_array  0x0800ac5c        0x0
                0x0800ac5c                        PROVIDE (__preinit_array_start = .)
 *(.preinit_array*)
                0x0800ac5c                        PROVIDE (__preinit_array_end = .)

.init_array     0x0800ac5c        0x4
                0x0800ac5c                        PROVIDE (__init_array_start = .)
 *(SORT_BY_NAME(.init_array.*))
 *(.init_array*)
 .init_array    0x0800ac5c        0x4 C:/ST/STM32CubeIDE_1.17.0/STM32CubeIDE/plugins/com.st.stm32cube.ide.mcu.externaltools.gnu-tools-for-stm32.12.3.rel1.win32_1.1.0.202410251130/tools/bin/../lib/gcc/arm-none-eabi/12.3.1/thumb/v7e-m+dp/hard/crtbegin.o
                0x0800ac60                        PROVIDE (__init_array_end = .)

.fini_array     0x0800ac60        0x4
                [!provide]                        PROVIDE (__fini_array_start = .)
 *(SORT_BY_NAME(.fini_array.*))
 *(.fini_array*)
 .fini_array    0x0800ac60        0x4 C:/ST/STM32CubeIDE_1.17.0/STM32CubeIDE/plugins/com.st.stm32cube.ide.mcu.externaltools.gnu-tools-for-stm32.12.3.rel1.win32_1.1.0.202410251130/tools/bin/../lib/gcc/arm-none-eabi/12.3.1/thumb/v7e-m+dp/hard/crtbegin.o
                [!provide]                        PROVIDE (__fini_array_end = .)
                0x0800ac64                        _sidata = LOADADDR (.data)

.rel.dyn        0x0800ac64        0x0
 .rel.iplt      0x0800ac64        0x0 C:/ST/STM32CubeIDE_1.17.0/STM32CubeIDE/plugins/com.st.stm32cube.ide.mcu.externaltools.gnu-tools-for-stm32.12.3.rel1.win32_1.1.0.202410251130/tools/bin/../lib/gcc/arm-none-eabi/12.3.1/thumb/v7e-m+dp/hard/crtbegin.o

.data           0x24000000       0x6c load address 0x0800ac64
                0x24000000                        . = ALIGN (0x4)
                0x24000000                        _sdata = .
 *(.data)
 *(.data*)
 .data.SystemCoreClock
                0x24000000        0x4 ./Core/Src/system_stm32h7xx.o
                0x24000000                SystemCoreClock
 .data.SystemD2Clock
                0x24000004        0x4 ./Core/Src/system_stm32h7xx.o
                0x24000004                SystemD2Clock
 .data.uwTickPrio
                0x24000008        0x4 ./Drivers/STM32H7xx_HAL_Driver/Src/stm32h7xx_hal.o
                0x24000008                uwTickPrio
 .data.uwTickFreq
                0x2400000c        0x1 ./Drivers/STM32H7xx_HAL_Driver/Src/stm32h7xx_hal.o
                0x2400000c                uwTickFreq
 *fill*         0x2400000d        0x3 
 .data.__sglue  0x24000010        0xc C:/ST/STM32CubeIDE_1.17.0/STM32CubeIDE/plugins/com.st.stm32cube.ide.mcu.externaltools.gnu-tools-for-stm32.12.3.rel1.win32_1.1.0.202410251130/tools/bin/../lib/gcc/arm-none-eabi/12.3.1/../../../../arm-none-eabi/lib/thumb/v7e-m+dp/hard\libc_nano.a(libc_a-findfp.o)
                0x24000010                __sglue
 .data._impure_ptr
                0x2400001c        0x4 C:/ST/STM32CubeIDE_1.17.0/STM32CubeIDE/plugins/com.st.stm32cube.ide.mcu.externaltools.gnu-tools-for-stm32.12.3.rel1.win32_1.1.0.202410251130/tools/bin/../lib/gcc/arm-none-eabi/12.3.1/../../../../arm-none-eabi/lib/thumb/v7e-m+dp/hard\libc_nano.a(libc_a-impure.o)
                0x2400001c                _impure_ptr
 .data._impure_data
                0x24000020       0x4c C:/ST/STM32CubeIDE_1.17.0/STM32CubeIDE/plugins/com.st.stm32cube.ide.mcu.externaltools.gnu-tools-for-stm32.12.3.rel1.win32_1.1.0.202410251130/tools/bin/../lib/gcc/arm-none-eabi/12.3.1/../../../../arm-none-eabi/lib/thumb/v7e-m+dp/hard\libc_nano.a(libc_a-impure.o)
                0x24000020                _impure_data
 *(.RamFunc)
 *(.RamFunc*)
                0x2400006c                        . = ALIGN (0x4)
                0x2400006c                        _edata = .

.igot.plt       0x2400006c        0x0 load address 0x0800acd0
 .igot.plt      0x2400006c        0x0 C:/ST/STM32CubeIDE_1.17.0/STM32CubeIDE/plugins/com.st.stm32cube.ide.mcu.externaltools.gnu-tools-for-stm32.12.3.rel1.win32_1.1.0.202410251130/tools/bin/../lib/gcc/arm-none-eabi/12.3.1/thumb/v7e-m+dp/hard/crtbegin.o
                0x2400006c                        . = ALIGN (0x4)

.bss            0x2400006c      0x618 load address 0x0800acd0
                0x2400006c                        _sbss = .
                0x2400006c                        __bss_start__ = _sbss
 *(.bss)
 .bss           0x2400006c       0x1c C:/ST/STM32CubeIDE_1.17.0/STM32CubeIDE/plugins/com.st.stm32cube.ide.mcu.externaltools.gnu-tools-for-stm32.12.3.rel1.win32_1.1.0.202410251130/tools/bin/../lib/gcc/arm-none-eabi/12.3.1/thumb/v7e-m+dp/hard/crtbegin.o
 *(.bss*)
 .bss.writePtr  0x24000088        0x4 ./Core/Src/circularbuffer.o
                0x24000088                writePtr
 .bss.readPtr   0x2400008c        0x4 ./Core/Src/circularbuffer.o
                0x2400008c                readPtr
 .bss.buffer    0x24000090      0x3e8 ./Core/Src/main.o
                0x24000090                buffer
 .bss.data      0x24000478       0x20 ./Core/Src/main.o
                0x24000478                data
 .bss.ch        0x24000498        0x1 ./Core/Src/main.o
                0x24000498                ch
 .bss.stat      0x24000499        0x1 ./Core/Src/main.o
                0x24000499                stat
 .bss.datacounter
                0x2400049a        0x1 ./Core/Src/main.o
                0x2400049a                datacounter
 .bss.uartcounter
                0x2400049b        0x1 ./Core/Src/main.o
                0x2400049b                uartcounter
 .bss.huart3    0x2400049c       0x94 ./Core/Src/main.o
                0x2400049c                huart3
 .bss.__sbrk_heap_end
                0x24000530        0x4 ./Core/Src/sysmem.o
 .bss.uwTick    0x24000534        0x4 ./Drivers/STM32H7xx_HAL_Driver/Src/stm32h7xx_hal.o
                0x24000534                uwTick
 .bss.__sf      0x24000538      0x138 C:/ST/STM32CubeIDE_1.17.0/STM32CubeIDE/plugins/com.st.stm32cube.ide.mcu.externaltools.gnu-tools-for-stm32.12.3.rel1.win32_1.1.0.202410251130/tools/bin/../lib/gcc/arm-none-eabi/12.3.1/../../../../arm-none-eabi/lib/thumb/v7e-m+dp/hard\libc_nano.a(libc_a-findfp.o)
                0x24000538                __sf
 .bss.__stdio_exit_handler
                0x24000670        0x4 C:/ST/STM32CubeIDE_1.17.0/STM32CubeIDE/plugins/com.st.stm32cube.ide.mcu.externaltools.gnu-tools-for-stm32.12.3.rel1.win32_1.1.0.202410251130/tools/bin/../lib/gcc/arm-none-eabi/12.3.1/../../../../arm-none-eabi/lib/thumb/v7e-m+dp/hard\libc_nano.a(libc_a-findfp.o)
                0x24000670                __stdio_exit_handler
 .bss.errno     0x24000674        0x4 C:/ST/STM32CubeIDE_1.17.0/STM32CubeIDE/plugins/com.st.stm32cube.ide.mcu.externaltools.gnu-tools-for-stm32.12.3.rel1.win32_1.1.0.202410251130/tools/bin/../lib/gcc/arm-none-eabi/12.3.1/../../../../arm-none-eabi/lib/thumb/v7e-m+dp/hard\libc_nano.a(libc_a-reent.o)
                0x24000674                errno
 .bss.__lock___malloc_recursive_mutex
                0x24000678        0x1 C:/ST/STM32CubeIDE_1.17.0/STM32CubeIDE/plugins/com.st.stm32cube.ide.mcu.externaltools.gnu-tools-for-stm32.12.3.rel1.win32_1.1.0.202410251130/tools/bin/../lib/gcc/arm-none-eabi/12.3.1/../../../../arm-none-eabi/lib/thumb/v7e-m+dp/hard\libc_nano.a(libc_a-lock.o)
                0x24000678                __lock___malloc_recursive_mutex
 .bss.__lock___sfp_recursive_mutex
                0x24000679        0x1 C:/ST/STM32CubeIDE_1.17.0/STM32CubeIDE/plugins/com.st.stm32cube.ide.mcu.externaltools.gnu-tools-for-stm32.12.3.rel1.win32_1.1.0.202410251130/tools/bin/../lib/gcc/arm-none-eabi/12.3.1/../../../../arm-none-eabi/lib/thumb/v7e-m+dp/hard\libc_nano.a(libc_a-lock.o)
                0x24000679                __lock___sfp_recursive_mutex
 *fill*         0x2400067a        0x2 
 .bss.__malloc_sbrk_start
                0x2400067c        0x4 C:/ST/STM32CubeIDE_1.17.0/STM32CubeIDE/plugins/com.st.stm32cube.ide.mcu.externaltools.gnu-tools-for-stm32.12.3.rel1.win32_1.1.0.202410251130/tools/bin/../lib/gcc/arm-none-eabi/12.3.1/../../../../arm-none-eabi/lib/thumb/v7e-m+dp/hard\libc_nano.a(libc_a-mallocr.o)
                0x2400067c                __malloc_sbrk_start
 .bss.__malloc_free_list
                0x24000680        0x4 C:/ST/STM32CubeIDE_1.17.0/STM32CubeIDE/plugins/com.st.stm32cube.ide.mcu.externaltools.gnu-tools-for-stm32.12.3.rel1.win32_1.1.0.202410251130/tools/bin/../lib/gcc/arm-none-eabi/12.3.1/../../../../arm-none-eabi/lib/thumb/v7e-m+dp/hard\libc_nano.a(libc_a-mallocr.o)
                0x24000680                __malloc_free_list
 *(COMMON)
                0x24000684                        . = ALIGN (0x4)
                0x24000684                        _ebss = .
                0x24000684                        __bss_end__ = _ebss

._user_heap_stack
                0x24000684      0x604 load address 0x0800acd0
                0x24000688                        . = ALIGN (0x8)
 *fill*         0x24000684        0x4 
                [!provide]                        PROVIDE (end = .)
                0x24000688                        PROVIDE (_end = .)
                0x24000888                        . = (. + _Min_Heap_Size)
 *fill*         0x24000688      0x200 
                0x24000c88                        . = (. + _Min_Stack_Size)
 *fill*         0x24000888      0x400 
                0x24000c88                        . = ALIGN (0x8)

/DISCARD/
 libc.a(*)
 libm.a(*)
 libgcc.a(*)

.ARM.attributes
                0x00000000       0x2e
 *(.ARM.attributes)
 .ARM.attributes
                0x00000000       0x20 C:/ST/STM32CubeIDE_1.17.0/STM32CubeIDE/plugins/com.st.stm32cube.ide.mcu.externaltools.gnu-tools-for-stm32.12.3.rel1.win32_1.1.0.202410251130/tools/bin/../lib/gcc/arm-none-eabi/12.3.1/thumb/v7e-m+dp/hard/crti.o
 .ARM.attributes
                0x00000020       0x32 C:/ST/STM32CubeIDE_1.17.0/STM32CubeIDE/plugins/com.st.stm32cube.ide.mcu.externaltools.gnu-tools-for-stm32.12.3.rel1.win32_1.1.0.202410251130/tools/bin/../lib/gcc/arm-none-eabi/12.3.1/thumb/v7e-m+dp/hard/crtbegin.o
 .ARM.attributes
                0x00000052       0x32 ./Core/Src/circularbuffer.o
 .ARM.attributes
                0x00000084       0x32 ./Core/Src/led_blink.pb.o
 .ARM.attributes
                0x000000b6       0x32 ./Core/Src/main.o
 .ARM.attributes
                0x000000e8       0x32 ./Core/Src/pb_common.o
 .ARM.attributes
                0x0000011a       0x32 ./Core/Src/pb_decode.o
 .ARM.attributes
                0x0000014c       0x32 ./Core/Src/stm32h7xx_hal_msp.o
 .ARM.attributes
                0x0000017e       0x32 ./Core/Src/stm32h7xx_it.o
 .ARM.attributes
                0x000001b0       0x32 ./Core/Src/syscalls.o
 .ARM.attributes
                0x000001e2       0x32 ./Core/Src/sysmem.o
 .ARM.attributes
                0x00000214       0x32 ./Core/Src/system_stm32h7xx.o
 .ARM.attributes
                0x00000246       0x21 ./Core/Startup/startup_stm32h7a3zitxq.o
 .ARM.attributes
                0x00000267       0x32 ./Drivers/STM32H7xx_HAL_Driver/Src/stm32h7xx_hal.o
 .ARM.attributes
                0x00000299       0x32 ./Drivers/STM32H7xx_HAL_Driver/Src/stm32h7xx_hal_cortex.o
 .ARM.attributes
                0x000002cb       0x32 ./Drivers/STM32H7xx_HAL_Driver/Src/stm32h7xx_hal_dma.o
 .ARM.attributes
                0x000002fd       0x32 ./Drivers/STM32H7xx_HAL_Driver/Src/stm32h7xx_hal_gpio.o
 .ARM.attributes
                0x0000032f       0x32 ./Drivers/STM32H7xx_HAL_Driver/Src/stm32h7xx_hal_pwr_ex.o
 .ARM.attributes
                0x00000361       0x32 ./Drivers/STM32H7xx_HAL_Driver/Src/stm32h7xx_hal_rcc.o
 .ARM.attributes
                0x00000393       0x32 ./Drivers/STM32H7xx_HAL_Driver/Src/stm32h7xx_hal_rcc_ex.o
 .ARM.attributes
                0x000003c5       0x32 ./Drivers/STM32H7xx_HAL_Driver/Src/stm32h7xx_hal_uart.o
 .ARM.attributes
                0x000003f7       0x32 ./Drivers/STM32H7xx_HAL_Driver/Src/stm32h7xx_hal_uart_ex.o
 .ARM.attributes
                0x00000429       0x32 C:/ST/STM32CubeIDE_1.17.0/STM32CubeIDE/plugins/com.st.stm32cube.ide.mcu.externaltools.gnu-tools-for-stm32.12.3.rel1.win32_1.1.0.202410251130/tools/bin/../lib/gcc/arm-none-eabi/12.3.1/../../../../arm-none-eabi/lib/thumb/v7e-m+dp/hard\libc_nano.a(libc_a-findfp.o)
 .ARM.attributes
                0x0000045b       0x32 C:/ST/STM32CubeIDE_1.17.0/STM32CubeIDE/plugins/com.st.stm32cube.ide.mcu.externaltools.gnu-tools-for-stm32.12.3.rel1.win32_1.1.0.202410251130/tools/bin/../lib/gcc/arm-none-eabi/12.3.1/../../../../arm-none-eabi/lib/thumb/v7e-m+dp/hard\libc_nano.a(libc_a-fwalk.o)
 .ARM.attributes
                0x0000048d       0x32 C:/ST/STM32CubeIDE_1.17.0/STM32CubeIDE/plugins/com.st.stm32cube.ide.mcu.externaltools.gnu-tools-for-stm32.12.3.rel1.win32_1.1.0.202410251130/tools/bin/../lib/gcc/arm-none-eabi/12.3.1/../../../../arm-none-eabi/lib/thumb/v7e-m+dp/hard\libc_nano.a(libc_a-printf.o)
 .ARM.attributes
                0x000004bf       0x32 C:/ST/STM32CubeIDE_1.17.0/STM32CubeIDE/plugins/com.st.stm32cube.ide.mcu.externaltools.gnu-tools-for-stm32.12.3.rel1.win32_1.1.0.202410251130/tools/bin/../lib/gcc/arm-none-eabi/12.3.1/../../../../arm-none-eabi/lib/thumb/v7e-m+dp/hard\libc_nano.a(libc_a-stdio.o)
 .ARM.attributes
                0x000004f1       0x32 C:/ST/STM32CubeIDE_1.17.0/STM32CubeIDE/plugins/com.st.stm32cube.ide.mcu.externaltools.gnu-tools-for-stm32.12.3.rel1.win32_1.1.0.202410251130/tools/bin/../lib/gcc/arm-none-eabi/12.3.1/../../../../arm-none-eabi/lib/thumb/v7e-m+dp/hard\libc_nano.a(libc_a-memset.o)
 .ARM.attributes
                0x00000523       0x32 C:/ST/STM32CubeIDE_1.17.0/STM32CubeIDE/plugins/com.st.stm32cube.ide.mcu.externaltools.gnu-tools-for-stm32.12.3.rel1.win32_1.1.0.202410251130/tools/bin/../lib/gcc/arm-none-eabi/12.3.1/../../../../arm-none-eabi/lib/thumb/v7e-m+dp/hard\libc_nano.a(libc_a-closer.o)
 .ARM.attributes
                0x00000555       0x32 C:/ST/STM32CubeIDE_1.17.0/STM32CubeIDE/plugins/com.st.stm32cube.ide.mcu.externaltools.gnu-tools-for-stm32.12.3.rel1.win32_1.1.0.202410251130/tools/bin/../lib/gcc/arm-none-eabi/12.3.1/../../../../arm-none-eabi/lib/thumb/v7e-m+dp/hard\libc_nano.a(libc_a-reent.o)
 .ARM.attributes
                0x00000587       0x32 C:/ST/STM32CubeIDE_1.17.0/STM32CubeIDE/plugins/com.st.stm32cube.ide.mcu.externaltools.gnu-tools-for-stm32.12.3.rel1.win32_1.1.0.202410251130/tools/bin/../lib/gcc/arm-none-eabi/12.3.1/../../../../arm-none-eabi/lib/thumb/v7e-m+dp/hard\libc_nano.a(libc_a-impure.o)
 .ARM.attributes
                0x000005b9       0x32 C:/ST/STM32CubeIDE_1.17.0/STM32CubeIDE/plugins/com.st.stm32cube.ide.mcu.externaltools.gnu-tools-for-stm32.12.3.rel1.win32_1.1.0.202410251130/tools/bin/../lib/gcc/arm-none-eabi/12.3.1/../../../../arm-none-eabi/lib/thumb/v7e-m+dp/hard\libc_nano.a(libc_a-lseekr.o)
 .ARM.attributes
                0x000005eb       0x32 C:/ST/STM32CubeIDE_1.17.0/STM32CubeIDE/plugins/com.st.stm32cube.ide.mcu.externaltools.gnu-tools-for-stm32.12.3.rel1.win32_1.1.0.202410251130/tools/bin/../lib/gcc/arm-none-eabi/12.3.1/../../../../arm-none-eabi/lib/thumb/v7e-m+dp/hard\libc_nano.a(libc_a-readr.o)
 .ARM.attributes
                0x0000061d       0x32 C:/ST/STM32CubeIDE_1.17.0/STM32CubeIDE/plugins/com.st.stm32cube.ide.mcu.externaltools.gnu-tools-for-stm32.12.3.rel1.win32_1.1.0.202410251130/tools/bin/../lib/gcc/arm-none-eabi/12.3.1/../../../../arm-none-eabi/lib/thumb/v7e-m+dp/hard\libc_nano.a(libc_a-writer.o)
 .ARM.attributes
                0x0000064f       0x32 C:/ST/STM32CubeIDE_1.17.0/STM32CubeIDE/plugins/com.st.stm32cube.ide.mcu.externaltools.gnu-tools-for-stm32.12.3.rel1.win32_1.1.0.202410251130/tools/bin/../lib/gcc/arm-none-eabi/12.3.1/../../../../arm-none-eabi/lib/thumb/v7e-m+dp/hard\libc_nano.a(libc_a-errno.o)
 .ARM.attributes
                0x00000681       0x32 C:/ST/STM32CubeIDE_1.17.0/STM32CubeIDE/plugins/com.st.stm32cube.ide.mcu.externaltools.gnu-tools-for-stm32.12.3.rel1.win32_1.1.0.202410251130/tools/bin/../lib/gcc/arm-none-eabi/12.3.1/../../../../arm-none-eabi/lib/thumb/v7e-m+dp/hard\libc_nano.a(libc_a-init.o)
 .ARM.attributes
                0x000006b3       0x32 C:/ST/STM32CubeIDE_1.17.0/STM32CubeIDE/plugins/com.st.stm32cube.ide.mcu.externaltools.gnu-tools-for-stm32.12.3.rel1.win32_1.1.0.202410251130/tools/bin/../lib/gcc/arm-none-eabi/12.3.1/../../../../arm-none-eabi/lib/thumb/v7e-m+dp/hard\libc_nano.a(libc_a-lock.o)
 .ARM.attributes
                0x000006e5       0x32 C:/ST/STM32CubeIDE_1.17.0/STM32CubeIDE/plugins/com.st.stm32cube.ide.mcu.externaltools.gnu-tools-for-stm32.12.3.rel1.win32_1.1.0.202410251130/tools/bin/../lib/gcc/arm-none-eabi/12.3.1/../../../../arm-none-eabi/lib/thumb/v7e-m+dp/hard\libc_nano.a(libc_a-memcpy-stub.o)
 .ARM.attributes
                0x00000717       0x32 C:/ST/STM32CubeIDE_1.17.0/STM32CubeIDE/plugins/com.st.stm32cube.ide.mcu.externaltools.gnu-tools-for-stm32.12.3.rel1.win32_1.1.0.202410251130/tools/bin/../lib/gcc/arm-none-eabi/12.3.1/../../../../arm-none-eabi/lib/thumb/v7e-m+dp/hard\libc_nano.a(libc_a-freer.o)
 .ARM.attributes
                0x00000749       0x32 C:/ST/STM32CubeIDE_1.17.0/STM32CubeIDE/plugins/com.st.stm32cube.ide.mcu.externaltools.gnu-tools-for-stm32.12.3.rel1.win32_1.1.0.202410251130/tools/bin/../lib/gcc/arm-none-eabi/12.3.1/../../../../arm-none-eabi/lib/thumb/v7e-m+dp/hard\libc_nano.a(libc_a-mallocr.o)
 .ARM.attributes
                0x0000077b       0x32 C:/ST/STM32CubeIDE_1.17.0/STM32CubeIDE/plugins/com.st.stm32cube.ide.mcu.externaltools.gnu-tools-for-stm32.12.3.rel1.win32_1.1.0.202410251130/tools/bin/../lib/gcc/arm-none-eabi/12.3.1/../../../../arm-none-eabi/lib/thumb/v7e-m+dp/hard\libc_nano.a(libc_a-mlock.o)
 .ARM.attributes
                0x000007ad       0x32 C:/ST/STM32CubeIDE_1.17.0/STM32CubeIDE/plugins/com.st.stm32cube.ide.mcu.externaltools.gnu-tools-for-stm32.12.3.rel1.win32_1.1.0.202410251130/tools/bin/../lib/gcc/arm-none-eabi/12.3.1/../../../../arm-none-eabi/lib/thumb/v7e-m+dp/hard\libc_nano.a(libc_a-nano-vfprintf.o)
 .ARM.attributes
                0x000007df       0x32 C:/ST/STM32CubeIDE_1.17.0/STM32CubeIDE/plugins/com.st.stm32cube.ide.mcu.externaltools.gnu-tools-for-stm32.12.3.rel1.win32_1.1.0.202410251130/tools/bin/../lib/gcc/arm-none-eabi/12.3.1/../../../../arm-none-eabi/lib/thumb/v7e-m+dp/hard\libc_nano.a(libc_a-nano-vfprintf_i.o)
 .ARM.attributes
                0x00000811       0x32 C:/ST/STM32CubeIDE_1.17.0/STM32CubeIDE/plugins/com.st.stm32cube.ide.mcu.externaltools.gnu-tools-for-stm32.12.3.rel1.win32_1.1.0.202410251130/tools/bin/../lib/gcc/arm-none-eabi/12.3.1/../../../../arm-none-eabi/lib/thumb/v7e-m+dp/hard\libc_nano.a(libc_a-fflush.o)
 .ARM.attributes
                0x00000843       0x32 C:/ST/STM32CubeIDE_1.17.0/STM32CubeIDE/plugins/com.st.stm32cube.ide.mcu.externaltools.gnu-tools-for-stm32.12.3.rel1.win32_1.1.0.202410251130/tools/bin/../lib/gcc/arm-none-eabi/12.3.1/../../../../arm-none-eabi/lib/thumb/v7e-m+dp/hard\libc_nano.a(libc_a-wbuf.o)
 .ARM.attributes
                0x00000875       0x32 C:/ST/STM32CubeIDE_1.17.0/STM32CubeIDE/plugins/com.st.stm32cube.ide.mcu.externaltools.gnu-tools-for-stm32.12.3.rel1.win32_1.1.0.202410251130/tools/bin/../lib/gcc/arm-none-eabi/12.3.1/../../../../arm-none-eabi/lib/thumb/v7e-m+dp/hard\libc_nano.a(libc_a-wsetup.o)
 .ARM.attributes
                0x000008a7       0x32 C:/ST/STM32CubeIDE_1.17.0/STM32CubeIDE/plugins/com.st.stm32cube.ide.mcu.externaltools.gnu-tools-for-stm32.12.3.rel1.win32_1.1.0.202410251130/tools/bin/../lib/gcc/arm-none-eabi/12.3.1/../../../../arm-none-eabi/lib/thumb/v7e-m+dp/hard\libc_nano.a(libc_a-sbrkr.o)
 .ARM.attributes
                0x000008d9       0x1c C:/ST/STM32CubeIDE_1.17.0/STM32CubeIDE/plugins/com.st.stm32cube.ide.mcu.externaltools.gnu-tools-for-stm32.12.3.rel1.win32_1.1.0.202410251130/tools/bin/../lib/gcc/arm-none-eabi/12.3.1/../../../../arm-none-eabi/lib/thumb/v7e-m+dp/hard\libc_nano.a(libc_a-memchr.o)
 .ARM.attributes
                0x000008f5       0x32 C:/ST/STM32CubeIDE_1.17.0/STM32CubeIDE/plugins/com.st.stm32cube.ide.mcu.externaltools.gnu-tools-for-stm32.12.3.rel1.win32_1.1.0.202410251130/tools/bin/../lib/gcc/arm-none-eabi/12.3.1/../../../../arm-none-eabi/lib/thumb/v7e-m+dp/hard\libc_nano.a(libc_a-makebuf.o)
 .ARM.attributes
                0x00000927       0x32 C:/ST/STM32CubeIDE_1.17.0/STM32CubeIDE/plugins/com.st.stm32cube.ide.mcu.externaltools.gnu-tools-for-stm32.12.3.rel1.win32_1.1.0.202410251130/tools/bin/../lib/gcc/arm-none-eabi/12.3.1/../../../../arm-none-eabi/lib/thumb/v7e-m+dp/hard\libc_nano.a(libc_a-fstatr.o)
 .ARM.attributes
                0x00000959       0x32 C:/ST/STM32CubeIDE_1.17.0/STM32CubeIDE/plugins/com.st.stm32cube.ide.mcu.externaltools.gnu-tools-for-stm32.12.3.rel1.win32_1.1.0.202410251130/tools/bin/../lib/gcc/arm-none-eabi/12.3.1/../../../../arm-none-eabi/lib/thumb/v7e-m+dp/hard\libc_nano.a(libc_a-isattyr.o)
 .ARM.attributes
                0x0000098b       0x20 C:/ST/STM32CubeIDE_1.17.0/STM32CubeIDE/plugins/com.st.stm32cube.ide.mcu.externaltools.gnu-tools-for-stm32.12.3.rel1.win32_1.1.0.202410251130/tools/bin/../lib/gcc/arm-none-eabi/12.3.1/thumb/v7e-m+dp/hard\libgcc.a(_aeabi_uldivmod.o)
 .ARM.attributes
                0x000009ab       0x32 C:/ST/STM32CubeIDE_1.17.0/STM32CubeIDE/plugins/com.st.stm32cube.ide.mcu.externaltools.gnu-tools-for-stm32.12.3.rel1.win32_1.1.0.202410251130/tools/bin/../lib/gcc/arm-none-eabi/12.3.1/thumb/v7e-m+dp/hard\libgcc.a(_udivmoddi4.o)
 .ARM.attributes
                0x000009dd       0x20 C:/ST/STM32CubeIDE_1.17.0/STM32CubeIDE/plugins/com.st.stm32cube.ide.mcu.externaltools.gnu-tools-for-stm32.12.3.rel1.win32_1.1.0.202410251130/tools/bin/../lib/gcc/arm-none-eabi/12.3.1/thumb/v7e-m+dp/hard\libgcc.a(_dvmd_tls.o)
 .ARM.attributes
                0x000009fd       0x20 C:/ST/STM32CubeIDE_1.17.0/STM32CubeIDE/plugins/com.st.stm32cube.ide.mcu.externaltools.gnu-tools-for-stm32.12.3.rel1.win32_1.1.0.202410251130/tools/bin/../lib/gcc/arm-none-eabi/12.3.1/thumb/v7e-m+dp/hard/crtn.o
OUTPUT(protobuffer.elf elf32-littlearm)
LOAD linker stubs
LOAD C:/ST/STM32CubeIDE_1.17.0/STM32CubeIDE/plugins/com.st.stm32cube.ide.mcu.externaltools.gnu-tools-for-stm32.12.3.rel1.win32_1.1.0.202410251130/tools/bin/../lib/gcc/arm-none-eabi/12.3.1/../../../../arm-none-eabi/lib/thumb/v7e-m+dp/hard\libc.a
LOAD C:/ST/STM32CubeIDE_1.17.0/STM32CubeIDE/plugins/com.st.stm32cube.ide.mcu.externaltools.gnu-tools-for-stm32.12.3.rel1.win32_1.1.0.202410251130/tools/bin/../lib/gcc/arm-none-eabi/12.3.1/../../../../arm-none-eabi/lib/thumb/v7e-m+dp/hard\libm.a
LOAD C:/ST/STM32CubeIDE_1.17.0/STM32CubeIDE/plugins/com.st.stm32cube.ide.mcu.externaltools.gnu-tools-for-stm32.12.3.rel1.win32_1.1.0.202410251130/tools/bin/../lib/gcc/arm-none-eabi/12.3.1/thumb/v7e-m+dp/hard\libgcc.a

.debug_info     0x00000000    0x13375
 .debug_info    0x00000000      0x1c1 ./Core/Src/circularbuffer.o
 .debug_info    0x000001c1      0x34d ./Core/Src/led_blink.pb.o
 .debug_info    0x0000050e     0x17a5 ./Core/Src/main.o
 .debug_info    0x00001cb3      0x8be ./Core/Src/pb_common.o
 .debug_info    0x00002571     0x165a ./Core/Src/pb_decode.o
 .debug_info    0x00003bcb     0x1425 ./Core/Src/stm32h7xx_hal_msp.o
 .debug_info    0x00004ff0      0x830 ./Core/Src/stm32h7xx_it.o
 .debug_info    0x00005820      0x6a3 ./Core/Src/syscalls.o
 .debug_info    0x00005ec3      0x168 ./Core/Src/sysmem.o
 .debug_info    0x0000602b      0xd33 ./Core/Src/system_stm32h7xx.o
 .debug_info    0x00006d5e       0x30 ./Core/Startup/startup_stm32h7a3zitxq.o
 .debug_info    0x00006d8e     0x13f1 ./Drivers/STM32H7xx_HAL_Driver/Src/stm32h7xx_hal.o
 .debug_info    0x0000817f     0x1093 ./Drivers/STM32H7xx_HAL_Driver/Src/stm32h7xx_hal_cortex.o
 .debug_info    0x00009212      0xb71 ./Drivers/STM32H7xx_HAL_Driver/Src/stm32h7xx_hal_dma.o
 .debug_info    0x00009d83      0xb3a ./Drivers/STM32H7xx_HAL_Driver/Src/stm32h7xx_hal_gpio.o
 .debug_info    0x0000a8bd      0xf01 ./Drivers/STM32H7xx_HAL_Driver/Src/stm32h7xx_hal_pwr_ex.o
 .debug_info    0x0000b7be      0xeb0 ./Drivers/STM32H7xx_HAL_Driver/Src/stm32h7xx_hal_rcc.o
 .debug_info    0x0000c66e     0x120c ./Drivers/STM32H7xx_HAL_Driver/Src/stm32h7xx_hal_rcc_ex.o
 .debug_info    0x0000d87a     0x4b3c ./Drivers/STM32H7xx_HAL_Driver/Src/stm32h7xx_hal_uart.o
 .debug_info    0x000123b6      0xfbf ./Drivers/STM32H7xx_HAL_Driver/Src/stm32h7xx_hal_uart_ex.o

.debug_abbrev   0x00000000     0x2a98
 .debug_abbrev  0x00000000      0x12d ./Core/Src/circularbuffer.o
 .debug_abbrev  0x0000012d      0x11c ./Core/Src/led_blink.pb.o
 .debug_abbrev  0x00000249      0x372 ./Core/Src/main.o
 .debug_abbrev  0x000005bb      0x249 ./Core/Src/pb_common.o
 .debug_abbrev  0x00000804      0x303 ./Core/Src/pb_decode.o
 .debug_abbrev  0x00000b07      0x21d ./Core/Src/stm32h7xx_hal_msp.o
 .debug_abbrev  0x00000d24      0x170 ./Core/Src/stm32h7xx_it.o
 .debug_abbrev  0x00000e94      0x1b6 ./Core/Src/syscalls.o
 .debug_abbrev  0x0000104a       0xbc ./Core/Src/sysmem.o
 .debug_abbrev  0x00001106      0x165 ./Core/Src/system_stm32h7xx.o
 .debug_abbrev  0x0000126b       0x24 ./Core/Startup/startup_stm32h7a3zitxq.o
 .debug_abbrev  0x0000128f      0x291 ./Drivers/STM32H7xx_HAL_Driver/Src/stm32h7xx_hal.o
 .debug_abbrev  0x00001520      0x339 ./Drivers/STM32H7xx_HAL_Driver/Src/stm32h7xx_hal_cortex.o
 .debug_abbrev  0x00001859      0x248 ./Drivers/STM32H7xx_HAL_Driver/Src/stm32h7xx_hal_dma.o
 .debug_abbrev  0x00001aa1      0x201 ./Drivers/STM32H7xx_HAL_Driver/Src/stm32h7xx_hal_gpio.o
 .debug_abbrev  0x00001ca2      0x297 ./Drivers/STM32H7xx_HAL_Driver/Src/stm32h7xx_hal_pwr_ex.o
 .debug_abbrev  0x00001f39      0x2c5 ./Drivers/STM32H7xx_HAL_Driver/Src/stm32h7xx_hal_rcc.o
 .debug_abbrev  0x000021fe      0x27a ./Drivers/STM32H7xx_HAL_Driver/Src/stm32h7xx_hal_rcc_ex.o
 .debug_abbrev  0x00002478      0x34e ./Drivers/STM32H7xx_HAL_Driver/Src/stm32h7xx_hal_uart.o
 .debug_abbrev  0x000027c6      0x2d2 ./Drivers/STM32H7xx_HAL_Driver/Src/stm32h7xx_hal_uart_ex.o

.debug_aranges  0x00000000      0xdc0
 .debug_aranges
                0x00000000       0x28 ./Core/Src/circularbuffer.o
 .debug_aranges
                0x00000028       0x18 ./Core/Src/led_blink.pb.o
 .debug_aranges
                0x00000040       0x60 ./Core/Src/main.o
 .debug_aranges
                0x000000a0       0x70 ./Core/Src/pb_common.o
 .debug_aranges
                0x00000110      0x140 ./Core/Src/pb_decode.o
 .debug_aranges
                0x00000250       0x30 ./Core/Src/stm32h7xx_hal_msp.o
 .debug_aranges
                0x00000280       0x68 ./Core/Src/stm32h7xx_it.o
 .debug_aranges
                0x000002e8       0xa8 ./Core/Src/syscalls.o
 .debug_aranges
                0x00000390       0x20 ./Core/Src/sysmem.o
 .debug_aranges
                0x000003b0       0x30 ./Core/Src/system_stm32h7xx.o
 .debug_aranges
                0x000003e0       0x28 ./Core/Startup/startup_stm32h7a3zitxq.o
 .debug_aranges
                0x00000408      0x1a0 ./Drivers/STM32H7xx_HAL_Driver/Src/stm32h7xx_hal.o
 .debug_aranges
                0x000005a8      0x130 ./Drivers/STM32H7xx_HAL_Driver/Src/stm32h7xx_hal_cortex.o
 .debug_aranges
                0x000006d8       0xa0 ./Drivers/STM32H7xx_HAL_Driver/Src/stm32h7xx_hal_dma.o
 .debug_aranges
                0x00000778       0x58 ./Drivers/STM32H7xx_HAL_Driver/Src/stm32h7xx_hal_gpio.o
 .debug_aranges
                0x000007d0      0x188 ./Drivers/STM32H7xx_HAL_Driver/Src/stm32h7xx_hal_pwr_ex.o
 .debug_aranges
                0x00000958       0x88 ./Drivers/STM32H7xx_HAL_Driver/Src/stm32h7xx_hal_rcc.o
 .debug_aranges
                0x000009e0       0xf0 ./Drivers/STM32H7xx_HAL_Driver/Src/stm32h7xx_hal_rcc_ex.o
 .debug_aranges
                0x00000ad0      0x248 ./Drivers/STM32H7xx_HAL_Driver/Src/stm32h7xx_hal_uart.o
 .debug_aranges
                0x00000d18       0xa8 ./Drivers/STM32H7xx_HAL_Driver/Src/stm32h7xx_hal_uart_ex.o

.debug_rnglists
                0x00000000      0xab3
 .debug_rnglists
                0x00000000       0x27 ./Core/Src/circularbuffer.o
 .debug_rnglists
                0x00000027       0x48 ./Core/Src/main.o
 .debug_rnglists
                0x0000006f       0x52 ./Core/Src/pb_common.o
 .debug_rnglists
                0x000000c1      0x129 ./Core/Src/pb_decode.o
 .debug_rnglists
                0x000001ea       0x20 ./Core/Src/stm32h7xx_hal_msp.o
 .debug_rnglists
                0x0000020a       0x49 ./Core/Src/stm32h7xx_it.o
 .debug_rnglists
                0x00000253       0x79 ./Core/Src/syscalls.o
 .debug_rnglists
                0x000002cc       0x13 ./Core/Src/sysmem.o
 .debug_rnglists
                0x000002df       0x21 ./Core/Src/system_stm32h7xx.o
 .debug_rnglists
                0x00000300       0x19 ./Core/Startup/startup_stm32h7a3zitxq.o
 .debug_rnglists
                0x00000319      0x137 ./Drivers/STM32H7xx_HAL_Driver/Src/stm32h7xx_hal.o
 .debug_rnglists
                0x00000450       0xe0 ./Drivers/STM32H7xx_HAL_Driver/Src/stm32h7xx_hal_cortex.o
 .debug_rnglists
                0x00000530       0x82 ./Drivers/STM32H7xx_HAL_Driver/Src/stm32h7xx_hal_dma.o
 .debug_rnglists
                0x000005b2       0x3f ./Drivers/STM32H7xx_HAL_Driver/Src/stm32h7xx_hal_gpio.o
 .debug_rnglists
                0x000005f1      0x127 ./Drivers/STM32H7xx_HAL_Driver/Src/stm32h7xx_hal_pwr_ex.o
 .debug_rnglists
                0x00000718       0x68 ./Drivers/STM32H7xx_HAL_Driver/Src/stm32h7xx_hal_rcc.o
 .debug_rnglists
                0x00000780       0xba ./Drivers/STM32H7xx_HAL_Driver/Src/stm32h7xx_hal_rcc_ex.o
 .debug_rnglists
                0x0000083a      0x1fa ./Drivers/STM32H7xx_HAL_Driver/Src/stm32h7xx_hal_uart.o
 .debug_rnglists
                0x00000a34       0x7f ./Drivers/STM32H7xx_HAL_Driver/Src/stm32h7xx_hal_uart_ex.o

.debug_macro    0x00000000    0x31518
 .debug_macro   0x00000000      0x183 ./Core/Src/circularbuffer.o
 .debug_macro   0x00000183      0xad2 ./Core/Src/circularbuffer.o
 .debug_macro   0x00000c55       0x22 ./Core/Src/circularbuffer.o
 .debug_macro   0x00000c77       0x5b ./Core/Src/circularbuffer.o
 .debug_macro   0x00000cd2       0x29 ./Core/Src/circularbuffer.o
 .debug_macro   0x00000cfb       0x94 ./Core/Src/circularbuffer.o
 .debug_macro   0x00000d8f       0x43 ./Core/Src/circularbuffer.o
 .debug_macro   0x00000dd2       0x34 ./Core/Src/circularbuffer.o
 .debug_macro   0x00000e06       0x16 ./Core/Src/circularbuffer.o
 .debug_macro   0x00000e1c       0x57 ./Core/Src/circularbuffer.o
 .debug_macro   0x00000e73       0x9e ./Core/Src/circularbuffer.o
 .debug_macro   0x00000f11      0x369 ./Core/Src/circularbuffer.o
 .debug_macro   0x0000127a      0x10b ./Core/Src/circularbuffer.o
 .debug_macro   0x00001385       0x10 ./Core/Src/circularbuffer.o
 .debug_macro   0x00001395       0x16 ./Core/Src/circularbuffer.o
 .debug_macro   0x000013ab       0x43 ./Core/Src/circularbuffer.o
 .debug_macro   0x000013ee       0x34 ./Core/Src/circularbuffer.o
 .debug_macro   0x00001422       0x10 ./Core/Src/circularbuffer.o
 .debug_macro   0x00001432       0x58 ./Core/Src/circularbuffer.o
 .debug_macro   0x0000148a       0x8e ./Core/Src/circularbuffer.o
 .debug_macro   0x00001518       0x1c ./Core/Src/circularbuffer.o
 .debug_macro   0x00001534      0x177 ./Core/Src/circularbuffer.o
 .debug_macro   0x000016ab       0x16 ./Core/Src/circularbuffer.o
 .debug_macro   0x000016c1       0x16 ./Core/Src/circularbuffer.o
 .debug_macro   0x000016d7      0x146 ./Core/Src/circularbuffer.o
 .debug_macro   0x0000181d       0x16 ./Core/Src/circularbuffer.o
 .debug_macro   0x00001833       0x35 ./Core/Src/circularbuffer.o
 .debug_macro   0x00001868       0x20 ./Core/Src/circularbuffer.o
 .debug_macro   0x00001888      0x103 ./Core/Src/circularbuffer.o
 .debug_macro   0x0000198b       0x6a ./Core/Src/circularbuffer.o
 .debug_macro   0x000019f5      0x1df ./Core/Src/circularbuffer.o
 .debug_macro   0x00001bd4       0x22 ./Core/Src/circularbuffer.o
 .debug_macro   0x00001bf6      0x19c ./Core/Src/led_blink.pb.o
 .debug_macro   0x00001d92       0x10 ./Core/Src/led_blink.pb.o
 .debug_macro   0x00001da2       0x8e ./Core/Src/led_blink.pb.o
 .debug_macro   0x00001e30       0x51 ./Core/Src/led_blink.pb.o
 .debug_macro   0x00001e81      0x189 ./Core/Src/led_blink.pb.o
 .debug_macro   0x0000200a       0x61 ./Core/Src/led_blink.pb.o
 .debug_macro   0x0000206b       0x10 ./Core/Src/led_blink.pb.o
 .debug_macro   0x0000207b       0x7c ./Core/Src/led_blink.pb.o
 .debug_macro   0x000020f7       0x17 ./Core/Src/led_blink.pb.o
 .debug_macro   0x0000210e      0x118 ./Core/Src/led_blink.pb.o
 .debug_macro   0x00002226      0x660 ./Core/Src/led_blink.pb.o
 .debug_macro   0x00002886       0x3a ./Core/Src/led_blink.pb.o
 .debug_macro   0x000028c0      0x398 ./Core/Src/main.o
 .debug_macro   0x00002c58      0x232 ./Core/Src/main.o
 .debug_macro   0x00002e8a       0x2e ./Core/Src/main.o
 .debug_macro   0x00002eb8       0x42 ./Core/Src/main.o
 .debug_macro   0x00002efa       0x1c ./Core/Src/main.o
 .debug_macro   0x00002f16       0x22 ./Core/Src/main.o
 .debug_macro   0x00002f38       0xfb ./Core/Src/main.o
 .debug_macro   0x00003033     0x1305 ./Core/Src/main.o
 .debug_macro   0x00004338      0x11f ./Core/Src/main.o
 .debug_macro   0x00004457       0x27 ./Core/Src/main.o
 .debug_macro   0x0000447e    0x1ebe7 ./Core/Src/main.o
 .debug_macro   0x00023065       0x6d ./Core/Src/main.o
 .debug_macro   0x000230d2     0x3d80 ./Core/Src/main.o
 .debug_macro   0x00026e52      0x19b ./Core/Src/main.o
 .debug_macro   0x00026fed       0x5d ./Core/Src/main.o
 .debug_macro   0x0002704a     0x24ee ./Core/Src/main.o
 .debug_macro   0x00029538     0x103a ./Core/Src/main.o
 .debug_macro   0x0002a572      0x154 ./Core/Src/main.o
 .debug_macro   0x0002a6c6      0x114 ./Core/Src/main.o
 .debug_macro   0x0002a7da      0x3d5 ./Core/Src/main.o
 .debug_macro   0x0002abaf       0xac ./Core/Src/main.o
 .debug_macro   0x0002ac5b      0x70a ./Core/Src/main.o
 .debug_macro   0x0002b365      0x20c ./Core/Src/main.o
 .debug_macro   0x0002b571       0x66 ./Core/Src/main.o
 .debug_macro   0x0002b5d7      0x3c9 ./Core/Src/main.o
 .debug_macro   0x0002b9a0      0x3eb ./Core/Src/main.o
 .debug_macro   0x0002bd8b      0x275 ./Core/Src/main.o
 .debug_macro   0x0002c000      0x6c8 ./Core/Src/main.o
 .debug_macro   0x0002c6c8      0x520 ./Core/Src/main.o
 .debug_macro   0x0002cbe8       0x58 ./Core/Src/main.o
 .debug_macro   0x0002cc40       0x4a ./Core/Src/main.o
 .debug_macro   0x0002cc8a      0x22c ./Core/Src/main.o
 .debug_macro   0x0002ceb6       0x67 ./Core/Src/main.o
 .debug_macro   0x0002cf1d       0xa5 ./Core/Src/main.o
 .debug_macro   0x0002cfc2      0x1bd ./Core/Src/main.o
 .debug_macro   0x0002d17f      0x2dc ./Core/Src/main.o
 .debug_macro   0x0002d45b       0x35 ./Core/Src/main.o
 .debug_macro   0x0002d490      0x693 ./Core/Src/main.o
 .debug_macro   0x0002db23       0xa6 ./Core/Src/main.o
 .debug_macro   0x0002dbc9      0x5ca ./Core/Src/main.o
 .debug_macro   0x0002e193       0x7c ./Core/Src/main.o
 .debug_macro   0x0002e20f       0x1c ./Core/Src/main.o
 .debug_macro   0x0002e22b       0x1c ./Core/Src/main.o
 .debug_macro   0x0002e247       0x22 ./Core/Src/main.o
 .debug_macro   0x0002e269       0x3a ./Core/Src/main.o
 .debug_macro   0x0002e2a3       0x10 ./Core/Src/main.o
 .debug_macro   0x0002e2b3      0x197 ./Core/Src/pb_common.o
 .debug_macro   0x0002e44a      0x1bc ./Core/Src/pb_decode.o
 .debug_macro   0x0002e606       0x34 ./Core/Src/pb_decode.o
 .debug_macro   0x0002e63a      0x2a3 ./Core/Src/stm32h7xx_hal_msp.o
 .debug_macro   0x0002e8dd      0x2ad ./Core/Src/stm32h7xx_it.o
 .debug_macro   0x0002eb8a      0x274 ./Core/Src/syscalls.o
 .debug_macro   0x0002edfe       0x10 ./Core/Src/syscalls.o
 .debug_macro   0x0002ee0e       0x10 ./Core/Src/syscalls.o
 .debug_macro   0x0002ee1e       0x10 ./Core/Src/syscalls.o
 .debug_macro   0x0002ee2e       0x10 ./Core/Src/syscalls.o
 .debug_macro   0x0002ee3e       0x1c ./Core/Src/syscalls.o
 .debug_macro   0x0002ee5a       0x52 ./Core/Src/syscalls.o
 .debug_macro   0x0002eeac       0x22 ./Core/Src/syscalls.o
 .debug_macro   0x0002eece       0x10 ./Core/Src/syscalls.o
 .debug_macro   0x0002eede       0x52 ./Core/Src/syscalls.o
 .debug_macro   0x0002ef30       0xcf ./Core/Src/syscalls.o
 .debug_macro   0x0002efff       0x1c ./Core/Src/syscalls.o
 .debug_macro   0x0002f01b       0x3d ./Core/Src/syscalls.o
 .debug_macro   0x0002f058       0x35 ./Core/Src/syscalls.o
 .debug_macro   0x0002f08d      0x12c ./Core/Src/syscalls.o
 .debug_macro   0x0002f1b9       0x16 ./Core/Src/syscalls.o
 .debug_macro   0x0002f1cf       0x16 ./Core/Src/syscalls.o
 .debug_macro   0x0002f1e5       0x29 ./Core/Src/syscalls.o
 .debug_macro   0x0002f20e       0x10 ./Core/Src/syscalls.o
 .debug_macro   0x0002f21e      0x242 ./Core/Src/syscalls.o
 .debug_macro   0x0002f460       0x10 ./Core/Src/syscalls.o
 .debug_macro   0x0002f470      0x18a ./Core/Src/syscalls.o
 .debug_macro   0x0002f5fa       0x16 ./Core/Src/syscalls.o
 .debug_macro   0x0002f610       0xce ./Core/Src/syscalls.o
 .debug_macro   0x0002f6de       0xff ./Core/Src/sysmem.o
 .debug_macro   0x0002f7dd      0x23c ./Core/Src/sysmem.o
 .debug_macro   0x0002fa19      0x294 ./Core/Src/system_stm32h7xx.o
 .debug_macro   0x0002fcad      0x2be ./Drivers/STM32H7xx_HAL_Driver/Src/stm32h7xx_hal.o
 .debug_macro   0x0002ff6b      0x294 ./Drivers/STM32H7xx_HAL_Driver/Src/stm32h7xx_hal_cortex.o
 .debug_macro   0x000301ff      0x2e8 ./Drivers/STM32H7xx_HAL_Driver/Src/stm32h7xx_hal_dma.o
 .debug_macro   0x000304e7      0x29b ./Drivers/STM32H7xx_HAL_Driver/Src/stm32h7xx_hal_gpio.o
 .debug_macro   0x00030782      0x2cd ./Drivers/STM32H7xx_HAL_Driver/Src/stm32h7xx_hal_pwr_ex.o
 .debug_macro   0x00030a4f      0x2b8 ./Drivers/STM32H7xx_HAL_Driver/Src/stm32h7xx_hal_rcc.o
 .debug_macro   0x00030d07      0x2b2 ./Drivers/STM32H7xx_HAL_Driver/Src/stm32h7xx_hal_rcc_ex.o
 .debug_macro   0x00030fb9      0x2bf ./Drivers/STM32H7xx_HAL_Driver/Src/stm32h7xx_hal_uart.o