Archive member included to satisfy reference by file (symbol)

C:/ST/STM32CubeIDE_1.17.0/STM32CubeIDE/plugins/com.st.stm32cube.ide.mcu.externaltools.gnu-tools-for-stm32.12.3.rel1.win32_1.1.0.202410251130/tools/bin/../lib/gcc/arm-none-eabi/12.3.1/../../../../arm-none-eabi/lib/thumb/v7e-m+dp/hard\libc_nano.a(libc_a-exit.o)
                              C:/ST/STM32CubeIDE_1.17.0/STM32CubeIDE/plugins/com.st.stm32cube.ide.mcu.externaltools.gnu-tools-for-stm32.12.3.rel1.win32_1.1.0.202410251130/tools/bin/../lib/gcc/arm-none-eabi/12.3.1/../../../../arm-none-eabi/lib/thumb/v7e-m+dp/hard/crt0.o (exit)
C:/ST/STM32CubeIDE_1.17.0/STM32CubeIDE/plugins/com.st.stm32cube.ide.mcu.externaltools.gnu-tools-for-stm32.12.3.rel1.win32_1.1.0.202410251130/tools/bin/../lib/gcc/arm-none-eabi/12.3.1/../../../../arm-none-eabi/lib/thumb/v7e-m+dp/hard\libc_nano.a(libc_a-findfp.o)
                              C:/ST/STM32CubeIDE_1.17.0/STM32CubeIDE/plugins/com.st.stm32cube.ide.mcu.externaltools.gnu-tools-for-stm32.12.3.rel1.win32_1.1.0.202410251130/tools/bin/../lib/gcc/arm-none-eabi/12.3.1/../../../../arm-none-eabi/lib/thumb/v7e-m+dp/hard\libc_nano.a(libc_a-exit.o) (__stdio_exit_handler)
C:/ST/STM32CubeIDE_1.17.0/STM32CubeIDE/plugins/com.st.stm32cube.ide.mcu.externaltools.gnu-tools-for-stm32.12.3.rel1.win32_1.1.0.202410251130/tools/bin/../lib/gcc/arm-none-eabi/12.3.1/../../../../arm-none-eabi/lib/thumb/v7e-m+dp/hard\libc_nano.a(libc_a-fwalk.o)
                              C:/ST/STM32CubeIDE_1.17.0/STM32CubeIDE/plugins/com.st.stm32cube.ide.mcu.externaltools.gnu-tools-for-stm32.12.3.rel1.win32_1.1.0.202410251130/tools/bin/../lib/gcc/arm-none-eabi/12.3.1/../../../../arm-none-eabi/lib/thumb/v7e-m+dp/hard\libc_nano.a(libc_a-findfp.o) (_fwalk_sglue)
C:/ST/STM32CubeIDE_1.17.0/STM32CubeIDE/plugins/com.st.stm32cube.ide.mcu.externaltools.gnu-tools-for-stm32.12.3.rel1.win32_1.1.0.202410251130/tools/bin/../lib/gcc/arm-none-eabi/12.3.1/../../../../arm-none-eabi/lib/thumb/v7e-m+dp/hard\libc_nano.a(libc_a-puts.o)
                              ./Core/Src/main.o (puts)
C:/ST/STM32CubeIDE_1.17.0/STM32CubeIDE/plugins/com.st.stm32cube.ide.mcu.externaltools.gnu-tools-for-stm32.12.3.rel1.win32_1.1.0.202410251130/tools/bin/../lib/gcc/arm-none-eabi/12.3.1/../../../../arm-none-eabi/lib/thumb/v7e-m+dp/hard\libc_nano.a(libc_a-stdio.o)
                              C:/ST/STM32CubeIDE_1.17.0/STM32CubeIDE/plugins/com.st.stm32cube.ide.mcu.externaltools.gnu-tools-for-stm32.12.3.rel1.win32_1.1.0.202410251130/tools/bin/../lib/gcc/arm-none-eabi/12.3.1/../../../../arm-none-eabi/lib/thumb/v7e-m+dp/hard\libc_nano.a(libc_a-findfp.o) (__sread)
C:/ST/STM32CubeIDE_1.17.0/STM32CubeIDE/plugins/com.st.stm32cube.ide.mcu.externaltools.gnu-tools-for-stm32.12.3.rel1.win32_1.1.0.202410251130/tools/bin/../lib/gcc/arm-none-eabi/12.3.1/../../../../arm-none-eabi/lib/thumb/v7e-m+dp/hard\libc_nano.a(libc_a-wbuf.o)
                              C:/ST/STM32CubeIDE_1.17.0/STM32CubeIDE/plugins/com.st.stm32cube.ide.mcu.externaltools.gnu-tools-for-stm32.12.3.rel1.win32_1.1.0.202410251130/tools/bin/../lib/gcc/arm-none-eabi/12.3.1/../../../../arm-none-eabi/lib/thumb/v7e-m+dp/hard\libc_nano.a(libc_a-puts.o) (__swbuf_r)
C:/ST/STM32CubeIDE_1.17.0/STM32CubeIDE/plugins/com.st.stm32cube.ide.mcu.externaltools.gnu-tools-for-stm32.12.3.rel1.win32_1.1.0.202410251130/tools/bin/../lib/gcc/arm-none-eabi/12.3.1/../../../../arm-none-eabi/lib/thumb/v7e-m+dp/hard\libc_nano.a(libc_a-wsetup.o)
                              C:/ST/STM32CubeIDE_1.17.0/STM32CubeIDE/plugins/com.st.stm32cube.ide.mcu.externaltools.gnu-tools-for-stm32.12.3.rel1.win32_1.1.0.202410251130/tools/bin/../lib/gcc/arm-none-eabi/12.3.1/../../../../arm-none-eabi/lib/thumb/v7e-m+dp/hard\libc_nano.a(libc_a-puts.o) (__swsetup_r)
C:/ST/STM32CubeIDE_1.17.0/STM32CubeIDE/plugins/com.st.stm32cube.ide.mcu.externaltools.gnu-tools-for-stm32.12.3.rel1.win32_1.1.0.202410251130/tools/bin/../lib/gcc/arm-none-eabi/12.3.1/../../../../arm-none-eabi/lib/thumb/v7e-m+dp/hard\libc_nano.a(libc_a-memset.o)
                              C:/ST/STM32CubeIDE_1.17.0/STM32CubeIDE/plugins/com.st.stm32cube.ide.mcu.externaltools.gnu-tools-for-stm32.12.3.rel1.win32_1.1.0.202410251130/tools/bin/../lib/gcc/arm-none-eabi/12.3.1/../../../../arm-none-eabi/lib/thumb/v7e-m+dp/hard/crt0.o (memset)
C:/ST/STM32CubeIDE_1.17.0/STM32CubeIDE/plugins/com.st.stm32cube.ide.mcu.externaltools.gnu-tools-for-stm32.12.3.rel1.win32_1.1.0.202410251130/tools/bin/../lib/gcc/arm-none-eabi/12.3.1/../../../../arm-none-eabi/lib/thumb/v7e-m+dp/hard\libc_nano.a(libc_a-closer.o)
                              C:/ST/STM32CubeIDE_1.17.0/STM32CubeIDE/plugins/com.st.stm32cube.ide.mcu.externaltools.gnu-tools-for-stm32.12.3.rel1.win32_1.1.0.202410251130/tools/bin/../lib/gcc/arm-none-eabi/12.3.1/../../../../arm-none-eabi/lib/thumb/v7e-m+dp/hard\libc_nano.a(libc_a-stdio.o) (_close_r)
[...]
Memory Configuration

Name             Origin             Length             Attributes
ITCMRAM          0x00000000         0x00010000         xrw
FLASH            0x08000000         0x00200000         xr
DTCMRAM1         0x20000000         0x00010000         xrw
DTCMRAM2         0x20010000         0x00010000         xrw
RAM              0x24000000         0x00100000         xrw
RAM_CD           0x30000000         0x00020000         xrw
RAM_SRD          0x38000000         0x00008000         xrw
*default*        0x00000000         0xffffffff

Linker script and memory map

LOAD C:/ST/STM32CubeIDE_1.17.0/STM32CubeIDE/plugins/com.st.stm32cube.ide.mcu.externaltools.gnu-tools-for-stm32.12.3.rel1.win32_1.1.0.202410251130/tools/bin/../lib/gcc/arm-none-eabi/12.3.1/thumb/v7e-m+dp/hard/crti.o
LOAD C:/ST/STM32CubeIDE_1.17.0/STM32CubeIDE/plugins/com.st.stm32cube.ide.mcu.externaltools.gnu-tools-for-stm32.12.3.rel1.win32_1.1.0.202410251130/tools/bin/../lib/gcc/arm-none-eabi/12.3.1/thumb/v7e-m+dp/hard/crtbegin.o
LOAD C:/ST/STM32CubeIDE_1.17.0/STM32CubeIDE/plugins/com.st.stm32cube.ide.mcu.externaltools.gnu-tools-for-stm32.12.3.rel1.win32_1.1.0.202410251130/tools/bin/../lib/gcc/arm-none-eabi/12.3.1/../../../../arm-none-eabi/lib/thumb/v7e-m+dp/hard/crt0.o
LOAD ./Core/Src/led_blink.pb.o
LOAD ./Core/Src/main.o
LOAD ./Core/Src/pb_common.o
LOAD ./Core/Src/pb_decode.o
LOAD ./Core/Src/pb_encode.o
LOAD ./Core/Src/stm32h7xx_hal_msp.o
LOAD ./Core/Src/stm32h7xx_it.o
LOAD ./Core/Src/syscalls.o
LOAD ./Core/Src/sysmem.o
LOAD ./Core/Src/system_stm32h7xx.o
LOAD ./Core/Startup/startup_stm32h7a3zitxq.o
LOAD ./Drivers/STM32H7xx_HAL_Driver/Src/stm32h7xx_hal.o
LOAD ./Drivers/STM32H7xx_HAL_Driver/Src/stm32h7xx_hal_cortex.o
LOAD ./Drivers/STM32H7xx_HAL_Driver/Src/stm32h7xx_hal_dma.o
LOAD ./Drivers/STM32H7xx_HAL_Driver/Src/stm32h7xx_hal_dma_ex.o
LOAD ./Drivers/STM32H7xx_HAL_Driver/Src/stm32h7xx_hal_exti.o
LOAD ./Drivers/STM32H7xx_HAL_Driver/Src/stm32h7xx_hal_flash.o
LOAD ./Drivers/STM32H7xx_HAL_Driver/Src/stm32h7xx_hal_flash_ex.o
LOAD ./Drivers/STM32H7xx_HAL_Driver/Src/stm32h7xx_hal_gpio.o
LOAD ./Drivers/STM32H7xx_HAL_Driver/Src/stm32h7xx_hal_hsem.o
LOAD ./Drivers/STM32H7xx_HAL_Driver/Src/stm32h7xx_hal_i2c.o
LOAD ./Drivers/STM32H7xx_HAL_Driver/Src/stm32h7xx_hal_i2c_ex.o
LOAD ./Drivers/STM32H7xx_HAL_Driver/Src/stm32h7xx_hal_mdma.o
LOAD ./Drivers/STM32H7xx_HAL_Driver/Src/stm32h7xx_hal_pwr.o
LOAD ./Drivers/STM32H7xx_HAL_Driver/Src/stm32h7xx_hal_pwr_ex.o
LOAD ./Drivers/STM32H7xx_HAL_Driver/Src/stm32h7xx_hal_rcc.o
LOAD ./Drivers/STM32H7xx_HAL_Driver/Src/stm32h7xx_hal_rcc_ex.o
LOAD ./Drivers/STM32H7xx_HAL_Driver/Src/stm32h7xx_hal_uart.o
LOAD ./Drivers/STM32H7xx_HAL_Driver/Src/stm32h7xx_hal_uart_ex.o
START GROUP
LOAD C:/ST/STM32CubeIDE_1.17.0/STM32CubeIDE/plugins/com.st.stm32cube.ide.mcu.externaltools.gnu-tools-for-stm32.12.3.rel1.win32_1.1.0.202410251130/tools/bin/../lib/gcc/arm-none-eabi/12.3.1/../../../../arm-none-eabi/lib/thumb/v7e-m+dp/hard\libc_nano.a
LOAD C:/ST/STM32CubeIDE_1.17.0/STM32CubeIDE/plugins/com.st.stm32cube.ide.mcu.externaltools.gnu-tools-for-stm32.12.3.rel1.win32_1.1.0.202410251130/tools/bin/../lib/gcc/arm-none-eabi/12.3.1/../../../../arm-none-eabi/lib/thumb/v7e-m+dp/hard\libm.a
END GROUP
START GROUP
LOAD C:/ST/STM32CubeIDE_1.17.0/STM32CubeIDE/plugins/com.st.stm32cube.ide.mcu.externaltools.gnu-tools-for-stm32.12.3.rel1.win32_1.1.0.202410251130/tools/bin/../lib/gcc/arm-none-eabi/12.3.1/thumb/v7e-m+dp/hard\libgcc.a
LOAD C:/ST/STM32CubeIDE_1.17.0/STM32CubeIDE/plugins/com.st.stm32cube.ide.mcu.externaltools.gnu-tools-for-stm32.12.3.rel1.win32_1.1.0.202410251130/tools/bin/../lib/gcc/arm-none-eabi/12.3.1/../../../../arm-none-eabi/lib/thumb/v7e-m+dp/hard\libc_nano.a
END GROUP
START GROUP
LOAD C:/ST/STM32CubeIDE_1.17.0/STM32CubeIDE/plugins/com.st.stm32cube.ide.mcu.externaltools.gnu-tools-for-stm32.12.3.rel1.win32_1.1.0.202410251130/tools/bin/../lib/gcc/arm-none-eabi/12.3.1/thumb/v7e-m+dp/hard\libgcc.a
LOAD C:/ST/STM32CubeIDE_1.17.0/STM32CubeIDE/plugins/com.st.stm32cube.ide.mcu.externaltools.gnu-tools-for-stm32.12.3.rel1.win32_1.1.0.202410251130/tools/bin/../lib/gcc/arm-none-eabi/12.3.1/../../../../arm-none-eabi/lib/thumb/v7e-m+dp/hard\libc_nano.a
LOAD C:/ST/STM32CubeIDE_1.17.0/STM32CubeIDE/plugins/com.st.stm32cube.ide.mcu.externaltools.gnu-tools-for-stm32.12.3.rel1.win32_1.1.0.202410251130/tools/bin/../lib/gcc/arm-none-eabi/12.3.1/../../../../arm-none-eabi/lib/thumb/v7e-m+dp/hard\libnosys.a
END GROUP
START GROUP
LOAD C:/ST/STM32CubeIDE_1.17.0/STM32CubeIDE/plugins/com.st.stm32cube.ide.mcu.externaltools.gnu-tools-for-stm32.12.3.rel1.win32_1.1.0.202410251130/tools/bin/../lib/gcc/arm-none-eabi/12.3.1/thumb/v7e-m+dp/hard\libgcc.a
LOAD C:/ST/STM32CubeIDE_1.17.0/STM32CubeIDE/plugins/com.st.stm32cube.ide.mcu.externaltools.gnu-tools-for-stm32.12.3.rel1.win32_1.1.0.202410251130/tools/bin/../lib/gcc/arm-none-eabi/12.3.1/../../../../arm-none-eabi/lib/thumb/v7e-m+dp/hard\libc_nano.a
LOAD C:/ST/STM32CubeIDE_1.17.0/STM32CubeIDE/plugins/com.st.stm32cube.ide.mcu.externaltools.gnu-tools-for-stm32.12.3.rel1.win32_1.1.0.202410251130/tools/bin/../lib/gcc/arm-none-eabi/12.3.1/../../../../arm-none-eabi/lib/thumb/v7e-m+dp/hard\libnosys.a
END GROUP
LOAD C:/ST/STM32CubeIDE_1.17.0/STM32CubeIDE/plugins/com.st.stm32cube.ide.mcu.externaltools.gnu-tools-for-stm32.12.3.rel1.win32_1.1.0.202410251130/tools/bin/../lib/gcc/arm-none-eabi/12.3.1/thumb/v7e-m+dp/hard/crtend.o
LOAD C:/ST/STM32CubeIDE_1.17.0/STM32CubeIDE/plugins/com.st.stm32cube.ide.mcu.externaltools.gnu-tools-for-stm32.12.3.rel1.win32_1.1.0.202410251130/tools/bin/../lib/gcc/arm-none-eabi/12.3.1/thumb/v7e-m+dp/hard/crtn.o
                0x24100000                        _estack = (ORIGIN (RAM) + LENGTH (RAM))
                0x00000200                        _Min_Heap_Size = 0x200
                0x00000400                        _Min_Stack_Size = 0x400

.isr_vector     0x08000000      0x2ac
                0x08000000                        . = ALIGN (0x4)
 *(.isr_vector)
 .isr_vector    0x08000000      0x2ac ./Core/Startup/startup_stm32h7a3zitxq.o
                0x08000000                g_pfnVectors
                0x080002ac                        . = ALIGN (0x4)

.text           0x080002ac     0x9468
                0x080002ac                        . = ALIGN (0x4)
 *(.text)
 .text          0x080002ac       0x40 C:/ST/STM32CubeIDE_1.17.0/STM32CubeIDE/plugins/com.st.stm32cube.ide.mcu.externaltools.gnu-tools-for-stm32.12.3.rel1.win32_1.1.0.202410251130/tools/bin/../lib/gcc/arm-none-eabi/12.3.1/thumb/v7e-m+dp/hard/crtbegin.o
 .text          0x080002ec       0x30 C:/ST/STM32CubeIDE_1.17.0/STM32CubeIDE/plugins/com.st.stm32cube.ide.mcu.externaltools.gnu-tools-for-stm32.12.3.rel1.win32_1.1.0.202410251130/tools/bin/../lib/gcc/arm-none-eabi/12.3.1/thumb/v7e-m+dp/hard\libgcc.a(_aeabi_uldivmod.o)
                0x080002ec                __aeabi_uldivmod
 .text          0x0800031c      0x2bc C:/ST/STM32CubeIDE_1.17.0/STM32CubeIDE/plugins/com.st.stm32cube.ide.mcu.externaltools.gnu-tools-for-stm32.12.3.rel1.win32_1.1.0.202410251130/tools/bin/../lib/gcc/arm-none-eabi/12.3.1/thumb/v7e-m+dp/hard\libgcc.a(_udivmoddi4.o)
                0x0800031c                __udivmoddi4
 .text          0x080005d8        0x4 C:/ST/STM32CubeIDE_1.17.0/STM32CubeIDE/plugins/com.st.stm32cube.ide.mcu.externaltools.gnu-tools-for-stm32.12.3.rel1.win32_1.1.0.202410251130/tools/bin/../lib/gcc/arm-none-eabi/12.3.1/thumb/v7e-m+dp/hard\libgcc.a(_dvmd_tls.o)
                0x080005d8                __aeabi_idiv0
                0x080005d8                __aeabi_ldiv0
 *(.text*)
 .text.__io_putchar
                0x080005dc       0x24 ./Core/Src/main.o
                0x080005dc                __io_putchar
 .text.receive_message
                0x08000600       0x9c ./Core/Src/main.o
                0x08000600                receive_message
 .text.main     0x0800069c       0xa0 ./Core/Src/main.o
                0x0800069c                main
 .text.SystemClock_Config
                0x0800073c       0xe8 ./Core/Src/main.o
                0x0800073c                SystemClock_Config
 .text.MX_USART3_UART_Init
                0x08000824       0x98 ./Core/Src/main.o
 .text.MX_GPIO_Init
                0x080008bc      0x130 ./Core/Src/main.o
 .text.MPU_Config
                0x080009ec       0x58 ./Core/Src/main.o
 .text.Error_Handler
                0x08000a44        0xc ./Core/Src/main.o
                0x08000a44                Error_Handler
 .text.load_descriptor_values
                0x08000a50      0x2d4 ./Core/Src/pb_common.o
 .text.advance_iterator
                0x08000d24       0xc0 ./Core/Src/pb_common.o
 .text.pb_field_iter_begin
                0x08000de4       0x32 ./Core/Src/pb_common.o
                0x08000de4                pb_field_iter_begin
 .text.pb_field_iter_begin_extension
                0x08000e16       0x60 ./Core/Src/pb_common.o
                0x08000e16                pb_field_iter_begin_extension
 .text.pb_field_iter_next
                0x08000e76       0x2a ./Core/Src/pb_common.o
                0x08000e76                pb_field_iter_next
 .text.pb_field_iter_find
                0x08000ea0       0xac ./Core/Src/pb_common.o
                0x08000ea0                pb_field_iter_find
 .text.pb_field_iter_find_extension
                0x08000f4c       0x66 ./Core/Src/pb_common.o
                0x08000f4c                pb_field_iter_find_extension
 .text.buf_read
                0x08000fb2       0x38 ./Core/Src/pb_decode.o
 *fill*         0x08000fea        0x2 
 .text.pb_read  0x08000fec       0xec ./Core/Src/pb_decode.o
                0x08000fec                pb_read
 .text.pb_readbyte
                0x080010d8       0x78 ./Core/Src/pb_decode.o
 .text.pb_istream_from_buffer
                0x08001150       0x3c ./Core/Src/pb_decode.o
                0x08001150                pb_istream_from_buffer
 .text.pb_decode_varint32_eof
                0x0800118c      0x154 ./Core/Src/pb_decode.o
 .text.pb_decode_varint32
                0x080012e0       0x1e ./Core/Src/pb_decode.o
                0x080012e0                pb_decode_varint32
 *fill*         0x080012fe        0x2 
 .text.pb_decode_varint
                0x08001300       0xcc ./Core/Src/pb_decode.o
                0x08001300                pb_decode_varint
 .text.pb_skip_varint
                0x080013cc       0x38 ./Core/Src/pb_decode.o
 .text.pb_skip_string
                0x08001404       0x3a ./Core/Src/pb_decode.o
 .text.pb_decode_tag
                0x0800143e       0x5e ./Core/Src/pb_decode.o
                0x0800143e                pb_decode_tag
 .text.pb_skip_field
                0x0800149c       0x84 ./Core/Src/pb_decode.o
                0x0800149c                pb_skip_field
 .text.read_raw_value
                0x08001520       0xd8 ./Core/Src/pb_decode.o
 .text.pb_make_string_substream
                0x080015f8       0x74 ./Core/Src/pb_decode.o
                0x080015f8                pb_make_string_substream
 .text.pb_close_string_substream
                0x0800166c       0x4a ./Core/Src/pb_decode.o
                0x0800166c                pb_close_string_substream
 *fill*         0x080016b6        0x2 
 .text.decode_basic_field
                0x080016b8      0x1ec ./Core/Src/pb_decode.o
 .text.decode_static_field
                0x080018a4      0x280 ./Core/Src/pb_decode.o
 .text.decode_pointer_field
                0x08001b24       0x34 ./Core/Src/pb_decode.o
 .text.decode_callback_field
                0x08001b58      0x114 ./Core/Src/pb_decode.o
 .text.decode_field
                0x08001c6c       0x7c ./Core/Src/pb_decode.o
 .text.default_extension_decoder
                0x08001ce8       0x74 ./Core/Src/pb_decode.o
 .text.decode_extension
                0x08001d5c       0x78 ./Core/Src/pb_decode.o
 .text.pb_field_set_to_default
                0x08001dd4      0x182 ./Core/Src/pb_decode.o
 .text.pb_message_set_to_defaults
                0x08001f56       0xfa ./Core/Src/pb_decode.o
 .text.pb_decode_inner
                0x08002050      0x374 ./Core/Src/pb_decode.o
 .text.pb_decode
                0x080023c4       0x26 ./Core/Src/pb_decode.o
                0x080023c4                pb_decode
 .text.pb_decode_bool
                0x080023ea       0x40 ./Core/Src/pb_decode.o
                0x080023ea                pb_decode_bool
 .text.pb_decode_svarint
                0x0800242a       0x86 ./Core/Src/pb_decode.o
                0x0800242a                pb_decode_svarint
 .text.pb_decode_fixed32
                0x080024b0       0x38 ./Core/Src/pb_decode.o
                0x080024b0                pb_decode_fixed32
 .text.pb_decode_fixed64
                0x080024e8       0x3c ./Core/Src/pb_decode.o
                0x080024e8                pb_decode_fixed64
 .text.pb_dec_bool
                0x08002524       0x20 ./Core/Src/pb_decode.o
 .text.pb_dec_varint
                0x08002544      0x258 ./Core/Src/pb_decode.o
 .text.pb_dec_bytes
                0x0800279c       0xe8 ./Core/Src/pb_decode.o
 .text.pb_dec_string
                0x08002884       0xf8 ./Core/Src/pb_decode.o
 .text.pb_dec_submessage
                0x0800297c      0x114 ./Core/Src/pb_decode.o
 .text.pb_dec_fixed_length_bytes
                0x08002a90       0xa8 ./Core/Src/pb_decode.o
 .text.HAL_MspInit
                0x08002b38       0x34 ./Core/Src/stm32h7xx_hal_msp.o
                0x08002b38                HAL_MspInit
 .text.HAL_UART_MspInit
                0x08002b6c       0xe4 ./Core/Src/stm32h7xx_hal_msp.o
                0x08002b6c                HAL_UART_MspInit
 .text.NMI_Handler
                0x08002c50        0x8 ./Core/Src/stm32h7xx_it.o
                0x08002c50                NMI_Handler
 .text.HardFault_Handler
                0x08002c58        0x8 ./Core/Src/stm32h7xx_it.o
                0x08002c58                HardFault_Handler
 .text.MemManage_Handler
                0x08002c60        0x8 ./Core/Src/stm32h7xx_it.o
                0x08002c60                MemManage_Handler
 .text.BusFault_Handler
                0x08002c68        0x8 ./Core/Src/stm32h7xx_it.o
                0x08002c68                BusFault_Handler
 .text.UsageFault_Handler
                0x08002c70        0x8 ./Core/Src/stm32h7xx_it.o
                0x08002c70                UsageFault_Handler
 .text.SVC_Handler
                0x08002c78        0xe ./Core/Src/stm32h7xx_it.o
                0x08002c78                SVC_Handler
 .text.DebugMon_Handler
                0x08002c86        0xe ./Core/Src/stm32h7xx_it.o
                0x08002c86                DebugMon_Handler
 .text.PendSV_Handler
                0x08002c94        0xe ./Core/Src/stm32h7xx_it.o
                0x08002c94                PendSV_Handler
 .text.SysTick_Handler
                0x08002ca2        0xc ./Core/Src/stm32h7xx_it.o
                0x08002ca2                SysTick_Handler
 *fill*         0x08002cae        0x2 
 .text.USART3_IRQHandler
                0x08002cb0       0x14 ./Core/Src/stm32h7xx_it.o
                0x08002cb0                USART3_IRQHandler
 .text._read    0x08002cc4       0x3a ./Core/Src/syscalls.o
                0x08002cc4                _read
 .text._write   0x08002cfe       0x38 ./Core/Src/syscalls.o
                0x08002cfe                _write
 .text._close   0x08002d36       0x18 ./Core/Src/syscalls.o
                0x08002d36                _close
 .text._fstat   0x08002d4e       0x20 ./Core/Src/syscalls.o
                0x08002d4e                _fstat
 .text._isatty  0x08002d6e       0x16 ./Core/Src/syscalls.o
                0x08002d6e                _isatty
 .text._lseek   0x08002d84       0x1a ./Core/Src/syscalls.o
                0x08002d84                _lseek
 *fill*         0x08002d9e        0x2 
 .text._sbrk    0x08002da0       0x6c ./Core/Src/sysmem.o
                0x08002da0                _sbrk
 .text.SystemInit
                0x08002e0c      0x120 ./Core/Src/system_stm32h7xx.o
                0x08002e0c                SystemInit
 .text.ExitRun0Mode
                0x08002f2c       0x30 ./Core/Src/system_stm32h7xx.o
                0x08002f2c                ExitRun0Mode
 .text.Reset_Handler
                0x08002f5c       0x54 ./Core/Startup/startup_stm32h7a3zitxq.o
                0x08002f5c                Reset_Handler
 .text.Default_Handler
                0x08002fb0        0x2 ./Core/Startup/startup_stm32h7a3zitxq.o
                0x08002fb0                RTC_Alarm_IRQHandler
                0x08002fb0                EXTI2_IRQHandler
                0x08002fb0                TIM8_CC_IRQHandler
                0x08002fb0                UART8_IRQHandler
                0x08002fb0                BDMA2_Channel1_IRQHandler
                0x08002fb0                SPI4_IRQHandler
                0x08002fb0                BDMA2_Channel0_IRQHandler
                0x08002fb0                TIM1_CC_IRQHandler
                0x08002fb0                DMA2_Stream5_IRQHandler
                0x08002fb0                JPEG_IRQHandler
                0x08002fb0                DMA1_Stream5_IRQHandler
                0x08002fb0                EXTI3_IRQHandler
                0x08002fb0                LPTIM4_IRQHandler
                0x08002fb0                TIM8_TRG_COM_TIM14_IRQHandler
                0x08002fb0                LPTIM2_IRQHandler
                0x08002fb0                DFSDM1_FLT1_IRQHandler
                0x08002fb0                DMAMUX2_OVR_IRQHandler
                0x08002fb0                GFXMMU_IRQHandler
                0x08002fb0                TIM8_UP_TIM13_IRQHandler
                0x08002fb0                I2C3_ER_IRQHandler
                0x08002fb0                DFSDM1_FLT2_IRQHandler
                0x08002fb0                USART10_IRQHandler
                0x08002fb0                MDMA_IRQHandler
                0x08002fb0                LPTIM3_IRQHandler
                0x08002fb0                BDMA2_Channel3_IRQHandler
                0x08002fb0                HSEM1_IRQHandler
                0x08002fb0                EXTI0_IRQHandler
                0x08002fb0                I2C2_EV_IRQHandler
                0x08002fb0                DAC2_IRQHandler
                0x08002fb0                DMA1_Stream2_IRQHandler
                0x08002fb0                FPU_IRQHandler
                0x08002fb0                OTG_HS_WKUP_IRQHandler
                0x08002fb0                FDCAN1_IT1_IRQHandler
                0x08002fb0                LTDC_ER_IRQHandler
                0x08002fb0                DMA2_Stream2_IRQHandler
                0x08002fb0                SPI1_IRQHandler
                0x08002fb0                OCTOSPI1_IRQHandler
                0x08002fb0                TIM6_DAC_IRQHandler
                0x08002fb0                BDMA2_Channel6_IRQHandler
                0x08002fb0                DMA2_Stream3_IRQHandler
                0x08002fb0                OCTOSPI2_IRQHandler
                0x08002fb0                SAI2_IRQHandler
                0x08002fb0                BDMA1_IRQHandler
                0x08002fb0                DFSDM1_FLT3_IRQHandler
                0x08002fb0                USART6_IRQHandler
                0x08002fb0                TIM17_IRQHandler
                0x08002fb0                LPTIM5_IRQHandler
                0x08002fb0                UART5_IRQHandler
                0x08002fb0                DMA2_Stream0_IRQHandler
                0x08002fb0                TIM4_IRQHandler
                0x08002fb0                I2C1_EV_IRQHandler
                0x08002fb0                DMA1_Stream6_IRQHandler
                0x08002fb0                DMAMUX1_OVR_IRQHandler
                0x08002fb0                DMA1_Stream1_IRQHandler
                0x08002fb0                TIM16_IRQHandler
                0x08002fb0                UART4_IRQHandler
                0x08002fb0                TIM3_IRQHandler
                0x08002fb0                RCC_IRQHandler
                0x08002fb0                UART9_IRQHandler
                0x08002fb0                TIM8_BRK_TIM12_IRQHandler
                0x08002fb0                TIM1_TRG_COM_IRQHandler
                0x08002fb0                Default_Handler
                0x08002fb0                ECC_IRQHandler
                0x08002fb0                BDMA2_Channel2_IRQHandler
                0x08002fb0                CEC_IRQHandler
                0x08002fb0                EXTI15_10_IRQHandler
                0x08002fb0                DFSDM1_FLT4_IRQHandler
                0x08002fb0                ADC_IRQHandler
                0x08002fb0                DMA1_Stream7_IRQHandler
                0x08002fb0                SPI5_IRQHandler
                0x08002fb0                TIM7_IRQHandler
                0x08002fb0                SDMMC1_IRQHandler
                0x08002fb0                TIM5_IRQHandler
                0x08002fb0                DMA2_Stream7_IRQHandler
                0x08002fb0                TIM15_IRQHandler
                0x08002fb0                I2C3_EV_IRQHandler
                0x08002fb0                DFSDM2_IRQHandler
                0x08002fb0                EXTI9_5_IRQHandler
                0x08002fb0                RTC_WKUP_IRQHandler
                0x08002fb0                LTDC_IRQHandler
                0x08002fb0                SPDIF_RX_IRQHandler
                0x08002fb0                PVD_PVM_IRQHandler
                0x08002fb0                SPI2_IRQHandler
                0x08002fb0                OTG_HS_EP1_IN_IRQHandler
                0x08002fb0                DFSDM1_FLT5_IRQHandler
                0x08002fb0                DMA1_Stream0_IRQHandler
                0x08002fb0                CRS_IRQHandler
                0x08002fb0                EXTI4_IRQHandler
                0x08002fb0                DFSDM1_FLT6_IRQHandler
                0x08002fb0                RNG_IRQHandler
                0x08002fb0                FDCAN2_IT1_IRQHandler
                0x08002fb0                COMP_IRQHandler
                0x08002fb0                TIM1_UP_IRQHandler
                0x08002fb0                OTG_HS_EP1_OUT_IRQHandler
                0x08002fb0                WWDG_IRQHandler
                0x08002fb0                SPI6_IRQHandler
                0x08002fb0                MDIOS_IRQHandler
                0x08002fb0                I2C4_EV_IRQHandler
                0x08002fb0                FDCAN2_IT0_IRQHandler
                0x08002fb0                LPUART1_IRQHandler
                0x08002fb0                FDCAN1_IT0_IRQHandler
                0x08002fb0                TIM2_IRQHandler
                0x08002fb0                BDMA2_Channel5_IRQHandler
                0x08002fb0                OTG_HS_IRQHandler
                0x08002fb0                DMA2D_IRQHandler
                0x08002fb0                TIM1_BRK_IRQHandler
                0x08002fb0                EXTI1_IRQHandler
                0x08002fb0                SDMMC2_IRQHandler
                0x08002fb0                DTS_IRQHandler
                0x08002fb0                UART7_IRQHandler
                0x08002fb0                MDIOS_WKUP_IRQHandler
                0x08002fb0                USART2_IRQHandler
                0x08002fb0                DFSDM1_FLT0_IRQHandler
                0x08002fb0                I2C2_ER_IRQHandler
                0x08002fb0                DMA2_Stream1_IRQHandler
                0x08002fb0                DFSDM1_FLT7_IRQHandler
                0x08002fb0                FLASH_IRQHandler
                0x08002fb0                DMA2_Stream4_IRQHandler
                0x08002fb0                USART1_IRQHandler
                0x08002fb0                SPI3_IRQHandler
                0x08002fb0                WAKEUP_PIN_IRQHandler
                0x08002fb0                DMA1_Stream4_IRQHandler
                0x08002fb0                I2C1_ER_IRQHandler
                0x08002fb0                FMC_IRQHandler
                0x08002fb0                BDMA2_Channel7_IRQHandler
                0x08002fb0                FDCAN_CAL_IRQHandler
                0x08002fb0                SWPMI1_IRQHandler
                0x08002fb0                LPTIM1_IRQHandler
                0x08002fb0                DCMI_PSSI_IRQHandler
                0x08002fb0                I2C4_ER_IRQHandler
                0x08002fb0                DMA2_Stream6_IRQHandler
                0x08002fb0                SAI1_IRQHandler
                0x08002fb0                DMA1_Stream3_IRQHandler
                0x08002fb0                RTC_TAMP_STAMP_CSS_LSE_IRQHandler
                0x08002fb0                BDMA2_Channel4_IRQHandler
 *fill*         0x08002fb2        0x2 
 .text.HAL_Init
                0x08002fb4       0x78 ./Drivers/STM32H7xx_HAL_Driver/Src/stm32h7xx_hal.o
                0x08002fb4                HAL_Init
 .text.HAL_InitTick
                0x0800302c       0x6c ./Drivers/STM32H7xx_HAL_Driver/Src/stm32h7xx_hal.o
                0x0800302c                HAL_InitTick
 .text.HAL_IncTick
                0x08003098       0x28 ./Drivers/STM32H7xx_HAL_Driver/Src/stm32h7xx_hal.o
                0x08003098                HAL_IncTick
 .text.HAL_GetTick
                0x080030c0       0x18 ./Drivers/STM32H7xx_HAL_Driver/Src/stm32h7xx_hal.o
                0x080030c0                HAL_GetTick
 .text.HAL_Delay
                0x080030d8       0x48 ./Drivers/STM32H7xx_HAL_Driver/Src/stm32h7xx_hal.o
                0x080030d8                HAL_Delay
 .text.__NVIC_SetPriorityGrouping
                0x08003120       0x48 ./Drivers/STM32H7xx_HAL_Driver/Src/stm32h7xx_hal_cortex.o
 .text.__NVIC_GetPriorityGrouping
                0x08003168       0x1c ./Drivers/STM32H7xx_HAL_Driver/Src/stm32h7xx_hal_cortex.o
 .text.__NVIC_EnableIRQ
                0x08003184       0x3c ./Drivers/STM32H7xx_HAL_Driver/Src/stm32h7xx_hal_cortex.o
 .text.__NVIC_SetPriority
                0x080031c0       0x54 ./Drivers/STM32H7xx_HAL_Driver/Src/stm32h7xx_hal_cortex.o
 .text.NVIC_EncodePriority
                0x08003214       0x66 ./Drivers/STM32H7xx_HAL_Driver/Src/stm32h7xx_hal_cortex.o
 *fill*         0x0800327a        0x2 
 .text.SysTick_Config
                0x0800327c       0x44 ./Drivers/STM32H7xx_HAL_Driver/Src/stm32h7xx_hal_cortex.o
 .text.HAL_NVIC_SetPriorityGrouping
                0x080032c0       0x16 ./Drivers/STM32H7xx_HAL_Driver/Src/stm32h7xx_hal_cortex.o
                0x080032c0                HAL_NVIC_SetPriorityGrouping
 .text.HAL_NVIC_SetPriority
                0x080032d6       0x34 ./Drivers/STM32H7xx_HAL_Driver/Src/stm32h7xx_hal_cortex.o
                0x080032d6                HAL_NVIC_SetPriority
 .text.HAL_NVIC_EnableIRQ
                0x0800330a       0x1c ./Drivers/STM32H7xx_HAL_Driver/Src/stm32h7xx_hal_cortex.o
                0x0800330a                HAL_NVIC_EnableIRQ
 .text.HAL_SYSTICK_Config
                0x08003326       0x18 ./Drivers/STM32H7xx_HAL_Driver/Src/stm32h7xx_hal_cortex.o
                0x08003326                HAL_SYSTICK_Config
 *fill*         0x0800333e        0x2 
 .text.HAL_MPU_Disable
                0x08003340       0x30 ./Drivers/STM32H7xx_HAL_Driver/Src/stm32h7xx_hal_cortex.o
                0x08003340                HAL_MPU_Disable
 .text.HAL_MPU_Enable
                0x08003370       0x40 ./Drivers/STM32H7xx_HAL_Driver/Src/stm32h7xx_hal_cortex.o
                0x08003370                HAL_MPU_Enable
 .text.HAL_MPU_ConfigRegion
                0x080033b0       0x80 ./Drivers/STM32H7xx_HAL_Driver/Src/stm32h7xx_hal_cortex.o
                0x080033b0                HAL_MPU_ConfigRegion
 .text.HAL_DMA_Abort
                0x08003430      0x63c ./Drivers/STM32H7xx_HAL_Driver/Src/stm32h7xx_hal_dma.o
                0x08003430                HAL_DMA_Abort
 .text.HAL_DMA_Abort_IT
                0x08003a6c      0x48c ./Drivers/STM32H7xx_HAL_Driver/Src/stm32h7xx_hal_dma.o
                0x08003a6c                HAL_DMA_Abort_IT
 .text.HAL_GPIO_Init
                0x08003ef8      0x360 ./Drivers/STM32H7xx_HAL_Driver/Src/stm32h7xx_hal_gpio.o
                0x08003ef8                HAL_GPIO_Init
 .text.HAL_GPIO_WritePin
                0x08004258       0x32 ./Drivers/STM32H7xx_HAL_Driver/Src/stm32h7xx_hal_gpio.o
                0x08004258                HAL_GPIO_WritePin
 *fill*         0x0800428a        0x2 
 .text.HAL_PWREx_ConfigSupply
                0x0800428c       0xb4 ./Drivers/STM32H7xx_HAL_Driver/Src/stm32h7xx_hal_pwr_ex.o
                0x0800428c                HAL_PWREx_ConfigSupply
 .text.HAL_RCC_OscConfig
                0x08004340      0x864 ./Drivers/STM32H7xx_HAL_Driver/Src/stm32h7xx_hal_rcc.o
                0x08004340                HAL_RCC_OscConfig
 .text.HAL_RCC_ClockConfig
                0x08004ba4      0x36c ./Drivers/STM32H7xx_HAL_Driver/Src/stm32h7xx_hal_rcc.o
                0x08004ba4                HAL_RCC_ClockConfig
 .text.HAL_RCC_GetSysClockFreq
                0x08004f10      0x2f4 ./Drivers/STM32H7xx_HAL_Driver/Src/stm32h7xx_hal_rcc.o
                0x08004f10                HAL_RCC_GetSysClockFreq
 .text.HAL_RCC_GetHCLKFreq
                0x08005204       0x60 ./Drivers/STM32H7xx_HAL_Driver/Src/stm32h7xx_hal_rcc.o
                0x08005204                HAL_RCC_GetHCLKFreq
 .text.HAL_RCC_GetPCLK1Freq
                0x08005264       0x2c ./Drivers/STM32H7xx_HAL_Driver/Src/stm32h7xx_hal_rcc.o
                0x08005264                HAL_RCC_GetPCLK1Freq
 .text.HAL_RCC_GetPCLK2Freq
                0x08005290       0x2c ./Drivers/STM32H7xx_HAL_Driver/Src/stm32h7xx_hal_rcc.o
                0x08005290                HAL_RCC_GetPCLK2Freq
 .text.HAL_RCCEx_PeriphCLKConfig
                0x080052bc     0x137c ./Drivers/STM32H7xx_HAL_Driver/Src/stm32h7xx_hal_rcc_ex.o
                0x080052bc                HAL_RCCEx_PeriphCLKConfig
 .text.HAL_RCCEx_GetD3PCLK1Freq
                0x08006638       0x2c ./Drivers/STM32H7xx_HAL_Driver/Src/stm32h7xx_hal_rcc_ex.o
                0x08006638                HAL_RCCEx_GetD3PCLK1Freq
 .text.HAL_RCCEx_GetPLL2ClockFreq
                0x08006664      0x2a8 ./Drivers/STM32H7xx_HAL_Driver/Src/stm32h7xx_hal_rcc_ex.o
                0x08006664                HAL_RCCEx_GetPLL2ClockFreq
 .text.HAL_RCCEx_GetPLL3ClockFreq
                0x0800690c      0x2a8 ./Drivers/STM32H7xx_HAL_Driver/Src/stm32h7xx_hal_rcc_ex.o
                0x0800690c                HAL_RCCEx_GetPLL3ClockFreq
 .text.RCCEx_PLL2_Config
                0x08006bb4      0x164 ./Drivers/STM32H7xx_HAL_Driver/Src/stm32h7xx_hal_rcc_ex.o
 .text.RCCEx_PLL3_Config
                0x08006d18      0x164 ./Drivers/STM32H7xx_HAL_Driver/Src/stm32h7xx_hal_rcc_ex.o
 .text.HAL_UART_Init
                0x08006e7c       0xa0 ./Drivers/STM32H7xx_HAL_Driver/Src/stm32h7xx_hal_uart.o
                0x08006e7c                HAL_UART_Init
 .text.HAL_UART_Transmit
                0x08006f1c      0x11c ./Drivers/STM32H7xx_HAL_Driver/Src/stm32h7xx_hal_uart.o
                0x08006f1c                HAL_UART_Transmit
 .text.HAL_UART_Receive
                0x08007038      0x190 ./Drivers/STM32H7xx_HAL_Driver/Src/stm32h7xx_hal_uart.o
                0x08007038                HAL_UART_Receive
 .text.HAL_UART_IRQHandler
                0x080071c8      0x7ac ./Drivers/STM32H7xx_HAL_Driver/Src/stm32h7xx_hal_uart.o
                0x080071c8                HAL_UART_IRQHandler
 .text.HAL_UART_TxCpltCallback
                0x08007974       0x14 ./Drivers/STM32H7xx_HAL_Driver/Src/stm32h7xx_hal_uart.o
                0x08007974                HAL_UART_TxCpltCallback
 .text.HAL_UART_ErrorCallback
                0x08007988       0x14 ./Drivers/STM32H7xx_HAL_Driver/Src/stm32h7xx_hal_uart.o
                0x08007988                HAL_UART_ErrorCallback
 .text.HAL_UARTEx_RxEventCallback
                0x0800799c       0x18 ./Drivers/STM32H7xx_HAL_Driver/Src/stm32h7xx_hal_uart.o
                0x0800799c                HAL_UARTEx_RxEventCallback
 .text.UART_SetConfig
                0x080079b4      0xcd8 ./Drivers/STM32H7xx_HAL_Driver/Src/stm32h7xx_hal_uart.o
                0x080079b4                UART_SetConfig
 .text.UART_AdvFeatureConfig
                0x0800868c      0x144 ./Drivers/STM32H7xx_HAL_Driver/Src/stm32h7xx_hal_uart.o
                0x0800868c                UART_AdvFeatureConfig
 .text.UART_CheckIdleState
                0x080087d0      0x154 ./Drivers/STM32H7xx_HAL_Driver/Src/stm32h7xx_hal_uart.o
                0x080087d0                UART_CheckIdleState
 .text.UART_WaitOnFlagUntilTimeout
                0x08008924       0xda ./Drivers/STM32H7xx_HAL_Driver/Src/stm32h7xx_hal_uart.o
                0x08008924                UART_WaitOnFlagUntilTimeout
 *fill*         0x080089fe        0x2 
 .text.UART_EndRxTransfer
                0x08008a00       0xcc ./Drivers/STM32H7xx_HAL_Driver/Src/stm32h7xx_hal_uart.o
 .text.UART_DMAAbortOnError
                0x08008acc       0x24 ./Drivers/STM32H7xx_HAL_Driver/Src/stm32h7xx_hal_uart.o
 .text.UART_EndTransmit_IT
                0x08008af0       0x56 ./Drivers/STM32H7xx_HAL_Driver/Src/stm32h7xx_hal_uart.o
 .text.HAL_UARTEx_WakeupCallback
                0x08008b46       0x14 ./Drivers/STM32H7xx_HAL_Driver/Src/stm32h7xx_hal_uart_ex.o
                0x08008b46                HAL_UARTEx_WakeupCallback
 .text.HAL_UARTEx_RxFifoFullCallback
                0x08008b5a       0x14 ./Drivers/STM32H7xx_HAL_Driver/Src/stm32h7xx_hal_uart_ex.o
                0x08008b5a                HAL_UARTEx_RxFifoFullCallback
 .text.HAL_UARTEx_TxFifoEmptyCallback
                0x08008b6e       0x14 ./Drivers/STM32H7xx_HAL_Driver/Src/stm32h7xx_hal_uart_ex.o
                0x08008b6e                HAL_UARTEx_TxFifoEmptyCallback
 .text.HAL_UARTEx_DisableFifoMode
                0x08008b82       0x72 ./Drivers/STM32H7xx_HAL_Driver/Src/stm32h7xx_hal_uart_ex.o
                0x08008b82                HAL_UARTEx_DisableFifoMode
 .text.HAL_UARTEx_SetTxFifoThreshold
                0x08008bf4       0x7c ./Drivers/STM32H7xx_HAL_Driver/Src/stm32h7xx_hal_uart_ex.o
                0x08008bf4                HAL_UARTEx_SetTxFifoThreshold
 .text.HAL_UARTEx_SetRxFifoThreshold
                0x08008c70       0x7c ./Drivers/STM32H7xx_HAL_Driver/Src/stm32h7xx_hal_uart_ex.o
                0x08008c70                HAL_UARTEx_SetRxFifoThreshold
 .text.UARTEx_SetNbDataToProcess
                0x08008cec       0x9c ./Drivers/STM32H7xx_HAL_Driver/Src/stm32h7xx_hal_uart_ex.o
 .text.std      0x08008d88       0x6c C:/ST/STM32CubeIDE_1.17.0/STM32CubeIDE/plugins/com.st.stm32cube.ide.mcu.externaltools.gnu-tools-for-stm32.12.3.rel1.win32_1.1.0.202410251130/tools/bin/../lib/gcc/arm-none-eabi/12.3.1/../../../../arm-none-eabi/lib/thumb/v7e-m+dp/hard\libc_nano.a(libc_a-findfp.o)
 .text.stdio_exit_handler
                0x08008df4       0x18 C:/ST/STM32CubeIDE_1.17.0/STM32CubeIDE/plugins/com.st.stm32cube.ide.mcu.externaltools.gnu-tools-for-stm32.12.3.rel1.win32_1.1.0.202410251130/tools/bin/../lib/gcc/arm-none-eabi/12.3.1/../../../../arm-none-eabi/lib/thumb/v7e-m+dp/hard\libc_nano.a(libc_a-findfp.o)
 .text.cleanup_stdio
                0x08008e0c       0x40 C:/ST/STM32CubeIDE_1.17.0/STM32CubeIDE/plugins/com.st.stm32cube.ide.mcu.externaltools.gnu-tools-for-stm32.12.3.rel1.win32_1.1.0.202410251130/tools/bin/../lib/gcc/arm-none-eabi/12.3.1/../../../../arm-none-eabi/lib/thumb/v7e-m+dp/hard\libc_nano.a(libc_a-findfp.o)
 .text.global_stdio_init.part.0
                0x08008e4c       0x3c C:/ST/STM32CubeIDE_1.17.0/STM32CubeIDE/plugins/com.st.stm32cube.ide.mcu.externaltools.gnu-tools-for-stm32.12.3.rel1.win32_1.1.0.202410251130/tools/bin/../lib/gcc/arm-none-eabi/12.3.1/../../../../arm-none-eabi/lib/thumb/v7e-m+dp/hard\libc_nano.a(libc_a-findfp.o)
 .text.__sfp_lock_acquire
                0x08008e88        0xc C:/ST/STM32CubeIDE_1.17.0/STM32CubeIDE/plugins/com.st.stm32cube.ide.mcu.externaltools.gnu-tools-for-stm32.12.3.rel1.win32_1.1.0.202410251130/tools/bin/../lib/gcc/arm-none-eabi/12.3.1/../../../../arm-none-eabi/lib/thumb/v7e-m+dp/hard\libc_nano.a(libc_a-findfp.o)
                0x08008e88                __sfp_lock_acquire
 .text.__sfp_lock_release
                0x08008e94        0xc C:/ST/STM32CubeIDE_1.17.0/STM32CubeIDE/plugins/com.st.stm32cube.ide.mcu.externaltools.gnu-tools-for-stm32.12.3.rel1.win32_1.1.0.202410251130/tools/bin/../lib/gcc/arm-none-eabi/12.3.1/../../../../arm-none-eabi/lib/thumb/v7e-m+dp/hard\libc_nano.a(libc_a-findfp.o)
                0x08008e94                __sfp_lock_release
 .text.__sinit  0x08008ea0       0x30 C:/ST/STM32CubeIDE_1.17.0/STM32CubeIDE/plugins/com.st.stm32cube.ide.mcu.externaltools.gnu-tools-for-stm32.12.3.rel1.win32_1.1.0.202410251130/tools/bin/../lib/gcc/arm-none-eabi/12.3.1/../../../../arm-none-eabi/lib/thumb/v7e-m+dp/hard\libc_nano.a(libc_a-findfp.o)
                0x08008ea0                __sinit
 .text._fwalk_sglue
                0x08008ed0       0x3c C:/ST/STM32CubeIDE_1.17.0/STM32CubeIDE/plugins/com.st.stm32cube.ide.mcu.externaltools.gnu-tools-for-stm32.12.3.rel1.win32_1.1.0.202410251130/tools/bin/../lib/gcc/arm-none-eabi/12.3.1/../../../../arm-none-eabi/lib/thumb/v7e-m+dp/hard\libc_nano.a(libc_a-fwalk.o)
                0x08008ed0                _fwalk_sglue
 .text._puts_r  0x08008f0c       0xaa C:/ST/STM32CubeIDE_1.17.0/STM32CubeIDE/plugins/com.st.stm32cube.ide.mcu.externaltools.gnu-tools-for-stm32.12.3.rel1.win32_1.1.0.202410251130/tools/bin/../lib/gcc/arm-none-eabi/12.3.1/../../../../arm-none-eabi/lib/thumb/v7e-m+dp/hard\libc_nano.a(libc_a-puts.o)
                0x08008f0c                _puts_r
 *fill*         0x08008fb6        0x2 
 .text.puts     0x08008fb8       0x10 C:/ST/STM32CubeIDE_1.17.0/STM32CubeIDE/plugins/com.st.stm32cube.ide.mcu.externaltools.gnu-tools-for-stm32.12.3.rel1.win32_1.1.0.202410251130/tools/bin/../lib/gcc/arm-none-eabi/12.3.1/../../../../arm-none-eabi/lib/thumb/v7e-m+dp/hard\libc_nano.a(libc_a-puts.o)
                0x08008fb8                puts
 .text.__sread  0x08008fc8       0x22 C:/ST/STM32CubeIDE_1.17.0/STM32CubeIDE/plugins/com.st.stm32cube.ide.mcu.externaltools.gnu-tools-for-stm32.12.3.rel1.win32_1.1.0.202410251130/tools/bin/../lib/gcc/arm-none-eabi/12.3.1/../../../../arm-none-eabi/lib/thumb/v7e-m+dp/hard\libc_nano.a(libc_a-stdio.o)
                0x08008fc8                __sread
 .text.__swrite
                0x08008fea       0x38 C:/ST/STM32CubeIDE_1.17.0/STM32CubeIDE/plugins/com.st.stm32cube.ide.mcu.externaltools.gnu-tools-for-stm32.12.3.rel1.win32_1.1.0.202410251130/tools/bin/../lib/gcc/arm-none-eabi/12.3.1/../../../../arm-none-eabi/lib/thumb/v7e-m+dp/hard\libc_nano.a(libc_a-stdio.o)
                0x08008fea                __swrite
 .text.__sseek  0x08009022       0x24 C:/ST/STM32CubeIDE_1.17.0/STM32CubeIDE/plugins/com.st.stm32cube.ide.mcu.externaltools.gnu-tools-for-stm32.12.3.rel1.win32_1.1.0.202410251130/tools/bin/../lib/gcc/arm-none-eabi/12.3.1/../../../../arm-none-eabi/lib/thumb/v7e-m+dp/hard\libc_nano.a(libc_a-stdio.o)
                0x08009022                __sseek
 .text.__sclose
                0x08009046        0x8 C:/ST/STM32CubeIDE_1.17.0/STM32CubeIDE/plugins/com.st.stm32cube.ide.mcu.externaltools.gnu-tools-for-stm32.12.3.rel1.win32_1.1.0.202410251130/tools/bin/../lib/gcc/arm-none-eabi/12.3.1/../../../../arm-none-eabi/lib/thumb/v7e-m+dp/hard\libc_nano.a(libc_a-stdio.o)
                0x08009046                __sclose
 .text.__swbuf_r
                0x0800904e       0x7c C:/ST/STM32CubeIDE_1.17.0/STM32CubeIDE/plugins/com.st.stm32cube.ide.mcu.externaltools.gnu-tools-for-stm32.12.3.rel1.win32_1.1.0.202410251130/tools/bin/../lib/gcc/arm-none-eabi/12.3.1/../../../../arm-none-eabi/lib/thumb/v7e-m+dp/hard\libc_nano.a(libc_a-wbuf.o)
                0x0800904e                __swbuf_r
 *fill*         0x080090ca        0x2 
 .text.__swsetup_r
                0x080090cc       0xac C:/ST/STM32CubeIDE_1.17.0/STM32CubeIDE/plugins/com.st.stm32cube.ide.mcu.externaltools.gnu-tools-for-stm32.12.3.rel1.win32_1.1.0.202410251130/tools/bin/../lib/gcc/arm-none-eabi/12.3.1/../../../../arm-none-eabi/lib/thumb/v7e-m+dp/hard\libc_nano.a(libc_a-wsetup.o)
                0x080090cc                __swsetup_r
 .text.memset   0x08009178       0x10 C:/ST/STM32CubeIDE_1.17.0/STM32CubeIDE/plugins/com.st.stm32cube.ide.mcu.externaltools.gnu-tools-for-stm32.12.3.rel1.win32_1.1.0.202410251130/tools/bin/../lib/gcc/arm-none-eabi/12.3.1/../../../../arm-none-eabi/lib/thumb/v7e-m+dp/hard\libc_nano.a(libc_a-memset.o)
                0x08009178                memset
 .text._close_r
                0x08009188       0x20 C:/ST/STM32CubeIDE_1.17.0/STM32CubeIDE/plugins/com.st.stm32cube.ide.mcu.externaltools.gnu-tools-for-stm32.12.3.rel1.win32_1.1.0.202410251130/tools/bin/../lib/gcc/arm-none-eabi/12.3.1/../../../../arm-none-eabi/lib/thumb/v7e-m+dp/hard\libc_nano.a(libc_a-closer.o)
                0x08009188                _close_r
 .text._lseek_r
                0x080091a8       0x24 C:/ST/STM32CubeIDE_1.17.0/STM32CubeIDE/plugins/com.st.stm32cube.ide.mcu.externaltools.gnu-tools-for-stm32.12.3.rel1.win32_1.1.0.202410251130/tools/bin/../lib/gcc/arm-none-eabi/12.3.1/../../../../arm-none-eabi/lib/thumb/v7e-m+dp/hard\libc_nano.a(libc_a-lseekr.o)
                0x080091a8                _lseek_r
 .text._read_r  0x080091cc       0x24 C:/ST/STM32CubeIDE_1.17.0/STM32CubeIDE/plugins/com.st.stm32cube.ide.mcu.externaltools.gnu-tools-for-stm32.12.3.rel1.win32_1.1.0.202410251130/tools/bin/../lib/gcc/arm-none-eabi/12.3.1/../../../../arm-none-eabi/lib/thumb/v7e-m+dp/hard\libc_nano.a(libc_a-readr.o)
                0x080091cc                _read_r
 .text._write_r
                0x080091f0       0x24 C:/ST/STM32CubeIDE_1.17.0/STM32CubeIDE/plugins/com.st.stm32cube.ide.mcu.externaltools.gnu-tools-for-stm32.12.3.rel1.win32_1.1.0.202410251130/tools/bin/../lib/gcc/arm-none-eabi/12.3.1/../../../../arm-none-eabi/lib/thumb/v7e-m+dp/hard\libc_nano.a(libc_a-writer.o)
                0x080091f0                _write_r
 .text.__errno  0x08009214        0xc C:/ST/STM32CubeIDE_1.17.0/STM32CubeIDE/plugins/com.st.stm32cube.ide.mcu.externaltools.gnu-tools-for-stm32.12.3.rel1.win32_1.1.0.202410251130/tools/bin/../lib/gcc/arm-none-eabi/12.3.1/../../../../arm-none-eabi/lib/thumb/v7e-m+dp/hard\libc_nano.a(libc_a-errno.o)
                0x08009214                __errno
 .text.__libc_init_array
                0x08009220       0x48 C:/ST/STM32CubeIDE_1.17.0/STM32CubeIDE/plugins/com.st.stm32cube.ide.mcu.externaltools.gnu-tools-for-stm32.12.3.rel1.win32_1.1.0.202410251130/tools/bin/../lib/gcc/arm-none-eabi/12.3.1/../../../../arm-none-eabi/lib/thumb/v7e-m+dp/hard\libc_nano.a(libc_a-init.o)
                0x08009220                __libc_init_array
 .text.__retarget_lock_init_recursive
                0x08009268        0x2 C:/ST/STM32CubeIDE_1.17.0/STM32CubeIDE/plugins/com.st.stm32cube.ide.mcu.externaltools.gnu-tools-for-stm32.12.3.rel1.win32_1.1.0.202410251130/tools/bin/../lib/gcc/arm-none-eabi/12.3.1/../../../../arm-none-eabi/lib/thumb/v7e-m+dp/hard\libc_nano.a(libc_a-lock.o)
                0x08009268                __retarget_lock_init_recursive
 .text.__retarget_lock_acquire_recursive
                0x0800926a        0x2 C:/ST/STM32CubeIDE_1.17.0/STM32CubeIDE/plugins/com.st.stm32cube.ide.mcu.externaltools.gnu-tools-for-stm32.12.3.rel1.win32_1.1.0.202410251130/tools/bin/../lib/gcc/arm-none-eabi/12.3.1/../../../../arm-none-eabi/lib/thumb/v7e-m+dp/hard\libc_nano.a(libc_a-lock.o)
                0x0800926a                __retarget_lock_acquire_recursive
 .text.__retarget_lock_release_recursive
                0x0800926c        0x2 C:/ST/STM32CubeIDE_1.17.0/STM32CubeIDE/plugins/com.st.stm32cube.ide.mcu.externaltools.gnu-tools-for-stm32.12.3.rel1.win32_1.1.0.202410251130/tools/bin/../lib/gcc/arm-none-eabi/12.3.1/../../../../arm-none-eabi/lib/thumb/v7e-m+dp/hard\libc_nano.a(libc_a-lock.o)
                0x0800926c                __retarget_lock_release_recursive
 .text.memcpy   0x0800926e       0x1c C:/ST/STM32CubeIDE_1.17.0/STM32CubeIDE/plugins/com.st.stm32cube.ide.mcu.externaltools.gnu-tools-for-stm32.12.3.rel1.win32_1.1.0.202410251130/tools/bin/../lib/gcc/arm-none-eabi/12.3.1/../../../../arm-none-eabi/lib/thumb/v7e-m+dp/hard\libc_nano.a(libc_a-memcpy-stub.o)
                0x0800926e                memcpy
 *fill*         0x0800928a        0x2 
 .text._free_r  0x0800928c       0x94 C:/ST/STM32CubeIDE_1.17.0/STM32CubeIDE/plugins/com.st.stm32cube.ide.mcu.externaltools.gnu-tools-for-stm32.12.3.rel1.win32_1.1.0.202410251130/tools/bin/../lib/gcc/arm-none-eabi/12.3.1/../../../../arm-none-eabi/lib/thumb/v7e-m+dp/hard\libc_nano.a(libc_a-freer.o)
                0x0800928c                _free_r
 .text.sbrk_aligned
                0x08009320       0x44 C:/ST/STM32CubeIDE_1.17.0/STM32CubeIDE/plugins/com.st.stm32cube.ide.mcu.externaltools.gnu-tools-for-stm32.12.3.rel1.win32_1.1.0.202410251130/tools/bin/../lib/gcc/arm-none-eabi/12.3.1/../../../../arm-none-eabi/lib/thumb/v7e-m+dp/hard\libc_nano.a(libc_a-mallocr.o)
 .text._malloc_r
                0x08009364      0x100 C:/ST/STM32CubeIDE_1.17.0/STM32CubeIDE/plugins/com.st.stm32cube.ide.mcu.externaltools.gnu-tools-for-stm32.12.3.rel1.win32_1.1.0.202410251130/tools/bin/../lib/gcc/arm-none-eabi/12.3.1/../../../../arm-none-eabi/lib/thumb/v7e-m+dp/hard\libc_nano.a(libc_a-mallocr.o)
                0x08009364                _malloc_r
 .text.__malloc_lock
                0x08009464        0xc C:/ST/STM32CubeIDE_1.17.0/STM32CubeIDE/plugins/com.st.stm32cube.ide.mcu.externaltools.gnu-tools-for-stm32.12.3.rel1.win32_1.1.0.202410251130/tools/bin/../lib/gcc/arm-none-eabi/12.3.1/../../../../arm-none-eabi/lib/thumb/v7e-m+dp/hard\libc_nano.a(libc_a-mlock.o)
                0x08009464                __malloc_lock
 .text.__malloc_unlock
                0x08009470        0xc C:/ST/STM32CubeIDE_1.17.0/STM32CubeIDE/plugins/com.st.stm32cube.ide.mcu.externaltools.gnu-tools-for-stm32.12.3.rel1.win32_1.1.0.202410251130/tools/bin/../lib/gcc/arm-none-eabi/12.3.1/../../../../arm-none-eabi/lib/thumb/v7e-m+dp/hard\libc_nano.a(libc_a-mlock.o)
                0x08009470                __malloc_unlock
 .text.__sflush_r
                0x0800947c      0x108 C:/ST/STM32CubeIDE_1.17.0/STM32CubeIDE/plugins/com.st.stm32cube.ide.mcu.externaltools.gnu-tools-for-stm32.12.3.rel1.win32_1.1.0.202410251130/tools/bin/../lib/gcc/arm-none-eabi/12.3.1/../../../../arm-none-eabi/lib/thumb/v7e-m+dp/hard\libc_nano.a(libc_a-fflush.o)
                0x0800947c                __sflush_r
 .text._fflush_r
                0x08009584       0x50 C:/ST/STM32CubeIDE_1.17.0/STM32CubeIDE/plugins/com.st.stm32cube.ide.mcu.externaltools.gnu-tools-for-stm32.12.3.rel1.win32_1.1.0.202410251130/tools/bin/../lib/gcc/arm-none-eabi/12.3.1/../../../../arm-none-eabi/lib/thumb/v7e-m+dp/hard\libc_nano.a(libc_a-fflush.o)
                0x08009584                _fflush_r
 .text.__swhatbuf_r
                0x080095d4       0x4c C:/ST/STM32CubeIDE_1.17.0/STM32CubeIDE/plugins/com.st.stm32cube.ide.mcu.externaltools.gnu-tools-for-stm32.12.3.rel1.win32_1.1.0.202410251130/tools/bin/../lib/gcc/arm-none-eabi/12.3.1/../../../../arm-none-eabi/lib/thumb/v7e-m+dp/hard\libc_nano.a(libc_a-makebuf.o)
                0x080095d4                __swhatbuf_r
 .text.__smakebuf_r
                0x08009620       0x78 C:/ST/STM32CubeIDE_1.17.0/STM32CubeIDE/plugins/com.st.stm32cube.ide.mcu.externaltools.gnu-tools-for-stm32.12.3.rel1.win32_1.1.0.202410251130/tools/bin/../lib/gcc/arm-none-eabi/12.3.1/../../../../arm-none-eabi/lib/thumb/v7e-m+dp/hard\libc_nano.a(libc_a-makebuf.o)
                0x08009620                __smakebuf_r
 .text._fstat_r
                0x08009698       0x24 C:/ST/STM32CubeIDE_1.17.0/STM32CubeIDE/plugins/com.st.stm32cube.ide.mcu.externaltools.gnu-tools-for-stm32.12.3.rel1.win32_1.1.0.202410251130/tools/bin/../lib/gcc/arm-none-eabi/12.3.1/../../../../arm-none-eabi/lib/thumb/v7e-m+dp/hard\libc_nano.a(libc_a-fstatr.o)
                0x08009698                _fstat_r
 .text._isatty_r
                0x080096bc       0x20 C:/ST/STM32CubeIDE_1.17.0/STM32CubeIDE/plugins/com.st.stm32cube.ide.mcu.externaltools.gnu-tools-for-stm32.12.3.rel1.win32_1.1.0.202410251130/tools/bin/../lib/gcc/arm-none-eabi/12.3.1/../../../../arm-none-eabi/lib/thumb/v7e-m+dp/hard\libc_nano.a(libc_a-isattyr.o)
                0x080096bc                _isatty_r
 .text._sbrk_r  0x080096dc       0x20 C:/ST/STM32CubeIDE_1.17.0/STM32CubeIDE/plugins/com.st.stm32cube.ide.mcu.externaltools.gnu-tools-for-stm32.12.3.rel1.win32_1.1.0.202410251130/tools/bin/../lib/gcc/arm-none-eabi/12.3.1/../../../../arm-none-eabi/lib/thumb/v7e-m+dp/hard\libc_nano.a(libc_a-sbrkr.o)
                0x080096dc                _sbrk_r
 *(.glue_7)
 .glue_7        0x080096fc        0x0 linker stubs
 *(.glue_7t)
 .glue_7t       0x080096fc        0x0 linker stubs
 *(.eh_frame)
 .eh_frame      0x080096fc        0x0 C:/ST/STM32CubeIDE_1.17.0/STM32CubeIDE/plugins/com.st.stm32cube.ide.mcu.externaltools.gnu-tools-for-stm32.12.3.rel1.win32_1.1.0.202410251130/tools/bin/../lib/gcc/arm-none-eabi/12.3.1/thumb/v7e-m+dp/hard/crtbegin.o
 *(.init)
 .init          0x080096fc        0x4 C:/ST/STM32CubeIDE_1.17.0/STM32CubeIDE/plugins/com.st.stm32cube.ide.mcu.externaltools.gnu-tools-for-stm32.12.3.rel1.win32_1.1.0.202410251130/tools/bin/../lib/gcc/arm-none-eabi/12.3.1/thumb/v7e-m+dp/hard/crti.o
                0x080096fc                _init
 .init          0x08009700        0x8 C:/ST/STM32CubeIDE_1.17.0/STM32CubeIDE/plugins/com.st.stm32cube.ide.mcu.externaltools.gnu-tools-for-stm32.12.3.rel1.win32_1.1.0.202410251130/tools/bin/../lib/gcc/arm-none-eabi/12.3.1/thumb/v7e-m+dp/hard/crtn.o
 *(.fini)
 .fini          0x08009708        0x4 C:/ST/STM32CubeIDE_1.17.0/STM32CubeIDE/plugins/com.st.stm32cube.ide.mcu.externaltools.gnu-tools-for-stm32.12.3.rel1.win32_1.1.0.202410251130/tools/bin/../lib/gcc/arm-none-eabi/12.3.1/thumb/v7e-m+dp/hard/crti.o
                0x08009708                _fini
 .fini          0x0800970c        0x8 C:/ST/STM32CubeIDE_1.17.0/STM32CubeIDE/plugins/com.st.stm32cube.ide.mcu.externaltools.gnu-tools-for-stm32.12.3.rel1.win32_1.1.0.202410251130/tools/bin/../lib/gcc/arm-none-eabi/12.3.1/thumb/v7e-m+dp/hard/crtn.o
                0x08009714                        . = ALIGN (0x4)
                0x08009714                        _etext = .

.vfp11_veneer   0x08009714        0x0
 .vfp11_veneer  0x08009714        0x0 linker stubs

.v4_bx          0x08009714        0x0
 .v4_bx         0x08009714        0x0 linker stubs

.iplt           0x08009714        0x0
 .iplt          0x08009714        0x0 C:/ST/STM32CubeIDE_1.17.0/STM32CubeIDE/plugins/com.st.stm32cube.ide.mcu.externaltools.gnu-tools-for-stm32.12.3.rel1.win32_1.1.0.202410251130/tools/bin/../lib/gcc/arm-none-eabi/12.3.1/thumb/v7e-m+dp/hard/crtbegin.o

.rodata         0x08009714      0x258
                0x08009714                        . = ALIGN (0x4)
 *(.rodata)
 .rodata        0x08009714       0x3e ./Core/Src/main.o
 *fill*         0x08009752        0x2 
 .rodata        0x08009754      0x1ba ./Core/Src/pb_decode.o
 *(.rodata*)
 *fill*         0x0800990e        0x2 
 .rodata.LedStatus_field_info
                0x08009910        0x8 ./Core/Src/led_blink.pb.o
                0x08009910                LedStatus_field_info
 .rodata.LedStatus_submsg_info
                0x08009918        0x4 ./Core/Src/led_blink.pb.o
                0x08009918                LedStatus_submsg_info
 .rodata.LedStatus_msg
                0x0800991c       0x18 ./Core/Src/led_blink.pb.o
                0x0800991c                LedStatus_msg
 .rodata.D1CorePrescTable
                0x08009934       0x10 ./Core/Src/system_stm32h7xx.o
                0x08009934                D1CorePrescTable
 .rodata.UARTPrescTable
                0x08009944       0x18 ./Drivers/STM32H7xx_HAL_Driver/Src/stm32h7xx_hal_uart.o
                0x08009944                UARTPrescTable
 .rodata.numerator.1
                0x0800995c        0x8 ./Drivers/STM32H7xx_HAL_Driver/Src/stm32h7xx_hal_uart_ex.o
 .rodata.denominator.0
                0x08009964        0x8 ./Drivers/STM32H7xx_HAL_Driver/Src/stm32h7xx_hal_uart_ex.o
                0x0800996c                        . = ALIGN (0x4)

.ARM.extab
 *(.ARM.extab* .gnu.linkonce.armextab.*)

.ARM            0x0800996c        0x8
                0x0800996c                        __exidx_start = .
 *(.ARM.exidx*)
 .ARM.exidx     0x0800996c        0x8 C:/ST/STM32CubeIDE_1.17.0/STM32CubeIDE/plugins/com.st.stm32cube.ide.mcu.externaltools.gnu-tools-for-stm32.12.3.rel1.win32_1.1.0.202410251130/tools/bin/../lib/gcc/arm-none-eabi/12.3.1/thumb/v7e-m+dp/hard\libgcc.a(_udivmoddi4.o)
                0x08009974                        __exidx_end = .

.preinit_array  0x08009974        0x0
                0x08009974                        PROVIDE (__preinit_array_start = .)
 *(.preinit_array*)
                0x08009974                        PROVIDE (__preinit_array_end = .)

.init_array     0x08009974        0x4
                0x08009974                        PROVIDE (__init_array_start = .)
 *(SORT_BY_NAME(.init_array.*))
 *(.init_array*)
 .init_array    0x08009974        0x4 C:/ST/STM32CubeIDE_1.17.0/STM32CubeIDE/plugins/com.st.stm32cube.ide.mcu.externaltools.gnu-tools-for-stm32.12.3.rel1.win32_1.1.0.202410251130/tools/bin/../lib/gcc/arm-none-eabi/12.3.1/thumb/v7e-m+dp/hard/crtbegin.o
                0x08009978                        PROVIDE (__init_array_end = .)

.fini_array     0x08009978        0x4
                [!provide]                        PROVIDE (__fini_array_start = .)
 *(SORT_BY_NAME(.fini_array.*))
 *(.fini_array*)
 .fini_array    0x08009978        0x4 C:/ST/STM32CubeIDE_1.17.0/STM32CubeIDE/plugins/com.st.stm32cube.ide.mcu.externaltools.gnu-tools-for-stm32.12.3.rel1.win32_1.1.0.202410251130/tools/bin/../lib/gcc/arm-none-eabi/12.3.1/thumb/v7e-m+dp/hard/crtbegin.o
                [!provide]                        PROVIDE (__fini_array_end = .)
                0x0800997c                        _sidata = LOADADDR (.data)

.rel.dyn        0x0800997c        0x0
 .rel.iplt      0x0800997c        0x0 C:/ST/STM32CubeIDE_1.17.0/STM32CubeIDE/plugins/com.st.stm32cube.ide.mcu.externaltools.gnu-tools-for-stm32.12.3.rel1.win32_1.1.0.202410251130/tools/bin/../lib/gcc/arm-none-eabi/12.3.1/thumb/v7e-m+dp/hard/crtbegin.o

.data           0x24000000       0x6c load address 0x0800997c
                0x24000000                        . = ALIGN (0x4)
                0x24000000                        _sdata = .
 *(.data)
 *(.data*)
 .data.SystemCoreClock
                0x24000000        0x4 ./Core/Src/system_stm32h7xx.o
                0x24000000                SystemCoreClock
 .data.SystemD2Clock
                0x24000004        0x4 ./Core/Src/system_stm32h7xx.o
                0x24000004                SystemD2Clock
 .data.uwTickPrio
                0x24000008        0x4 ./Drivers/STM32H7xx_HAL_Driver/Src/stm32h7xx_hal.o
                0x24000008                uwTickPrio
 .data.uwTickFreq
                0x2400000c        0x1 ./Drivers/STM32H7xx_HAL_Driver/Src/stm32h7xx_hal.o
                0x2400000c                uwTickFreq
 *fill*         0x2400000d        0x3 
 .data.__sglue  0x24000010        0xc C:/ST/STM32CubeIDE_1.17.0/STM32CubeIDE/plugins/com.st.stm32cube.ide.mcu.externaltools.gnu-tools-for-stm32.12.3.rel1.win32_1.1.0.202410251130/tools/bin/../lib/gcc/arm-none-eabi/12.3.1/../../../../arm-none-eabi/lib/thumb/v7e-m+dp/hard\libc_nano.a(libc_a-findfp.o)
                0x24000010                __sglue
 .data._impure_ptr
                0x2400001c        0x4 C:/ST/STM32CubeIDE_1.17.0/STM32CubeIDE/plugins/com.st.stm32cube.ide.mcu.externaltools.gnu-tools-for-stm32.12.3.rel1.win32_1.1.0.202410251130/tools/bin/../lib/gcc/arm-none-eabi/12.3.1/../../../../arm-none-eabi/lib/thumb/v7e-m+dp/hard\libc_nano.a(libc_a-impure.o)
                0x2400001c                _impure_ptr
 .data._impure_data
                0x24000020       0x4c C:/ST/STM32CubeIDE_1.17.0/STM32CubeIDE/plugins/com.st.stm32cube.ide.mcu.externaltools.gnu-tools-for-stm32.12.3.rel1.win32_1.1.0.202410251130/tools/bin/../lib/gcc/arm-none-eabi/12.3.1/../../../../arm-none-eabi/lib/thumb/v7e-m+dp/hard\libc_nano.a(libc_a-impure.o)
                0x24000020                _impure_data
 *(.RamFunc)
 *(.RamFunc*)
                0x2400006c                        . = ALIGN (0x4)
                0x2400006c                        _edata = .

.igot.plt       0x2400006c        0x0 load address 0x080099e8
 .igot.plt      0x2400006c        0x0 C:/ST/STM32CubeIDE_1.17.0/STM32CubeIDE/plugins/com.st.stm32cube.ide.mcu.externaltools.gnu-tools-for-stm32.12.3.rel1.win32_1.1.0.202410251130/tools/bin/../lib/gcc/arm-none-eabi/12.3.1/thumb/v7e-m+dp/hard/crtbegin.o
                0x2400006c                        . = ALIGN (0x4)

.bss            0x2400006c      0x204 load address 0x080099e8
                0x2400006c                        _sbss = .
                0x2400006c                        __bss_start__ = _sbss
 *(.bss)
 .bss           0x2400006c       0x1c C:/ST/STM32CubeIDE_1.17.0/STM32CubeIDE/plugins/com.st.stm32cube.ide.mcu.externaltools.gnu-tools-for-stm32.12.3.rel1.win32_1.1.0.202410251130/tools/bin/../lib/gcc/arm-none-eabi/12.3.1/thumb/v7e-m+dp/hard/crtbegin.o
 *(.bss*)
 .bss.huart3    0x24000088       0x94 ./Core/Src/main.o
                0x24000088                huart3
 .bss.__sbrk_heap_end
                0x2400011c        0x4 ./Core/Src/sysmem.o
 .bss.uwTick    0x24000120        0x4 ./Drivers/STM32H7xx_HAL_Driver/Src/stm32h7xx_hal.o
                0x24000120                uwTick
 .bss.__sf      0x24000124      0x138 C:/ST/STM32CubeIDE_1.17.0/STM32CubeIDE/plugins/com.st.stm32cube.ide.mcu.externaltools.gnu-tools-for-stm32.12.3.rel1.win32_1.1.0.202410251130/tools/bin/../lib/gcc/arm-none-eabi/12.3.1/../../../../arm-none-eabi/lib/thumb/v7e-m+dp/hard\libc_nano.a(libc_a-findfp.o)
                0x24000124                __sf
 .bss.__stdio_exit_handler
                0x2400025c        0x4 C:/ST/STM32CubeIDE_1.17.0/STM32CubeIDE/plugins/com.st.stm32cube.ide.mcu.externaltools.gnu-tools-for-stm32.12.3.rel1.win32_1.1.0.202410251130/tools/bin/../lib/gcc/arm-none-eabi/12.3.1/../../../../arm-none-eabi/lib/thumb/v7e-m+dp/hard\libc_nano.a(libc_a-findfp.o)
                0x2400025c                __stdio_exit_handler
 .bss.errno     0x24000260        0x4 C:/ST/STM32CubeIDE_1.17.0/STM32CubeIDE/plugins/com.st.stm32cube.ide.mcu.externaltools.gnu-tools-for-stm32.12.3.rel1.win32_1.1.0.202410251130/tools/bin/../lib/gcc/arm-none-eabi/12.3.1/../../../../arm-none-eabi/lib/thumb/v7e-m+dp/hard\libc_nano.a(libc_a-reent.o)
                0x24000260                errno
 .bss.__lock___malloc_recursive_mutex
                0x24000264        0x1 C:/ST/STM32CubeIDE_1.17.0/STM32CubeIDE/plugins/com.st.stm32cube.ide.mcu.externaltools.gnu-tools-for-stm32.12.3.rel1.win32_1.1.0.202410251130/tools/bin/../lib/gcc/arm-none-eabi/12.3.1/../../../../arm-none-eabi/lib/thumb/v7e-m+dp/hard\libc_nano.a(libc_a-lock.o)
                0x24000264                __lock___malloc_recursive_mutex
 .bss.__lock___sfp_recursive_mutex
                0x24000265        0x1 C:/ST/STM32CubeIDE_1.17.0/STM32CubeIDE/plugins/com.st.stm32cube.ide.mcu.externaltools.gnu-tools-for-stm32.12.3.rel1.win32_1.1.0.202410251130/tools/bin/../lib/gcc/arm-none-eabi/12.3.1/../../../../arm-none-eabi/lib/thumb/v7e-m+dp/hard\libc_nano.a(libc_a-lock.o)
                0x24000265                __lock___sfp_recursive_mutex
 *fill*         0x24000266        0x2 
 .bss.__malloc_sbrk_start
                0x24000268        0x4 C:/ST/STM32CubeIDE_1.17.0/STM32CubeIDE/plugins/com.st.stm32cube.ide.mcu.externaltools.gnu-tools-for-stm32.12.3.rel1.win32_1.1.0.202410251130/tools/bin/../lib/gcc/arm-none-eabi/12.3.1/../../../../arm-none-eabi/lib/thumb/v7e-m+dp/hard\libc_nano.a(libc_a-mallocr.o)
                0x24000268                __malloc_sbrk_start
 .bss.__malloc_free_list
                0x2400026c        0x4 C:/ST/STM32CubeIDE_1.17.0/STM32CubeIDE/plugins/com.st.stm32cube.ide.mcu.externaltools.gnu-tools-for-stm32.12.3.rel1.win32_1.1.0.202410251130/tools/bin/../lib/gcc/arm-none-eabi/12.3.1/../../../../arm-none-eabi/lib/thumb/v7e-m+dp/hard\libc_nano.a(libc_a-mallocr.o)
                0x2400026c                __malloc_free_list
 *(COMMON)
                0x24000270                        . = ALIGN (0x4)
                0x24000270                        _ebss = .
                0x24000270                        __bss_end__ = _ebss

._user_heap_stack
                0x24000270      0x600 load address 0x080099e8
                0x24000270                        . = ALIGN (0x8)
                [!provide]                        PROVIDE (end = .)
                0x24000270                        PROVIDE (_end = .)
                0x24000470                        . = (. + _Min_Heap_Size)
 *fill*         0x24000270      0x200 
                0x24000870                        . = (. + _Min_Stack_Size)
 *fill*         0x24000470      0x400 
                0x24000870                        . = ALIGN (0x8)

/DISCARD/
 libc.a(*)
 libm.a(*)
 libgcc.a(*)

.ARM.attributes
                0x00000000       0x2e
 *(.ARM.attributes)
 .ARM.attributes
                0x00000000       0x20 C:/ST/STM32CubeIDE_1.17.0/STM32CubeIDE/plugins/com.st.stm32cube.ide.mcu.externaltools.gnu-tools-for-stm32.12.3.rel1.win32_1.1.0.202410251130/tools/bin/../lib/gcc/arm-none-eabi/12.3.1/thumb/v7e-m+dp/hard/crti.o
 .ARM.attributes
                0x00000020       0x32 C:/ST/STM32CubeIDE_1.17.0/STM32CubeIDE/plugins/com.st.stm32cube.ide.mcu.externaltools.gnu-tools-for-stm32.12.3.rel1.win32_1.1.0.202410251130/tools/bin/../lib/gcc/arm-none-eabi/12.3.1/thumb/v7e-m+dp/hard/crtbegin.o
 .ARM.attributes
                0x00000052       0x32 ./Core/Src/led_blink.pb.o
 .ARM.attributes
                0x00000084       0x32 ./Core/Src/main.o
 .ARM.attributes
                0x000000b6       0x32 ./Core/Src/pb_common.o
 .ARM.attributes
                0x000000e8       0x32 ./Core/Src/pb_decode.o
 .ARM.attributes
                0x0000011a       0x32 ./Core/Src/stm32h7xx_hal_msp.o
 .ARM.attributes
                0x0000014c       0x32 ./Core/Src/stm32h7xx_it.o
 .ARM.attributes
                0x0000017e       0x32 ./Core/Src/syscalls.o
 .ARM.attributes
                0x000001b0       0x32 ./Core/Src/sysmem.o
 .ARM.attributes
                0x000001e2       0x32 ./Core/Src/system_stm32h7xx.o
 .ARM.attributes
                0x00000214       0x21 ./Core/Startup/startup_stm32h7a3zitxq.o
 .ARM.attributes
                0x00000235       0x32 ./Drivers/STM32H7xx_HAL_Driver/Src/stm32h7xx_hal.o
 .ARM.attributes
                0x00000267       0x32 ./Drivers/STM32H7xx_HAL_Driver/Src/stm32h7xx_hal_cortex.o
 .ARM.attributes
                0x00000299       0x32 ./Drivers/STM32H7xx_HAL_Driver/Src/stm32h7xx_hal_dma.o
 .ARM.attributes
                0x000002cb       0x32 ./Drivers/STM32H7xx_HAL_Driver/Src/stm32h7xx_hal_gpio.o
 .ARM.attributes
                0x000002fd       0x32 ./Drivers/STM32H7xx_HAL_Driver/Src/stm32h7xx_hal_pwr_ex.o
 .ARM.attributes
                0x0000032f       0x32 ./Drivers/STM32H7xx_HAL_Driver/Src/stm32h7xx_hal_rcc.o
 .ARM.attributes
                0x00000361       0x32 ./Drivers/STM32H7xx_HAL_Driver/Src/stm32h7xx_hal_rcc_ex.o
 .ARM.attributes
                0x00000393       0x32 ./Drivers/STM32H7xx_HAL_Driver/Src/stm32h7xx_hal_uart.o
 .ARM.attributes
                0x000003c5       0x32 ./Drivers/STM32H7xx_HAL_Driver/Src/stm32h7xx_hal_uart_ex.o
 .ARM.attributes
                0x000003f7       0x32 C:/ST/STM32CubeIDE_1.17.0/STM32CubeIDE/plugins/com.st.stm32cube.ide.mcu.externaltools.gnu-tools-for-stm32.12.3.rel1.win32_1.1.0.202410251130/tools/bin/../lib/gcc/arm-none-eabi/12.3.1/../../../../arm-none-eabi/lib/thumb/v7e-m+dp/hard\libc_nano.a(libc_a-findfp.o)
 .ARM.attributes
                0x00000429       0x32 C:/ST/STM32CubeIDE_1.17.0/STM32CubeIDE/plugins/com.st.stm32cube.ide.mcu.externaltools.gnu-tools-for-stm32.12.3.rel1.win32_1.1.0.202410251130/tools/bin/../lib/gcc/arm-none-eabi/12.3.1/../../../../arm-none-eabi/lib/thumb/v7e-m+dp/hard\libc_nano.a(libc_a-fwalk.o)
 .ARM.attributes
                0x0000045b       0x32 C:/ST/STM32CubeIDE_1.17.0/STM32CubeIDE/plugins/com.st.stm32cube.ide.mcu.externaltools.gnu-tools-for-stm32.12.3.rel1.win32_1.1.0.202410251130/tools/bin/../lib/gcc/arm-none-eabi/12.3.1/../../../../arm-none-eabi/lib/thumb/v7e-m+dp/hard\libc_nano.a(libc_a-puts.o)
 .ARM.attributes
                0x0000048d       0x32 C:/ST/STM32CubeIDE_1.17.0/STM32CubeIDE/plugins/com.st.stm32cube.ide.mcu.externaltools.gnu-tools-for-stm32.12.3.rel1.win32_1.1.0.202410251130/tools/bin/../lib/gcc/arm-none-eabi/12.3.1/../../../../arm-none-eabi/lib/thumb/v7e-m+dp/hard\libc_nano.a(libc_a-stdio.o)
 .ARM.attributes
                0x000004bf       0x32 C:/ST/STM32CubeIDE_1.17.0/STM32CubeIDE/plugins/com.st.stm32cube.ide.mcu.externaltools.gnu-tools-for-stm32.12.3.rel1.win32_1.1.0.202410251130/tools/bin/../lib/gcc/arm-none-eabi/12.3.1/../../../../arm-none-eabi/lib/thumb/v7e-m+dp/hard\libc_nano.a(libc_a-wbuf.o)
 .ARM.attributes
                0x000004f1       0x32 C:/ST/STM32CubeIDE_1.17.0/STM32CubeIDE/plugins/com.st.stm32cube.ide.mcu.externaltools.gnu-tools-for-stm32.12.3.rel1.win32_1.1.0.202410251130/tools/bin/../lib/gcc/arm-none-eabi/12.3.1/../../../../arm-none-eabi/lib/thumb/v7e-m+dp/hard\libc_nano.a(libc_a-wsetup.o)
 .ARM.attributes
                0x00000523       0x32 C:/ST/STM32CubeIDE_1.17.0/STM32CubeIDE/plugins/com.st.stm32cube.ide.mcu.externaltools.gnu-tools-for-stm32.12.3.rel1.win32_1.1.0.202410251130/tools/bin/../lib/gcc/arm-none-eabi/12.3.1/../../../../arm-none-eabi/lib/thumb/v7e-m+dp/hard\libc_nano.a(libc_a-memset.o)
 .ARM.attributes
                0x00000555       0x32 C:/ST/STM32CubeIDE_1.17.0/STM32CubeIDE/plugins/com.st.stm32cube.ide.mcu.externaltools.gnu-tools-for-stm32.12.3.rel1.win32_1.1.0.202410251130/tools/bin/../lib/gcc/arm-none-eabi/12.3.1/../../../../arm-none-eabi/lib/thumb/v7e-m+dp/hard\libc_nano.a(libc_a-closer.o)
 .ARM.attributes
                0x00000587       0x32 C:/ST/STM32CubeIDE_1.17.0/STM32CubeIDE/plugins/com.st.stm32cube.ide.mcu.externaltools.gnu-tools-for-stm32.12.3.rel1.win32_1.1.0.202410251130/tools/bin/../lib/gcc/arm-none-eabi/12.3.1/../../../../arm-none-eabi/lib/thumb/v7e-m+dp/hard\libc_nano.a(libc_a-reent.o)
 .ARM.attributes
                0x000005b9       0x32 C:/ST/STM32CubeIDE_1.17.0/STM32CubeIDE/plugins/com.st.stm32cube.ide.mcu.externaltools.gnu-tools-for-stm32.12.3.rel1.win32_1.1.0.202410251130/tools/bin/../lib/gcc/arm-none-eabi/12.3.1/../../../../arm-none-eabi/lib/thumb/v7e-m+dp/hard\libc_nano.a(libc_a-impure.o)
 .ARM.attributes
                0x000005eb       0x32 C:/ST/STM32CubeIDE_1.17.0/STM32CubeIDE/plugins/com.st.stm32cube.ide.mcu.externaltools.gnu-tools-for-stm32.12.3.rel1.win32_1.1.0.202410251130/tools/bin/../lib/gcc/arm-none-eabi/12.3.1/../../../../arm-none-eabi/lib/thumb/v7e-m+dp/hard\libc_nano.a(libc_a-lseekr.o)
 .ARM.attributes
                0x0000061d       0x32 C:/ST/STM32CubeIDE_1.17.0/STM32CubeIDE/plugins/com.st.stm32cube.ide.mcu.externaltools.gnu-tools-for-stm32.12.3.rel1.win32_1.1.0.202410251130/tools/bin/../lib/gcc/arm-none-eabi/12.3.1/../../../../arm-none-eabi/lib/thumb/v7e-m+dp/hard\libc_nano.a(libc_a-readr.o)
 .ARM.attributes
                0x0000064f       0x32 C:/ST/STM32CubeIDE_1.17.0/STM32CubeIDE/plugins/com.st.stm32cube.ide.mcu.externaltools.gnu-tools-for-stm32.12.3.rel1.win32_1.1.0.202410251130/tools/bin/../lib/gcc/arm-none-eabi/12.3.1/../../../../arm-none-eabi/lib/thumb/v7e-m+dp/hard\libc_nano.a(libc_a-writer.o)
 .ARM.attributes
                0x00000681       0x32 C:/ST/STM32CubeIDE_1.17.0/STM32CubeIDE/plugins/com.st.stm32cube.ide.mcu.externaltools.gnu-tools-for-stm32.12.3.rel1.win32_1.1.0.202410251130/tools/bin/../lib/gcc/arm-none-eabi/12.3.1/../../../../arm-none-eabi/lib/thumb/v7e-m+dp/hard\libc_nano.a(libc_a-errno.o)
 .ARM.attributes
                0x000006b3       0x32 C:/ST/STM32CubeIDE_1.17.0/STM32CubeIDE/plugins/com.st.stm32cube.ide.mcu.externaltools.gnu-tools-for-stm32.12.3.rel1.win32_1.1.0.202410251130/tools/bin/../lib/gcc/arm-none-eabi/12.3.1/../../../../arm-none-eabi/lib/thumb/v7e-m+dp/hard\libc_nano.a(libc_a-init.o)
 .ARM.attributes
                0x000006e5       0x32 C:/ST/STM32CubeIDE_1.17.0/STM32CubeIDE/plugins/com.st.stm32cube.ide.mcu.externaltools.gnu-tools-for-stm32.12.3.rel1.win32_1.1.0.202410251130/tools/bin/../lib/gcc/arm-none-eabi/12.3.1/../../../../arm-none-eabi/lib/thumb/v7e-m+dp/hard\libc_nano.a(libc_a-lock.o)
 .ARM.attributes
                0x00000717       0x32 C:/ST/STM32CubeIDE_1.17.0/STM32CubeIDE/plugins/com.st.stm32cube.ide.mcu.externaltools.gnu-tools-for-stm32.12.3.rel1.win32_1.1.0.202410251130/tools/bin/../lib/gcc/arm-none-eabi/12.3.1/../../../../arm-none-eabi/lib/thumb/v7e-m+dp/hard\libc_nano.a(libc_a-memcpy-stub.o)
 .ARM.attributes
                0x00000749       0x32 C:/ST/STM32CubeIDE_1.17.0/STM32CubeIDE/plugins/com.st.stm32cube.ide.mcu.externaltools.gnu-tools-for-stm32.12.3.rel1.win32_1.1.0.202410251130/tools/bin/../lib/gcc/arm-none-eabi/12.3.1/../../../../arm-none-eabi/lib/thumb/v7e-m+dp/hard\libc_nano.a(libc_a-freer.o)
 .ARM.attributes
                0x0000077b       0x32 C:/ST/STM32CubeIDE_1.17.0/STM32CubeIDE/plugins/com.st.stm32cube.ide.mcu.externaltools.gnu-tools-for-stm32.12.3.rel1.win32_1.1.0.202410251130/tools/bin/../lib/gcc/arm-none-eabi/12.3.1/../../../../arm-none-eabi/lib/thumb/v7e-m+dp/hard\libc_nano.a(libc_a-mallocr.o)
 .ARM.attributes
                0x000007ad       0x32 C:/ST/STM32CubeIDE_1.17.0/STM32CubeIDE/plugins/com.st.stm32cube.ide.mcu.externaltools.gnu-tools-for-stm32.12.3.rel1.win32_1.1.0.202410251130/tools/bin/../lib/gcc/arm-none-eabi/12.3.1/../../../../arm-none-eabi/lib/thumb/v7e-m+dp/hard\libc_nano.a(libc_a-mlock.o)
 .ARM.attributes
                0x000007df       0x32 C:/ST/STM32CubeIDE_1.17.0/STM32CubeIDE/plugins/com.st.stm32cube.ide.mcu.externaltools.gnu-tools-for-stm32.12.3.rel1.win32_1.1.0.202410251130/tools/bin/../lib/gcc/arm-none-eabi/12.3.1/../../../../arm-none-eabi/lib/thumb/v7e-m+dp/hard\libc_nano.a(libc_a-fflush.o)
 .ARM.attributes
                0x00000811       0x32 C:/ST/STM32CubeIDE_1.17.0/STM32CubeIDE/plugins/com.st.stm32cube.ide.mcu.externaltools.gnu-tools-for-stm32.12.3.rel1.win32_1.1.0.202410251130/tools/bin/../lib/gcc/arm-none-eabi/12.3.1/../../../../arm-none-eabi/lib/thumb/v7e-m+dp/hard\libc_nano.a(libc_a-makebuf.o)
 .ARM.attributes
                0x00000843       0x32 C:/ST/STM32CubeIDE_1.17.0/STM32CubeIDE/plugins/com.st.stm32cube.ide.mcu.externaltools.gnu-tools-for-stm32.12.3.rel1.win32_1.1.0.202410251130/tools/bin/../lib/gcc/arm-none-eabi/12.3.1/../../../../arm-none-eabi/lib/thumb/v7e-m+dp/hard\libc_nano.a(libc_a-fstatr.o)
 .ARM.attributes
                0x00000875       0x32 C:/ST/STM32CubeIDE_1.17.0/STM32CubeIDE/plugins/com.st.stm32cube.ide.mcu.externaltools.gnu-tools-for-stm32.12.3.rel1.win32_1.1.0.202410251130/tools/bin/../lib/gcc/arm-none-eabi/12.3.1/../../../../arm-none-eabi/lib/thumb/v7e-m+dp/hard\libc_nano.a(libc_a-isattyr.o)
 .ARM.attributes
                0x000008a7       0x32 C:/ST/STM32CubeIDE_1.17.0/STM32CubeIDE/plugins/com.st.stm32cube.ide.mcu.externaltools.gnu-tools-for-stm32.12.3.rel1.win32_1.1.0.202410251130/tools/bin/../lib/gcc/arm-none-eabi/12.3.1/../../../../arm-none-eabi/lib/thumb/v7e-m+dp/hard\libc_nano.a(libc_a-sbrkr.o)
 .ARM.attributes
                0x000008d9       0x20 C:/ST/STM32CubeIDE_1.17.0/STM32CubeIDE/plugins/com.st.stm32cube.ide.mcu.externaltools.gnu-tools-for-stm32.12.3.rel1.win32_1.1.0.202410251130/tools/bin/../lib/gcc/arm-none-eabi/12.3.1/thumb/v7e-m+dp/hard\libgcc.a(_aeabi_uldivmod.o)
 .ARM.attributes
                0x000008f9       0x32 C:/ST/STM32CubeIDE_1.17.0/STM32CubeIDE/plugins/com.st.stm32cube.ide.mcu.externaltools.gnu-tools-for-stm32.12.3.rel1.win32_1.1.0.202410251130/tools/bin/../lib/gcc/arm-none-eabi/12.3.1/thumb/v7e-m+dp/hard\libgcc.a(_udivmoddi4.o)
 .ARM.attributes
                0x0000092b       0x20 C:/ST/STM32CubeIDE_1.17.0/STM32CubeIDE/plugins/com.st.stm32cube.ide.mcu.externaltools.gnu-tools-for-stm32.12.3.rel1.win32_1.1.0.202410251130/tools/bin/../lib/gcc/arm-none-eabi/12.3.1/thumb/v7e-m+dp/hard\libgcc.a(_dvmd_tls.o)
 .ARM.attributes
                0x0000094b       0x20 C:/ST/STM32CubeIDE_1.17.0/STM32CubeIDE/plugins/com.st.stm32cube.ide.mcu.externaltools.gnu-tools-for-stm32.12.3.rel1.win32_1.1.0.202410251130/tools/bin/../lib/gcc/arm-none-eabi/12.3.1/thumb/v7e-m+dp/hard/crtn.o
OUTPUT(protobuffer.elf elf32-littlearm)
LOAD linker stubs
LOAD C:/ST/STM32CubeIDE_1.17.0/STM32CubeIDE/plugins/com.st.stm32cube.ide.mcu.externaltools.gnu-tools-for-stm32.12.3.rel1.win32_1.1.0.202410251130/tools/bin/../lib/gcc/arm-none-eabi/12.3.1/../../../../arm-none-eabi/lib/thumb/v7e-m+dp/hard\libc.a
LOAD C:/ST/STM32CubeIDE_1.17.0/STM32CubeIDE/plugins/com.st.stm32cube.ide.mcu.externaltools.gnu-tools-for-stm32.12.3.rel1.win32_1.1.0.202410251130/tools/bin/../lib/gcc/arm-none-eabi/12.3.1/../../../../arm-none-eabi/lib/thumb/v7e-m+dp/hard\libm.a
LOAD C:/ST/STM32CubeIDE_1.17.0/STM32CubeIDE/plugins/com.st.stm32cube.ide.mcu.externaltools.gnu-tools-for-stm32.12.3.rel1.win32_1.1.0.202410251130/tools/bin/../lib/gcc/arm-none-eabi/12.3.1/thumb/v7e-m+dp/hard\libgcc.a

.debug_info     0x00000000    0x13141
 .debug_info    0x00000000      0x34d ./Core/Src/led_blink.pb.o
 .debug_info    0x0000034d     0x1732 ./Core/Src/main.o
 .debug_info    0x00001a7f      0x8be ./Core/Src/pb_common.o
 .debug_info    0x0000233d     0x165a ./Core/Src/pb_decode.o
 .debug_info    0x00003997     0x1425 ./Core/Src/stm32h7xx_hal_msp.o
 .debug_info    0x00004dbc      0x830 ./Core/Src/stm32h7xx_it.o
 .debug_info    0x000055ec      0x6a3 ./Core/Src/syscalls.o
 .debug_info    0x00005c8f      0x168 ./Core/Src/sysmem.o
 .debug_info    0x00005df7      0xd33 ./Core/Src/system_stm32h7xx.o
 .debug_info    0x00006b2a       0x30 ./Core/Startup/startup_stm32h7a3zitxq.o
 .debug_info    0x00006b5a     0x13f1 ./Drivers/STM32H7xx_HAL_Driver/Src/stm32h7xx_hal.o
 .debug_info    0x00007f4b     0x1093 ./Drivers/STM32H7xx_HAL_Driver/Src/stm32h7xx_hal_cortex.o
 .debug_info    0x00008fde      0xb71 ./Drivers/STM32H7xx_HAL_Driver/Src/stm32h7xx_hal_dma.o
 .debug_info    0x00009b4f      0xb3a ./Drivers/STM32H7xx_HAL_Driver/Src/stm32h7xx_hal_gpio.o
 .debug_info    0x0000a689      0xf01 ./Drivers/STM32H7xx_HAL_Driver/Src/stm32h7xx_hal_pwr_ex.o
 .debug_info    0x0000b58a      0xeb0 ./Drivers/STM32H7xx_HAL_Driver/Src/stm32h7xx_hal_rcc.o
 .debug_info    0x0000c43a     0x120c ./Drivers/STM32H7xx_HAL_Driver/Src/stm32h7xx_hal_rcc_ex.o
 .debug_info    0x0000d646     0x4b3c ./Drivers/STM32H7xx_HAL_Driver/Src/stm32h7xx_hal_uart.o
 .debug_info    0x00012182      0xfbf ./Drivers/STM32H7xx_HAL_Driver/Src/stm32h7xx_hal_uart_ex.o

.debug_abbrev   0x00000000     0x2916
 .debug_abbrev  0x00000000      0x11c ./Core/Src/led_blink.pb.o
 .debug_abbrev  0x0000011c      0x31d ./Core/Src/main.o
 .debug_abbrev  0x00000439      0x249 ./Core/Src/pb_common.o
 .debug_abbrev  0x00000682      0x303 ./Core/Src/pb_decode.o
 .debug_abbrev  0x00000985      0x21d ./Core/Src/stm32h7xx_hal_msp.o
 .debug_abbrev  0x00000ba2      0x170 ./Core/Src/stm32h7xx_it.o
 .debug_abbrev  0x00000d12      0x1b6 ./Core/Src/syscalls.o
 .debug_abbrev  0x00000ec8       0xbc ./Core/Src/sysmem.o
 .debug_abbrev  0x00000f84      0x165 ./Core/Src/system_stm32h7xx.o
 .debug_abbrev  0x000010e9       0x24 ./Core/Startup/startup_stm32h7a3zitxq.o
 .debug_abbrev  0x0000110d      0x291 ./Drivers/STM32H7xx_HAL_Driver/Src/stm32h7xx_hal.o
 .debug_abbrev  0x0000139e      0x339 ./Drivers/STM32H7xx_HAL_Driver/Src/stm32h7xx_hal_cortex.o
 .debug_abbrev  0x000016d7      0x248 ./Drivers/STM32H7xx_HAL_Driver/Src/stm32h7xx_hal_dma.o
 .debug_abbrev  0x0000191f      0x201 ./Drivers/STM32H7xx_HAL_Driver/Src/stm32h7xx_hal_gpio.o
 .debug_abbrev  0x00001b20      0x297 ./Drivers/STM32H7xx_HAL_Driver/Src/stm32h7xx_hal_pwr_ex.o
 .debug_abbrev  0x00001db7      0x2c5 ./Drivers/STM32H7xx_HAL_Driver/Src/stm32h7xx_hal_rcc.o
 .debug_abbrev  0x0000207c      0x27a ./Drivers/STM32H7xx_HAL_Driver/Src/stm32h7xx_hal_rcc_ex.o
 .debug_abbrev  0x000022f6      0x34e ./Drivers/STM32H7xx_HAL_Driver/Src/stm32h7xx_hal_uart.o
 .debug_abbrev  0x00002644      0x2d2 ./Drivers/STM32H7xx_HAL_Driver/Src/stm32h7xx_hal_uart_ex.o

.debug_aranges  0x00000000      0xd90
 .debug_aranges
                0x00000000       0x18 ./Core/Src/led_blink.pb.o
 .debug_aranges
                0x00000018       0x58 ./Core/Src/main.o
 .debug_aranges
                0x00000070       0x70 ./Core/Src/pb_common.o
 .debug_aranges
                0x000000e0      0x140 ./Core/Src/pb_decode.o
 .debug_aranges
                0x00000220       0x30 ./Core/Src/stm32h7xx_hal_msp.o
 .debug_aranges
                0x00000250       0x68 ./Core/Src/stm32h7xx_it.o
 .debug_aranges
                0x000002b8       0xa8 ./Core/Src/syscalls.o
 .debug_aranges
                0x00000360       0x20 ./Core/Src/sysmem.o
 .debug_aranges
                0x00000380       0x30 ./Core/Src/system_stm32h7xx.o
 .debug_aranges
                0x000003b0       0x28 ./Core/Startup/startup_stm32h7a3zitxq.o
 .debug_aranges
                0x000003d8      0x1a0 ./Drivers/STM32H7xx_HAL_Driver/Src/stm32h7xx_hal.o
 .debug_aranges
                0x00000578      0x130 ./Drivers/STM32H7xx_HAL_Driver/Src/stm32h7xx_hal_cortex.o
 .debug_aranges
                0x000006a8       0xa0 ./Drivers/STM32H7xx_HAL_Driver/Src/stm32h7xx_hal_dma.o
 .debug_aranges
                0x00000748       0x58 ./Drivers/STM32H7xx_HAL_Driver/Src/stm32h7xx_hal_gpio.o
 .debug_aranges
                0x000007a0      0x188 ./Drivers/STM32H7xx_HAL_Driver/Src/stm32h7xx_hal_pwr_ex.o
 .debug_aranges
                0x00000928       0x88 ./Drivers/STM32H7xx_HAL_Driver/Src/stm32h7xx_hal_rcc.o
 .debug_aranges
                0x000009b0       0xf0 ./Drivers/STM32H7xx_HAL_Driver/Src/stm32h7xx_hal_rcc_ex.o
 .debug_aranges
                0x00000aa0      0x248 ./Drivers/STM32H7xx_HAL_Driver/Src/stm32h7xx_hal_uart.o
 .debug_aranges
                0x00000ce8       0xa8 ./Drivers/STM32H7xx_HAL_Driver/Src/stm32h7xx_hal_uart_ex.o

.debug_macro    0x00000000    0x311a1
 .debug_macro   0x00000000      0x19c ./Core/Src/led_blink.pb.o
 .debug_macro   0x0000019c      0xad2 ./Core/Src/led_blink.pb.o
 .debug_macro   0x00000c6e       0x10 ./Core/Src/led_blink.pb.o
 .debug_macro   0x00000c7e       0x22 ./Core/Src/led_blink.pb.o
 .debug_macro   0x00000ca0       0x8e ./Core/Src/led_blink.pb.o
 .debug_macro   0x00000d2e       0x51 ./Core/Src/led_blink.pb.o
 .debug_macro   0x00000d7f      0x103 ./Core/Src/led_blink.pb.o
 .debug_macro   0x00000e82       0x6a ./Core/Src/led_blink.pb.o
 .debug_macro   0x00000eec      0x1df ./Core/Src/led_blink.pb.o
 .debug_macro   0x000010cb      0x189 ./Core/Src/led_blink.pb.o
 .debug_macro   0x00001254       0x22 ./Core/Src/led_blink.pb.o
 .debug_macro   0x00001276       0x61 ./Core/Src/led_blink.pb.o
 .debug_macro   0x000012d7       0x29 ./Core/Src/led_blink.pb.o
 .debug_macro   0x00001300       0x43 ./Core/Src/led_blink.pb.o
 .debug_macro   0x00001343       0x34 ./Core/Src/led_blink.pb.o
 .debug_macro   0x00001377       0x16 ./Core/Src/led_blink.pb.o
 .debug_macro   0x0000138d       0x43 ./Core/Src/led_blink.pb.o
 .debug_macro   0x000013d0       0x34 ./Core/Src/led_blink.pb.o
 .debug_macro   0x00001404       0x10 ./Core/Src/led_blink.pb.o
 .debug_macro   0x00001414       0x58 ./Core/Src/led_blink.pb.o
 .debug_macro   0x0000146c       0x8e ./Core/Src/led_blink.pb.o
 .debug_macro   0x000014fa       0x1c ./Core/Src/led_blink.pb.o
 .debug_macro   0x00001516      0x177 ./Core/Src/led_blink.pb.o
 .debug_macro   0x0000168d      0x369 ./Core/Src/led_blink.pb.o
 .debug_macro   0x000019f6       0x10 ./Core/Src/led_blink.pb.o
 .debug_macro   0x00001a06       0x35 ./Core/Src/led_blink.pb.o
 .debug_macro   0x00001a3b       0x20 ./Core/Src/led_blink.pb.o
 .debug_macro   0x00001a5b       0x7c ./Core/Src/led_blink.pb.o
 .debug_macro   0x00001ad7       0x17 ./Core/Src/led_blink.pb.o
 .debug_macro   0x00001aee      0x118 ./Core/Src/led_blink.pb.o
 .debug_macro   0x00001c06      0x660 ./Core/Src/led_blink.pb.o
 .debug_macro   0x00002266       0x3a ./Core/Src/led_blink.pb.o
 .debug_macro   0x000022a0      0x389 ./Core/Src/main.o
 .debug_macro   0x00002629      0x232 ./Core/Src/main.o
 .debug_macro   0x0000285b       0x2e ./Core/Src/main.o
 .debug_macro   0x00002889       0x42 ./Core/Src/main.o
 .debug_macro   0x000028cb       0x1c ./Core/Src/main.o
 .debug_macro   0x000028e7       0x22 ./Core/Src/main.o
 .debug_macro   0x00002909       0xfb ./Core/Src/main.o
 .debug_macro   0x00002a04     0x1305 ./Core/Src/main.o
 .debug_macro   0x00003d09      0x11f ./Core/Src/main.o
 .debug_macro   0x00003e28       0x27 ./Core/Src/main.o
 .debug_macro   0x00003e4f    0x1ebe7 ./Core/Src/main.o
 .debug_macro   0x00022a36       0x6d ./Core/Src/main.o
 .debug_macro   0x00022aa3     0x3d80 ./Core/Src/main.o
 .debug_macro   0x00026823      0x19b ./Core/Src/main.o
 .debug_macro   0x000269be       0x5d ./Core/Src/main.o
 .debug_macro   0x00026a1b     0x24ee ./Core/Src/main.o
 .debug_macro   0x00028f09     0x103a ./Core/Src/main.o
 .debug_macro   0x00029f43      0x154 ./Core/Src/main.o
 .debug_macro   0x0002a097      0x114 ./Core/Src/main.o
 .debug_macro   0x0002a1ab      0x3d5 ./Core/Src/main.o
 .debug_macro   0x0002a580       0xac ./Core/Src/main.o
 .debug_macro   0x0002a62c      0x70a ./Core/Src/main.o
 .debug_macro   0x0002ad36      0x20c ./Core/Src/main.o
 .debug_macro   0x0002af42       0x66 ./Core/Src/main.o
 .debug_macro   0x0002afa8      0x3c9 ./Core/Src/main.o
 .debug_macro   0x0002b371      0x3eb ./Core/Src/main.o
 .debug_macro   0x0002b75c      0x275 ./Core/Src/main.o
 .debug_macro   0x0002b9d1      0x6c8 ./Core/Src/main.o
 .debug_macro   0x0002c099      0x520 ./Core/Src/main.o
 .debug_macro   0x0002c5b9       0x58 ./Core/Src/main.o
 .debug_macro   0x0002c611       0x4a ./Core/Src/main.o
 .debug_macro   0x0002c65b      0x22c ./Core/Src/main.o
 .debug_macro   0x0002c887       0x67 ./Core/Src/main.o
 .debug_macro   0x0002c8ee       0xa5 ./Core/Src/main.o
 .debug_macro   0x0002c993      0x1bd ./Core/Src/main.o
 .debug_macro   0x0002cb50      0x2dc ./Core/Src/main.o
 .debug_macro   0x0002ce2c       0x35 ./Core/Src/main.o
 .debug_macro   0x0002ce61      0x693 ./Core/Src/main.o
 .debug_macro   0x0002d4f4       0xa6 ./Core/Src/main.o
 .debug_macro   0x0002d59a      0x5ca ./Core/Src/main.o
 .debug_macro   0x0002db64       0x7c ./Core/Src/main.o
 .debug_macro   0x0002dbe0       0x1c ./Core/Src/main.o
 .debug_macro   0x0002dbfc       0x10 ./Core/Src/main.o
 .debug_macro   0x0002dc0c       0x1c ./Core/Src/main.o
 .debug_macro   0x0002dc28       0x16 ./Core/Src/main.o
 .debug_macro   0x0002dc3e      0x146 ./Core/Src/main.o
 .debug_macro   0x0002dd84       0x16 ./Core/Src/main.o
 .debug_macro   0x0002dd9a       0x22 ./Core/Src/main.o
 .debug_macro   0x0002ddbc       0x3a ./Core/Src/main.o
 .debug_macro   0x0002ddf6      0x197 ./Core/Src/pb_common.o
 .debug_macro   0x0002df8d      0x1bc ./Core/Src/pb_decode.o
 .debug_macro   0x0002e149       0x34 ./Core/Src/pb_decode.o
 .debug_macro   0x0002e17d      0x2a3 ./Core/Src/stm32h7xx_hal_msp.o
 .debug_macro   0x0002e420      0x2ad ./Core/Src/stm32h7xx_it.o
 .debug_macro   0x0002e6cd      0x274 ./Core/Src/syscalls.o
 .debug_macro   0x0002e941       0x5b ./Core/Src/syscalls.o
 .debug_macro   0x0002e99c       0x94 ./Core/Src/syscalls.o
 .debug_macro   0x0002ea30       0x57 ./Core/Src/syscalls.o
 .debug_macro   0x0002ea87       0x10 ./Core/Src/syscalls.o
 .debug_macro   0x0002ea97       0x10 ./Core/Src/syscalls.o
 .debug_macro   0x0002eaa7       0x10 ./Core/Src/syscalls.o
 .debug_macro   0x0002eab7       0x10 ./Core/Src/syscalls.o
 .debug_macro   0x0002eac7       0x1c ./Core/Src/syscalls.o
 .debug_macro   0x0002eae3       0x52 ./Core/Src/syscalls.o
 .debug_macro   0x0002eb35       0x22 ./Core/Src/syscalls.o
 .debug_macro   0x0002eb57       0x10 ./Core/Src/syscalls.o
 .debug_macro   0x0002eb67       0x52 ./Core/Src/syscalls.o
 .debug_macro   0x0002ebb9       0xcf ./Core/Src/syscalls.o
 .debug_macro   0x0002ec88       0x1c ./Core/Src/syscalls.o
 .debug_macro   0x0002eca4       0x3d ./Core/Src/syscalls.o
 .debug_macro   0x0002ece1       0x35 ./Core/Src/syscalls.o
 .debug_macro   0x0002ed16      0x12c ./Core/Src/syscalls.o
 .debug_macro   0x0002ee42       0x16 ./Core/Src/syscalls.o
 .debug_macro   0x0002ee58       0x16 ./Core/Src/syscalls.o
 .debug_macro   0x0002ee6e       0x29 ./Core/Src/syscalls.o
 .debug_macro   0x0002ee97       0x10 ./Core/Src/syscalls.o
 .debug_macro   0x0002eea7      0x242 ./Core/Src/syscalls.o
 .debug_macro   0x0002f0e9       0x10 ./Core/Src/syscalls.o
 .debug_macro   0x0002f0f9      0x18a ./Core/Src/syscalls.o
 .debug_macro   0x0002f283       0x16 ./Core/Src/syscalls.o
 .debug_macro   0x0002f299       0xce ./Core/Src/syscalls.o
 .debug_macro   0x0002f367       0xff ./Core/Src/sysmem.o
 .debug_macro   0x0002f466      0x23c ./Core/Src/sysmem.o
 .debug_macro   0x0002f6a2      0x294 ./Core/Src/system_stm32h7xx.o
 .debug_macro   0x0002f936      0x2be ./Drivers/STM32H7xx_HAL_Driver/Src/stm32h7xx_hal.o
 .debug_macro   0x0002fbf4      0x294 ./Drivers/STM32H7xx_HAL_Driver/Src/stm32h7xx_hal_cortex.o
 .debug_macro   0x0002fe88      0x2e8 ./Drivers/STM32H7xx_HAL_Driver/Src/stm32h7xx_hal_dma.o
 .debug_macro   0x00030170      0x29b ./Drivers/STM32H7xx_HAL_Driver/Src/stm32h7xx_hal_gpio.o
 .debug_macro   0x0003040b      0x2cd ./Drivers/STM32H7xx_HAL_Driver/Src/stm32h7xx_hal_pwr_ex.o
 .debug_macro   0x000306d8      0x2b8 ./Drivers/STM32H7xx_HAL_Driver/Src/stm32h7xx_hal_rcc.o
 .debug_macro   0x00030990      0x2b2 ./Drivers/STM32H7xx_HAL_Driver/Src/stm32h7xx_hal_rcc_ex.o
 .debug_macro   0x00030c42      0x2bf ./Drivers/STM32H7xx_HAL_Driver/Src/stm32h7xx_hal_uart.o
 .debug_macro   0x00030f01      0x2a0 ./Drivers/STM32H7xx_HAL_Driver/Src/stm32h7xx_hal_uart_ex.o

.debug_line     0x00000000    0x1438f
 .debug_line    0x00000000      0x695 ./Core/Src/led_blink.pb.o
 .debug_line    0x00000695      0xc3b ./Core/Src/main.o
 .debug_line    0x000012d0      0xa78 ./Core/Src/pb_common.o
 .debug_line    0x00001d48     0x1876 ./Core/Src/pb_decode.o
 .debug_line    0x000035be      0x90d ./Core/Src/stm32h7xx_hal_msp.o
 .debug_line    0x00003ecb      0x985 ./Core/Src/stm32h7xx_it.o
 .debug_line    0x00004850      0x8a8 ./Core/Src/syscalls.o
 .debug_line    0x000050f8      0x579 ./Core/Src/sysmem.o
 .debug_line    0x00005671      0xa9e ./Core/Src/system_stm32h7xx.o
 .debug_line    0x0000610f       0x7b ./Core/Startup/startup_stm32h7a3zitxq.o
 .debug_line    0x0000618a      0xe68 ./Drivers/STM32H7xx_HAL_Driver/Src/stm32h7xx_hal.o
 .debug_line    0x00006ff2      0xe8a ./Drivers/STM32H7xx_HAL_Driver/Src/stm32h7xx_hal_cortex.o
 .debug_line    0x00007e7c     0x28eb ./Drivers/STM32H7xx_HAL_Driver/Src/stm32h7xx_hal_dma.o
 .debug_line    0x0000a767      0xd33 ./Drivers/STM32H7xx_HAL_Driver/Src/stm32h7xx_hal_gpio.o
 .debug_line    0x0000b49a      0xff2 ./Drivers/STM32H7xx_HAL_Driver/Src/stm32h7xx_hal_pwr_ex.o
 .debug_line    0x0000c48c     0x13b6 ./Drivers/STM32H7xx_HAL_Driver/Src/stm32h7xx_hal_rcc.o
 .debug_line    0x0000d842     0x1ccd ./Drivers/STM32H7xx_HAL_Driver/Src/stm32h7xx_hal_rcc_ex.o
 .debug_line    0x0000f50f     0x3f87 ./Drivers/STM32H7xx_HAL_Driver/Src/stm32h7xx_hal_uart.o
 .debug_line    0x00013496      0xef9 ./Drivers/STM32H7xx_HAL_Driver/Src/stm32h7xx_hal_uart_ex.o

.debug_str      0x00000000   0x13c0cb
 .debug_str     0x00000000     0xc36f ./Core/Src/led_blink.pb.o
                               0xc66e (size before relaxing)
 .debug_str     0x0000c36f   0x12962e ./Core/Src/main.o
                             0x135fb0 (size before relaxing)
 .debug_str     0x0013599d      0x293 ./Core/Src/pb_common.o
                               0xc7a0 (size before relaxing)
 .debug_str     0x00135c30      0x48f ./Core/Src/pb_decode.o
                               0xcd91 (size before relaxing)
 .debug_str     0x001360bf      0xa6f ./Core/Src/stm32h7xx_hal_msp.o
                             0x1309b4 (size before relaxing)
 .debug_str     0x00136b2e       0xef ./Core/Src/stm32h7xx_it.o
                             0x12fbbc (size before relaxing)
 .debug_str     0x00136c1d     0x209a ./Core/Src/syscalls.o
                               0x9921 (size before relaxing)
 .debug_str     0x00138cb7       0x6b ./Core/Src/sysmem.o
                               0x6139 (size before relaxing)
 .debug_str     0x00138d22      0x31b ./Core/Src/system_stm32h7xx.o
                             0x12f91d (size before relaxing)
 .debug_str     0x0013903d       0x45 ./Core/Startup/startup_stm32h7a3zitxq.o
                                 0x86 (size before relaxing)
 .debug_str     0x00139082      0x7e8 ./Drivers/STM32H7xx_HAL_Driver/Src/stm32h7xx_hal.o
                             0x1307b1 (size before relaxing)
 .debug_str     0x0013986a      0x2af ./Drivers/STM32H7xx_HAL_Driver/Src/stm32h7xx_hal_cortex.o
                             0x1301f9 (size before relaxing)
 .debug_str     0x00139b19      0x8f6 ./Drivers/STM32H7xx_HAL_Driver/Src/stm32h7xx_hal_dma.o
                             0x13000c (size before relaxing)
 .debug_str     0x0013a40f       0xec ./Drivers/STM32H7xx_HAL_Driver/Src/stm32h7xx_hal_gpio.o
                             0x12f88e (size before relaxing)
 .debug_str     0x0013a4fb      0x74f ./Drivers/STM32H7xx_HAL_Driver/Src/stm32h7xx_hal_pwr_ex.o
                             0x12fe13 (size before relaxing)
 .debug_str     0x0013ac4a      0x22e ./Drivers/STM32H7xx_HAL_Driver/Src/stm32h7xx_hal_rcc.o
                             0x12fcb6 (size before relaxing)
 .debug_str     0x0013ae78      0x623 ./Drivers/STM32H7xx_HAL_Driver/Src/stm32h7xx_hal_rcc_ex.o
                             0x13014b (size before relaxing)
 .debug_str     0x0013b49b      0x9c3 ./Drivers/STM32H7xx_HAL_Driver/Src/stm32h7xx_hal_uart.o
                             0x1307e6 (size before relaxing)
 .debug_str     0x0013be5e      0x26d ./Drivers/STM32H7xx_HAL_Driver/Src/stm32h7xx_hal_uart_ex.o
                             0x12fd85 (size before relaxing)

.comment        0x00000000       0x43
 .comment       0x00000000       0x43 ./Core/Src/led_blink.pb.o
                                 0x44 (size before relaxing)
 .comment       0x00000043       0x44 ./Core/Src/main.o
 .comment       0x00000043       0x44 ./Core/Src/pb_common.o
 .comment       0x00000043       0x44 ./Core/Src/pb_decode.o
 .comment       0x00000043       0x44 ./Core/Src/stm32h7xx_hal_msp.o
 .comment       0x00000043       0x44 ./Core/Src/stm32h7xx_it.o
 .comment       0x00000043       0x44 ./Core/Src/syscalls.o
 .comment       0x00000043       0x44 ./Core/Src/sysmem.o
 .comment       0x00000043       0x44 ./Core/Src/system_stm32h7xx.o
 .comment       0x00000043       0x44 ./Drivers/STM32H7xx_HAL_Driver/Src/stm32h7xx_hal.o
 .comment       0x00000043       0x44 ./Drivers/STM32H7xx_HAL_Driver/Src/stm32h7xx_hal_cortex.o
 .comment       0x00000043       0x44 ./Drivers/STM32H7xx_HAL_Driver/Src/stm32h7xx_hal_dma.o
 .comment       0x00000043       0x44 ./Drivers/STM32H7xx_HAL_Driver/Src/stm32h7xx_hal_gpio.o
 .comment       0x00000043       0x44 ./Drivers/STM32H7xx_HAL_Driver/Src/stm32h7xx_hal_pwr_ex.o
 .comment       0x00000043       0x44 ./Drivers/STM32H7xx_HAL_Driver/Src/stm32h7xx_hal_rcc.o
 .comment       0x00000043       0x44 ./Drivers/STM32H7xx_HAL_Driver/Src/stm32h7xx_hal_rcc_ex.o
 .comment       0x00000043       0x44 ./Drivers/STM32H7xx_HAL_Driver/Src/stm32h7xx_hal_uart.o
 .comment       0x00000043       0x44 ./Drivers/STM32H7xx_HAL_Driver/Src/stm32h7xx_hal_uart_ex.o

.debug_rnglists
                0x00000000      0xa86
 .debug_rnglists
                0x00000000       0x42 ./Core/Src/main.o
 .debug_rnglists
                0x00000042       0x52 ./Core/Src/pb_common.o
 .debug_rnglists
                0x00000094      0x129 ./Core/Src/pb_decode.o
 .debug_rnglists
                0x000001bd       0x20 ./Core/Src/stm32h7xx_hal_msp.o
 .debug_rnglists
                0x000001dd       0x49 ./Core/Src/stm32h7xx_it.o
 .debug_rnglists
                0x00000226       0x79 ./Core/Src/syscalls.o
 .debug_rnglists
                0x0000029f       0x13 ./Core/Src/sysmem.o
 .debug_rnglists
                0x000002b2       0x21 ./Core/Src/system_stm32h7xx.o
 .debug_rnglists
                0x000002d3       0x19 ./Core/Startup/startup_stm32h7a3zitxq.o
 .debug_rnglists
                0x000002ec      0x137 ./Drivers/STM32H7xx_HAL_Driver/Src/stm32h7xx_hal.o
 .debug_rnglists
                0x00000423       0xe0 ./Drivers/STM32H7xx_HAL_Driver/Src/stm32h7xx_hal_cortex.o
 .debug_rnglists
                0x00000503       0x82 ./Drivers/STM32H7xx_HAL_Driver/Src/stm32h7xx_hal_dma.o
 .debug_rnglists
                0x00000585       0x3f ./Drivers/STM32H7xx_HAL_Driver/Src/stm32h7xx_hal_gpio.o
 .debug_rnglists
                0x000005c4      0x127 ./Drivers/STM32H7xx_HAL_Driver/Src/stm32h7xx_hal_pwr_ex.o
 .debug_rnglists
                0x000006eb       0x68 ./Drivers/STM32H7xx_HAL_Driver/Src/stm32h7xx_hal_rcc.o
 .debug_rnglists
                0x00000753       0xba ./Drivers/STM32H7xx_HAL_Driver/Src/stm32h7xx_hal_rcc_ex.o
 .debug_rnglists
                0x0000080d      0x1fa ./Drivers/STM32H7xx_HAL_Driver/Src/stm32h7xx_hal_uart.o
 .debug_rnglists
                0x00000a07       0x7f ./Drivers/STM32H7xx_HAL_Driver/Src/stm32h7xx_hal_uart_ex.o

.debug_frame    0x00000000     0x3db8
 .debug_frame   0x00000000      0x118 ./Core/Src/main.o
 .debug_frame   0x00000118      0x1a8 ./Core/Src/pb_common.o
 .debug_frame   0x000002c0      0x58c ./Core/Src/pb_decode.o
 .debug_frame   0x0000084c       0x84 ./Core/Src/stm32h7xx_hal_msp.o
 .debug_frame   0x000008d0      0x120 ./Core/Src/stm32h7xx_it.o
 .debug_frame   0x000009f0      0x2ac ./Core/Src/syscalls.o
 .debug_frame   0x00000c9c       0x34 ./Core/Src/sysmem.o
 .debug_frame   0x00000cd0       0x78 ./Core/Src/system_stm32h7xx.o
 .debug_frame   0x00000d48      0x6a8 ./Drivers/STM32H7xx_HAL_Driver/Src/stm32h7xx_hal.o
 .debug_frame   0x000013f0      0x508 ./Drivers/STM32H7xx_HAL_Driver/Src/stm32h7xx_hal_cortex.o
 .debug_frame   0x000018f8      0x2b4 ./Drivers/STM32H7xx_HAL_Driver/Src/stm32h7xx_hal_dma.o
 .debug_frame   0x00001bac      0x14c ./Drivers/STM32H7xx_HAL_Driver/Src/stm32h7xx_hal_gpio.o
 .debug_frame   0x00001cf8      0x660 ./Drivers/STM32H7xx_HAL_Driver/Src/stm32h7xx_hal_pwr_ex.o
 .debug_frame   0x00002358      0x1fc ./Drivers/STM32H7xx_HAL_Driver/Src/stm32h7xx_hal_rcc.o
 .debug_frame   0x00002554      0x3ec ./Drivers/STM32H7xx_HAL_Driver/Src/stm32h7xx_hal_rcc_ex.o
 .debug_frame   0x00002940      0xa94 ./Drivers/STM32H7xx_HAL_Driver/Src/stm32h7xx_hal_uart.o