../Core/Src/pb_decode.c:125:25:pb_readbyte	8	static
../Core/Src/pb_decode.c:171:25:pb_decode_varint32_eof	32	static
../Core/Src/pb_decode.c:69:25:buf_read	8	static
../Core/Src/pb_decode.c:82:18:pb_read	32	static
../Core/Src/pb_decode.c:143:14:pb_istream_from_buffer	8	static
../Core/Src/pb_decode.c:237:18:pb_decode_varint32	0	static
../Core/Src/pb_decode.c:243:18:pb_decode_varint	32	static
../Core/Src/pb_decode.c:291:18:pb_decode_tag	24	static
../Core/Src/pb_decode.c:308:18:pb_skip_field	16	static
../Core/Src/pb_decode.c:362:18:pb_make_string_substream	24	static
../Core/Src/pb_decode.c:377:18:pb_close_string_substream	16	static
../Core/Src/pb_decode.c:1336:6:pb_release	0	static
../Core/Src/pb_decode.c:1346:6:pb_decode_bool	16	static
../Core/Src/pb_decode.c:1356:6:pb_decode_svarint	16	static
../Core/Src/pb_decode.c:1370:6:pb_decode_fixed32	16	static
../Core/Src/pb_decode.c:1393:6:pb_decode_fixed64	16	static
../Core/Src/pb_decode.c:396:25:decode_basic_field	40	static
../Core/Src/pb_decode.c:798:25:decode_field	80	static
../Core/Src/pb_decode.c:951:13:pb_message_set_to_defaults	80	static
../Core/Src/pb_decode.c:990:25:pb_decode_inner	152	static
../Core/Src/pb_decode.c:1154:18:pb_decode_ex	40	static
../Core/Src/pb_decode.c:1182:18:pb_decode	0	static
