../Core/Src/pb_encode.c:53:25:buf_write	8	static
../Core/Src/pb_encode.c:244:25:pb_check_proto3_default_value	48	static
../Core/Src/pb_encode.c:63:14:pb_ostream_from_buffer	8	static
../Core/Src/pb_encode.c:84:18:pb_write	24	static
../Core/Src/pb_encode.c:607:18:pb_encode_varint	40	static
../Core/Src/pb_encode.c:625:18:pb_encode_svarint	0	static
../Core/Src/pb_encode.c:783:25:pb_enc_varint	4	static
../Core/Src/pb_encode.c:637:18:pb_encode_fixed32	0	static
../Core/Src/pb_encode.c:654:18:pb_encode_fixed64	0	static
../Core/Src/pb_encode.c:831:25:pb_enc_fixed	0	static
../Core/Src/pb_encode.c:675:18:pb_encode_tag	0	static
../Core/Src/pb_encode.c:681:6:pb_encode_tag_for_field	0	static
../Core/Src/pb_encode.c:716:18:pb_encode_string	16	static
../Core/Src/pb_encode.c:724:18:pb_encode_submessage	48	static
../Core/Src/pb_encode.c:362:25:encode_basic_field	16	static
../Core/Src/pb_encode.c:418:25:encode_field	56	static
../Core/Src/pb_encode.c:512:18:pb_encode	96	static
../Core/Src/pb_encode.c:557:6:pb_get_encoded_size	40	static
../Core/Src/pb_encode.c:536:18:pb_encode_ex	24	static
